Component: ARM Compiler 5.06 update 3 (build 300) Tool: armlink [4d35c9]

==============================================================================

Section Cross References

    main.o(.text) refers to _printf_pad.o(.text) for _printf_pre_padding
    main.o(.text) refers to _printf_percent.o(.ARM.Collect$$_printf_percent$$00000000) for _printf_percent
    main.o(.text) refers to _printf_x.o(.ARM.Collect$$_printf_percent$$0000000C) for _printf_x
    main.o(.text) refers to _printf_hex_int.o(.text) for _printf_longlong_hex
    main.o(.text) refers to timer.o(.text) for TIM3_Int_Init
    main.o(.text) refers to usart3.o(.text) for uart_init2
    main.o(.text) refers to rt_memclr.o(.text) for __aeabi_memclr
    main.o(.text) refers to gizwits_protocol.o(.text) for gizwitsInit
    main.o(.text) refers to dht11.o(.text) for DHT11_Read_Data
    main.o(.text) refers to noretval__2printf.o(.text) for __2printf
    main.o(.text) refers to delay.o(.text) for delay_init
    main.o(.text) refers to misc.o(.text) for NVIC_PriorityGroupConfig
    main.o(.text) refers to usart.o(.text) for uart_init
    main.o(.text) refers to key.o(.text) for KEY_Init
    main.o(.text) refers to led.o(.text) for LED_Init
    main.o(.text) refers to rt_memcpy_v6.o(.text) for __aeabi_memcpy
    main.o(.text) refers to gizwits_product.o(.bss) for currentDataPoint
    main.o(.text) refers to main.o(.data) for wifi_sta
    system_stm32f10x.o(.text) refers to system_stm32f10x.o(.data) for SystemCoreClock
    led.o(.text) refers to stm32f10x_rcc.o(.text) for RCC_APB2PeriphClockCmd
    led.o(.text) refers to stm32f10x_gpio.o(.text) for GPIO_Init
    key.o(.text) refers to stm32f10x_rcc.o(.text) for RCC_APB2PeriphClockCmd
    key.o(.text) refers to stm32f10x_gpio.o(.text) for GPIO_Init
    key.o(.text) refers to delay.o(.text) for delay_ms
    key.o(.text) refers to key.o(.data) for key_up
    timer.o(.text) refers to stm32f10x_rcc.o(.text) for RCC_APB1PeriphClockCmd
    timer.o(.text) refers to stm32f10x_tim.o(.text) for TIM_TimeBaseInit
    timer.o(.text) refers to misc.o(.text) for NVIC_Init
    timer.o(.text) refers to gizwits_product.o(.text) for gizTimerMs
    usart3.o(.text) refers to stm32f10x_usart.o(.text) for USART_GetITStatus
    usart3.o(.text) refers to gizwits_protocol.o(.text) for gizPutData
    usart3.o(.text) refers to stm32f10x_rcc.o(.text) for RCC_APB2PeriphClockCmd
    usart3.o(.text) refers to stm32f10x_gpio.o(.text) for GPIO_Init
    usart3.o(.text) refers to misc.o(.text) for NVIC_Init
    dht11.o(.text) refers to delay.o(.text) for delay_ms
    dht11.o(.text) refers to stm32f10x_rcc.o(.text) for RCC_APB2PeriphClockCmd
    dht11.o(.text) refers to stm32f10x_gpio.o(.text) for GPIO_Init
    delay.o(.text) refers to misc.o(.text) for SysTick_CLKSourceConfig
    delay.o(.text) refers to system_stm32f10x.o(.data) for SystemCoreClock
    delay.o(.text) refers to delay.o(.data) for fac_us
    usart.o(.text) refers (Special) to use_no_semi_2.o(.text) for __use_no_semihosting
    usart.o(.text) refers to stm32f10x_rcc.o(.text) for RCC_APB2PeriphClockCmd
    usart.o(.text) refers to stm32f10x_gpio.o(.text) for GPIO_Init
    usart.o(.text) refers to misc.o(.text) for NVIC_Init
    usart.o(.text) refers to stm32f10x_usart.o(.text) for USART_Init
    usart.o(.text) refers to usart.o(.data) for USART_RX_STA
    usart.o(.text) refers to usart.o(.bss) for USART_RX_BUF
    usart.o(.bss) refers (Special) to use_no_semi_2.o(.text) for __use_no_semihosting
    usart.o(.data) refers (Special) to use_no_semi_2.o(.text) for __use_no_semihosting
    startup_stm32f10x_hd.o(STACK) refers (Special) to heapauxi.o(.text) for __use_two_region_memory
    startup_stm32f10x_hd.o(HEAP) refers (Special) to heapauxi.o(.text) for __use_two_region_memory
    startup_stm32f10x_hd.o(RESET) refers (Special) to heapauxi.o(.text) for __use_two_region_memory
    startup_stm32f10x_hd.o(RESET) refers to startup_stm32f10x_hd.o(STACK) for __initial_sp
    startup_stm32f10x_hd.o(RESET) refers to startup_stm32f10x_hd.o(.text) for Reset_Handler
    startup_stm32f10x_hd.o(RESET) refers to stm32f10x_it.o(.text) for NMI_Handler
    startup_stm32f10x_hd.o(RESET) refers to timer.o(.text) for TIM3_IRQHandler
    startup_stm32f10x_hd.o(RESET) refers to usart.o(.text) for USART1_IRQHandler
    startup_stm32f10x_hd.o(RESET) refers to usart3.o(.text) for USART2_IRQHandler
    startup_stm32f10x_hd.o(.text) refers (Special) to heapauxi.o(.text) for __use_two_region_memory
    startup_stm32f10x_hd.o(.text) refers to system_stm32f10x.o(.text) for SystemInit
    startup_stm32f10x_hd.o(.text) refers to __main.o(!!!main) for __main
    startup_stm32f10x_hd.o(.text) refers to startup_stm32f10x_hd.o(HEAP) for Heap_Mem
    startup_stm32f10x_hd.o(.text) refers to startup_stm32f10x_hd.o(STACK) for Stack_Mem
    stm32f10x_gpio.o(.text) refers to stm32f10x_rcc.o(.text) for RCC_APB2PeriphResetCmd
    stm32f10x_rcc.o(.text) refers to stm32f10x_rcc.o(.data) for APBAHBPrescTable
[...]
    ../clib/signal.c                         0x00000000   Number         0  defsig_rtmem_inner.o ABSOLUTE
    ../clib/signal.c                         0x00000000   Number         0  defsig_abrt_inner.o ABSOLUTE
    ../clib/signal.c                         0x00000000   Number         0  defsig_fpe_inner.o ABSOLUTE
    ../clib/signal.c                         0x00000000   Number         0  defsig_general.o ABSOLUTE
    ../clib/signal.c                         0x00000000   Number         0  defsig_rtmem_formal.o ABSOLUTE
    ../clib/signal.c                         0x00000000   Number         0  defsig_rtmem_outer.o ABSOLUTE
    ../clib/signal.c                         0x00000000   Number         0  defsig_rtred_inner.o ABSOLUTE
    ../clib/signal.c                         0x00000000   Number         0  defsig_stak_inner.o ABSOLUTE
    ../clib/signal.c                         0x00000000   Number         0  defsig_pvfn_inner.o ABSOLUTE
    ../clib/signal.c                         0x00000000   Number         0  __raise.o ABSOLUTE
    ../clib/signal.c                         0x00000000   Number         0  defsig_cppl_inner.o ABSOLUTE
    ../clib/signal.c                         0x00000000   Number         0  defsig_segv_inner.o ABSOLUTE
    ../clib/signal.c                         0x00000000   Number         0  defsig_other.o ABSOLUTE
    ../clib/signal.s                         0x00000000   Number         0  defsig.o ABSOLUTE
    ../clib/stdio.c                          0x00000000   Number         0  ferror_locked.o ABSOLUTE
    ../clib/stdio.c                          0x00000000   Number         0  ferror.o ABSOLUTE
    ../clib/stdlib.c                         0x00000000   Number         0  exit.o ABSOLUTE
    ../clib/string.c                         0x00000000   Number         0  memcmp.o ABSOLUTE
    ../clib/string.c                         0x00000000   Number         0  strlen.o ABSOLUTE
    ../fplib/faddsub.s                       0x00000000   Number         0  faddsub_clz.o ABSOLUTE
    ../fplib/fdiv.s                          0x00000000   Number         0  fdiv.o ABSOLUTE
    ../fplib/ffixu.s                         0x00000000   Number         0  ffixu.o ABSOLUTE
    ../fplib/fflt.s                          0x00000000   Number         0  fflt_clz.o ABSOLUTE
    ../fplib/fmul.s                          0x00000000   Number         0  fmul.o ABSOLUTE
    ../fplib/fnaninf.s                       0x00000000   Number         0  fnaninf.o ABSOLUTE
    ../fplib/fpinit.s                        0x00000000   Number         0  fpinit.o ABSOLUTE
    ../fplib/fretinf.s                       0x00000000   Number         0  fretinf.o ABSOLUTE
    ../fplib/usenofp.s                       0x00000000   Number         0  usenofp.o ABSOLUTE
    ..\CORE\core_cm3.c                       0x00000000   Number         0  core_cm3.o ABSOLUTE
    ..\CORE\startup_stm32f10x_hd.s           0x00000000   Number         0  startup_stm32f10x_hd.o ABSOLUTE
    ..\HARDWARE\DHT11\dht11.c                0x00000000   Number         0  dht11.o ABSOLUTE
    ..\HARDWARE\KEY\key.c                    0x00000000   Number         0  key.o ABSOLUTE
    ..\HARDWARE\LED\led.c                    0x00000000   Number         0  led.o ABSOLUTE
    ..\HARDWARE\TIMER\timer.c                0x00000000   Number         0  timer.o ABSOLUTE
    ..\HARDWARE\USART3\usart3.c              0x00000000   Number         0  usart3.o ABSOLUTE
    ..\MCU_Common_source\Gizwits\gizwits_product.c 0x00000000   Number         0  gizwits_product.o ABSOLUTE
    ..\MCU_Common_source\Gizwits\gizwits_protocol.c 0x00000000   Number         0  gizwits_protocol.o ABSOLUTE
    ..\MCU_Common_source\Utils\common.c      0x00000000   Number         0  common.o ABSOLUTE
    ..\MCU_Common_source\Utils\dataPointTools.c 0x00000000   Number         0  datapointtools.o ABSOLUTE
    ..\MCU_Common_source\Utils\ringbuffer.c  0x00000000   Number         0  ringbuffer.o ABSOLUTE
    ..\STM32F10x_FWLib\src\misc.c            0x00000000   Number         0  misc.o ABSOLUTE
    ..\STM32F10x_FWLib\src\stm32f10x_gpio.c  0x00000000   Number         0  stm32f10x_gpio.o ABSOLUTE
    ..\STM32F10x_FWLib\src\stm32f10x_rcc.c   0x00000000   Number         0  stm32f10x_rcc.o ABSOLUTE
    ..\STM32F10x_FWLib\src\stm32f10x_tim.c   0x00000000   Number         0  stm32f10x_tim.o ABSOLUTE
    ..\STM32F10x_FWLib\src\stm32f10x_usart.c 0x00000000   Number         0  stm32f10x_usart.o ABSOLUTE
    ..\SYSTEM\delay\delay.c                  0x00000000   Number         0  delay.o ABSOLUTE
    ..\SYSTEM\sys\sys.c                      0x00000000   Number         0  sys.o ABSOLUTE
    ..\SYSTEM\usart\usart.c                  0x00000000   Number         0  usart.o ABSOLUTE
    ..\\CORE\\core_cm3.c                     0x00000000   Number         0  core_cm3.o ABSOLUTE
    ..\\SYSTEM\\sys\\sys.c                   0x00000000   Number         0  sys.o ABSOLUTE
    dc.s                                     0x00000000   Number         0  dc.o ABSOLUTE
    main.c                                   0x00000000   Number         0  main.o ABSOLUTE
    stm32f10x_it.c                           0x00000000   Number         0  stm32f10x_it.o ABSOLUTE
    system_stm32f10x.c                       0x00000000   Number         0  system_stm32f10x.o ABSOLUTE
    RESET                                    0x08000000   Section      304  startup_stm32f10x_hd.o(RESET)
    !!!main                                  0x08000130   Section        8  __main.o(!!!main)
    !!!scatter                               0x08000138   Section       52  __scatter.o(!!!scatter)
    !!handler_copy                           0x0800016c   Section       26  __scatter_copy.o(!!handler_copy)
    !!handler_zi                             0x08000188   Section       28  __scatter_zi.o(!!handler_zi)
    .ARM.Collect$$_printf_percent$$00000000  0x080001a4   Section        0  _printf_percent.o(.ARM.Collect$$_printf_percent$$00000000)
    .ARM.Collect$$_printf_percent$$00000009  0x080001a4   Section        6  _printf_d.o(.ARM.Collect$$_printf_percent$$00000009)
    .ARM.Collect$$_printf_percent$$0000000C  0x080001aa   Section        6  _printf_x.o(.ARM.Collect$$_printf_percent$$0000000C)
    .ARM.Collect$$_printf_percent$$00000017  0x080001b0   Section        4  _printf_percent_end.o(.ARM.Collect$$_printf_percent$$00000017)
    .ARM.Collect$$libinit$$00000000          0x080001b4   Section        2  libinit.o(.ARM.Collect$$libinit$$00000000)
    .ARM.Collect$$libinit$$00000002          0x080001b6   Section        0  libinit2.o(.ARM.Collect$$libinit$$00000002)
    .ARM.Collect$$libinit$$00000004          0x080001b6   Section        0  libinit2.o(.ARM.Collect$$libinit$$00000004)
    .ARM.Collect$$libinit$$0000000A          0x080001b6   Section        0  libinit2.o(.ARM.Collect$$libinit$$0000000A)
    .ARM.Collect$$libinit$$0000000C          0x080001b6   Section        0  libinit2.o(.ARM.Collect$$libinit$$0000000C)
    .ARM.Collect$$libinit$$0000000E          0x080001b6   Section        0  libinit2.o(.ARM.Collect$$libinit$$0000000E)
    .ARM.Collect$$libinit$$0000000F          0x080001b6   Section        6  libinit2.o(.ARM.Collect$$libinit$$0000000F)
    .ARM.Collect$$libinit$$00000011          0x080001bc   Section        0  libinit2.o(.ARM.Collect$$libinit$$00000011)
    .ARM.Collect$$libinit$$00000012          0x080001bc   Section       12  libinit2.o(.ARM.Collect$$libinit$$00000012)
    .ARM.Collect$$libinit$$00000013          0x080001c8   Section        0  libinit2.o(.ARM.Collect$$libinit$$00000013)
    .ARM.Collect$$libinit$$00000015          0x080001c8   Section        0  libinit2.o(.ARM.Collect$$libinit$$00000015)
    .ARM.Collect$$libinit$$00000017          0x080001c8   Section        0  libinit2.o(.ARM.Collect$$libinit$$00000017)
    .ARM.Collect$$libinit$$00000019          0x080001c8   Section        0  libinit2.o(.ARM.Collect$$libinit$$00000019)
    .ARM.Collect$$libinit$$0000001B          0x080001c8   Section        0  libinit2.o(.ARM.Collect$$libinit$$0000001B)
    .ARM.Collect$$libinit$$0000001D          0x080001c8   Section        0  libinit2.o(.ARM.Collect$$libinit$$0000001D)
    .ARM.Collect$$libinit$$0000001F          0x080001c8   Section        0  libinit2.o(.ARM.Collect$$libinit$$0000001F)
    .ARM.Collect$$libinit$$00000021          0x080001c8   Section        0  libinit2.o(.ARM.Collect$$libinit$$00000021)
    .ARM.Collect$$libinit$$00000023          0x080001c8   Section        0  libinit2.o(.ARM.Collect$$libinit$$00000023)
    .ARM.Collect$$libinit$$00000025          0x080001c8   Section        0  libinit2.o(.ARM.Collect$$libinit$$00000025)
    .ARM.Collect$$libinit$$0000002C          0x080001c8   Section        0  libinit2.o(.ARM.Collect$$libinit$$0000002C)
    .ARM.Collect$$libinit$$0000002E          0x080001c8   Section        0  libinit2.o(.ARM.Collect$$libinit$$0000002E)
    .ARM.Collect$$libinit$$00000030          0x080001c8   Section        0  libinit2.o(.ARM.Collect$$libinit$$00000030)
    .ARM.Collect$$libinit$$00000032          0x080001c8   Section        0  libinit2.o(.ARM.Collect$$libinit$$00000032)
    .ARM.Collect$$libinit$$00000033          0x080001c8   Section        2  libinit2.o(.ARM.Collect$$libinit$$00000033)
    .ARM.Collect$$libshutdown$$00000000      0x080001ca   Section        2  libshutdown.o(.ARM.Collect$$libshutdown$$00000000)
    .ARM.Collect$$libshutdown$$00000002      0x080001cc   Section        0  libshutdown2.o(.ARM.Collect$$libshutdown$$00000002)
    .ARM.Collect$$libshutdown$$00000004      0x080001cc   Section        0  libshutdown2.o(.ARM.Collect$$libshutdown$$00000004)
    .ARM.Collect$$libshutdown$$00000007      0x080001cc   Section        0  libshutdown2.o(.ARM.Collect$$libshutdown$$00000007)
    .ARM.Collect$$libshutdown$$0000000A      0x080001cc   Section        0  libshutdown2.o(.ARM.Collect$$libshutdown$$0000000A)
    .ARM.Collect$$libshutdown$$0000000C      0x080001cc   Section        0  libshutdown2.o(.ARM.Collect$$libshutdown$$0000000C)
    .ARM.Collect$$libshutdown$$0000000F      0x080001cc   Section        0  libshutdown2.o(.ARM.Collect$$libshutdown$$0000000F)
    .ARM.Collect$$libshutdown$$00000010      0x080001cc   Section        2  libshutdown2.o(.ARM.Collect$$libshutdown$$00000010)
    .ARM.Collect$$rtentry$$00000000          0x080001ce   Section        0  __rtentry.o(.ARM.Collect$$rtentry$$00000000)
    .ARM.Collect$$rtentry$$00000002          0x080001ce   Section        0  __rtentry2.o(.ARM.Collect$$rtentry$$00000002)
    .ARM.Collect$$rtentry$$00000004          0x080001ce   Section        6  __rtentry4.o(.ARM.Collect$$rtentry$$00000004)
    .ARM.Collect$$rtentry$$00000009          0x080001d4   Section        0  __rtentry2.o(.ARM.Collect$$rtentry$$00000009)
    .ARM.Collect$$rtentry$$0000000A          0x080001d4   Section        4  __rtentry2.o(.ARM.Collect$$rtentry$$0000000A)
    .ARM.Collect$$rtentry$$0000000C          0x080001d8   Section        0  __rtentry2.o(.ARM.Collect$$rtentry$$0000000C)
    .ARM.Collect$$rtentry$$0000000D          0x080001d8   Section        8  __rtentry2.o(.ARM.Collect$$rtentry$$0000000D)
    .ARM.Collect$$rtexit$$00000000           0x080001e0   Section        2  rtexit.o(.ARM.Collect$$rtexit$$00000000)
    .ARM.Collect$$rtexit$$00000002           0x080001e2   Section        0  rtexit2.o(.ARM.Collect$$rtexit$$00000002)
    .ARM.Collect$$rtexit$$00000003           0x080001e2   Section        4  rtexit2.o(.ARM.Collect$$rtexit$$00000003)
    .ARM.Collect$$rtexit$$00000004           0x080001e6   Section        6  rtexit2.o(.ARM.Collect$$rtexit$$00000004)
    .text                                    0x080001ec   Section        0  main.o(.text)
    .text                                    0x08000520   Section        0  stm32f10x_it.o(.text)
    .text                                    0x0800053c   Section        0  system_stm32f10x.o(.text)
    SetSysClockTo72                          0x0800053d   Thumb Code   214  system_stm32f10x.o(.text)
    SetSysClock                              0x08000613   Thumb Code     8  system_stm32f10x.o(.text)
    .text                                    0x0800071c   Section        0  led.o(.text)
    .text                                    0x08000768   Section        0  key.o(.text)
    .text                                    0x08000864   Section        0  timer.o(.text)
    .text                                    0x080008dc   Section        0  usart3.o(.text)
    .text                                    0x08000a50   Section        0  dht11.o(.text)
    .text                                    0x08000be8   Section        0  delay.o(.text)
    .text                                    0x08000cbc   Section        0  usart.o(.text)
    .text                                    0x08000dfc   Section       64  startup_stm32f10x_hd.o(.text)
    .text                                    0x08000e3c   Section        0  misc.o(.text)
    .text                                    0x08000f18   Section        0  stm32f10x_gpio.o(.text)
    .text                                    0x08001274   Section        0  stm32f10x_rcc.o(.text)
    .text                                    0x08001618   Section        0  stm32f10x_tim.o(.text)
    TI4_Config                               0x08001abf   Thumb Code   130  stm32f10x_tim.o(.text)
    TI3_Config                               0x08001b53   Thumb Code   122  stm32f10x_tim.o(.text)
    TI2_Config                               0x08001be7   Thumb Code   130  stm32f10x_tim.o(.text)
    TI1_Config                               0x08001c7b   Thumb Code   108  stm32f10x_tim.o(.text)
    .text                                    0x08002434   Section        0  stm32f10x_usart.o(.text)
    .text                                    0x0800283c   Section        0  gizwits_product.o(.text)
    .text                                    0x08002a78   Section        0  gizwits_protocol.o(.text)
    gizProtocolHeadInit                      0x08002aad   Thumb Code    34  gizwits_protocol.o(.text)
    gizProtocolWaitAck                       0x08002acf   Thumb Code    70  gizwits_protocol.o(.text)
    gizDataPoint2Event                       0x08002b15   Thumb Code    62  gizwits_protocol.o(.text)
    gizCheckReport                           0x08002b53   Thumb Code   168  gizwits_protocol.o(.text)
    gizDataPoints2ReportData                 0x08002bfb   Thumb Code   116  gizwits_protocol.o(.text)
    gizProtocolIssuedProcess                 0x08002c6f   Thumb Code   220  gizwits_protocol.o(.text)
    gizProtocolIssuedDataAck                 0x08002d4b   Thumb Code   230  gizwits_protocol.o(.text)
    gizReportData                            0x08002e31   Thumb Code   668  gizwits_protocol.o(.text)
    gizDevReportPolicy                       0x080030cd   Thumb Code   128  gizwits_protocol.o(.text)
    gizProtocolGetOnePacket                  0x0800314d   Thumb Code   358  gizwits_protocol.o(.text)
    gizProtocolResendData                    0x080032b3   Thumb Code    64  gizwits_protocol.o(.text)
    gizProtocolWaitAckCheck                  0x080032f3   Thumb Code    48  gizwits_protocol.o(.text)
    gizProtocolCommonAck                     0x08003323   Thumb Code    86  gizwits_protocol.o(.text)
    gizProtocolAckHandle                     0x08003379   Thumb Code    94  gizwits_protocol.o(.text)
    gizProtocolGetDeviceInfo                 0x080033d7   Thumb Code   650  gizwits_protocol.o(.text)
    gizProtocolErrorCmd                      0x08003661   Thumb Code    92  gizwits_protocol.o(.text)
    gizProtocolNTP                           0x080036bd   Thumb Code   106  gizwits_protocol.o(.text)
    gizProtocolReboot                        0x08003727   Thumb Code    28  gizwits_protocol.o(.text)
    gizProtocolModuleStatus                  0x08003743   Thumb Code  1368  gizwits_protocol.o(.text)
    gizProtocolModuleInfoHandle              0x08003fe7   Thumb Code    68  gizwits_protocol.o(.text)
    .text                                    0x080044b8   Section        0  common.o(.text)
    isleap                                   0x08004647   Thumb Code    52  common.o(.text)
    get_yeardays                             0x0800467b   Thumb Code    24  common.o(.text)
    .text                                    0x08004850   Section        0  datapointtools.o(.text)
    .text                                    0x08004b9c   Section        0  ringbuffer.o(.text)
    .text                                    0x08004d6a   Section        2  use_no_semi_2.o(.text)
    .text                                    0x08004d6c   Section        0  toupper.o(.text)
    .text                                    0x08004d8c   Section        0  noretval__2printf.o(.text)
    .text                                    0x08004da4   Section        0  _printf_pad.o(.text)
    .text                                    0x08004df4   Section        0  _printf_dec.o(.text)
    .text                                    0x08004e6c   Section        0  _printf_hex_int.o(.text)
    .text                                    0x08004ec4   Section        0  __printf_flags_wp.o(.text)
    .text                                    0x08004ffc   Section        0  memcmp.o(.text)
    .text                                    0x08005054   Section        0  strlen.o(.text)
    .text                                    0x08005092   Section      138  rt_memcpy_v6.o(.text)
    .text                                    0x0800511c   Section      100  rt_memcpy_w.o(.text)
    .text                                    0x08005180   Section       68  rt_memclr.o(.text)
    .text                                    0x080051c4   Section        0  heapauxi.o(.text)
    .text                                    0x080051ca   Section        2  use_no_semi.o(.text)
    .text                                    0x080051cc   Section       16  rt_ctype_table.o(.text)
    .text                                    0x080051dc   Section        0  _printf_intcommon.o(.text)
    .text                                    0x08005290   Section        0  _printf_char_file.o(.text)
    .text                                    0x080052b4   Section       78  rt_memclr_w.o(.text)
    .text                                    0x08005304   Section        8  rt_locale_intlibspace.o(.text)
    .text                                    0x0800530c   Section        0  _printf_char_common.o(.text)
    _printf_input_char                       0x0800530d   Thumb Code    10  _printf_char_common.o(.text)
    .text                                    0x0800533c   Section        0  ferror.o(.text)
    .text                                    0x08005344   Section        8  libspace.o(.text)
    .text                                    0x0800534c   Section       74  sys_stackheap_outer.o(.text)
    .text                                    0x08005396   Section        0  exit.o(.text)
    .text                                    0x080053a8   Section      128  strcmpv7m.o(.text)
    i._is_digit                              0x08005428   Section        0  __printf_wp.o(i._is_digit)
    locale$$code                             0x08005438   Section       44  lc_ctype_c.o(locale$$code)
    x$fpl$fadd                               0x08005464   Section      196  faddsub_clz.o(x$fpl$fadd)
    _fadd1                                   0x08005473   Thumb Code     0  faddsub_clz.o(x$fpl$fadd)
    x$fpl$fdiv                               0x08005528   Section      388  fdiv.o(x$fpl$fdiv)
    _fdiv1                                   0x08005529   Thumb Code     0  fdiv.o(x$fpl$fdiv)
    x$fpl$ffixu                              0x080056ac   Section       62  ffixu.o(x$fpl$ffixu)
    x$fpl$ffltu                              0x080056ec   Section       38  fflt_clz.o(x$fpl$ffltu)
    x$fpl$fmul                               0x08005714   Section      258  fmul.o(x$fpl$fmul)
    x$fpl$fnaninf                            0x08005816   Section      140  fnaninf.o(x$fpl$fnaninf)
    x$fpl$fretinf                            0x080058a2   Section       10  fretinf.o(x$fpl$fretinf)
    x$fpl$fsub                               0x080058ac   Section      234  faddsub_clz.o(x$fpl$fsub)
    _fsub1                                   0x080058bb   Thumb Code     0  faddsub_clz.o(x$fpl$fsub)
    x$fpl$usenofp                            0x08005996   Section        0  usenofp.o(x$fpl$usenofp)
    .constdata                               0x08005998   Section       48  common.o(.constdata)
    .constdata                               0x080059c8   Section       40  _printf_hex_int.o(.constdata)
    uc_hextab                                0x080059c8   Data          20  _printf_hex_int.o(.constdata)
    lc_hextab                                0x080059dc   Data          20  _printf_hex_int.o(.constdata)
    .constdata                               0x080059f0   Section       17  __printf_flags_wp.o(.constdata)
    maptable                                 0x080059f0   Data          17  __printf_flags_wp.o(.constdata)
    locale$$data                             0x08005a24   Section      272  lc_ctype_c.o(locale$$data)
    __lcctype_c_name                         0x08005a28   Data           2  lc_ctype_c.o(locale$$data)
    __lcctype_c_start                        0x08005a30   Data           0  lc_ctype_c.o(locale$$data)
    __lcctype_c_end                          0x08005b34   Data           0  lc_ctype_c.o(locale$$data)
    .data                                    0x20000000   Section       57  main.o(.data)
    t                                        0x20000034   Data           1  main.o(.data)
    temp                                     0x20000035   Data           1  main.o(.data)
    hum                                      0x20000036   Data           1  main.o(.data)
    temp_num                                 0x20000037   Data           1  main.o(.data)
    humi_num                                 0x20000038   Data           1  main.o(.data)
    .data                                    0x2000003c   Section       20  system_stm32f10x.o(.data)
    .data                                    0x20000050   Section        1  key.o(.data)
    key_up                                   0x20000050   Data           1  key.o(.data)
    .data                                    0x20000052   Section        4  delay.o(.data)
    fac_us                                   0x20000052   Data           1  delay.o(.data)
    fac_ms                                   0x20000054   Data           2  delay.o(.data)
    .data                                    0x20000058   Section        6  usart.o(.data)
    .data                                    0x2000005e   Section       20  stm32f10x_rcc.o(.data)
    APBAHBPrescTable                         0x2000005e   Data          16  stm32f10x_rcc.o(.data)
    ADCPrescTable                            0x2000006e   Data           4  stm32f10x_rcc.o(.data)
    .data                                    0x20000074   Section        4  gizwits_product.o(.data)
    timerMsCount                             0x20000074   Data           4  gizwits_product.o(.data)
    .data                                    0x20000078   Section       16  gizwits_protocol.o(.data)
    lastReportTime                           0x20000078   Data           4  gizwits_protocol.o(.data)
    lastRepTime                              0x2000007c   Data           4  gizwits_protocol.o(.data)
    protocolFlag                             0x20000080   Data           1  gizwits_protocol.o(.data)
    protocolCount                            0x20000082   Data           2  gizwits_protocol.o(.data)
    lastData                                 0x20000084   Data           1  gizwits_protocol.o(.data)
    debugCount                               0x20000085   Data           1  gizwits_protocol.o(.data)
    lastStatus                               0x20000086   Data           2  gizwits_protocol.o(.data)
    .bss                                     0x20000088   Section       50  main.o(.bss)
    .bss                                     0x200000ba   Section      200  usart.o(.bss)
    .bss                                     0x20000182   Section       60  gizwits_product.o(.bss)
    .bss                                     0x200001be   Section      734  gizwits_protocol.o(.bss)
    rbBuf                                    0x20000408   Data         148  gizwits_protocol.o(.bss)
    .bss                                     0x2000049c   Section       96  libspace.o(.bss)
    HEAP                                     0x20000500   Section      512  startup_stm32f10x_hd.o(HEAP)
    Heap_Mem                                 0x20000500   Data         512  startup_stm32f10x_hd.o(HEAP)
    STACK                                    0x20000700   Section     4096  startup_stm32f10x_hd.o(STACK)
    Stack_Mem                                0x20000700   Data        4096  startup_stm32f10x_hd.o(STACK)
    __initial_sp                             0x20001700   Data           0  startup_stm32f10x_hd.o(STACK)

    Global Symbols

    Symbol Name                              Value     Ov Type        Size  Object(Section)

    BuildAttributes$$THM_ISAv4$P$D$K$B$S$PE$A:L22UL41UL21$X:L11$S22US41US21$IEEE1$IW$USESV6$~STKCKD$USESV7$~SHL$OSPACE$ROPI$EBA8$UX$STANDARDLIB$REQ8$PRES8$EABIv2 0x00000000   Number         0  anon$$obj.o ABSOLUTE
    __ARM_use_no_argv                        0x00000000   Number         0  main.o ABSOLUTE
    _printf_flags                            0x00000000   Number         0  printf_stubs.o ABSOLUTE
    _printf_return_value                     0x00000000   Number         0  printf_stubs.o ABSOLUTE
    _printf_sizespec                         0x00000000   Number         0  printf_stubs.o ABSOLUTE
    _printf_widthprec                        0x00000000   Number         0  printf_stubs.o ABSOLUTE
    __ARM_exceptions_init                     - Undefined Weak Reference
    __alloca_initialize                       - Undefined Weak Reference
    __arm_preinit_                            - Undefined Weak Reference
    __cpp_initialize__aeabi_                  - Undefined Weak Reference
    __cxa_finalize                            - Undefined Weak Reference
    __sigvec_lookup                           - Undefined Weak Reference
    _atexit_init                              - Undefined Weak Reference
    _call_atexit_fns                          - Undefined Weak Reference
    _clock_init                               - Undefined Weak Reference
    _fp_trap_init                             - Undefined Weak Reference
    _fp_trap_shutdown                         - Undefined Weak Reference
    _get_lc_collate                           - Undefined Weak Reference
    _get_lc_monetary                          - Undefined Weak Reference
    _get_lc_numeric                           - Undefined Weak Reference
    _get_lc_time                              - Undefined Weak Reference
    _getenv_init                              - Undefined Weak Reference
    _handle_redirection                       - Undefined Weak Reference
    _init_alloc                               - Undefined Weak Reference
    _init_user_alloc                          - Undefined Weak Reference
    _initio                                   - Undefined Weak Reference
    _mutex_acquire                            - Undefined Weak Reference
    _mutex_release                            - Undefined Weak Reference
    _printf_truncate_signed                   - Undefined Weak Reference
    _printf_truncate_unsigned                 - Undefined Weak Reference
    _rand_init                                - Undefined Weak Reference
    _signal_finish                            - Undefined Weak Reference
    _signal_init                              - Undefined Weak Reference
    _terminate_alloc                          - Undefined Weak Reference
    _terminate_user_alloc                     - Undefined Weak Reference
    _terminateio                              - Undefined Weak Reference
    __Vectors_Size                           0x00000130   Number         0  startup_stm32f10x_hd.o ABSOLUTE
    __Vectors                                0x08000000   Data           4  startup_stm32f10x_hd.o(RESET)
    __Vectors_End                            0x08000130   Data           0  startup_stm32f10x_hd.o(RESET)
    __main                                   0x08000131   Thumb Code     8  __main.o(!!!main)
    __scatterload                            0x08000139   Thumb Code     0  __scatter.o(!!!scatter)
    __scatterload_rt2                        0x08000139   Thumb Code    44  __scatter.o(!!!scatter)
    __scatterload_rt2_thumb_only             0x08000139   Thumb Code     0  __scatter.o(!!!scatter)
    __scatterload_null                       0x08000147   Thumb Code     0  __scatter.o(!!!scatter)
    __scatterload_copy                       0x0800016d   Thumb Code    26  __scatter_copy.o(!!handler_copy)
    __scatterload_zeroinit                   0x08000189   Thumb Code    28  __scatter_zi.o(!!handler_zi)
    _printf_d                                0x080001a5   Thumb Code     0  _printf_d.o(.ARM.Collect$$_printf_percent$$00000009)
    _printf_percent                          0x080001a5   Thumb Code     0  _printf_percent.o(.ARM.Collect$$_printf_percent$$00000000)
    _printf_x                                0x080001ab   Thumb Code     0  _printf_x.o(.ARM.Collect$$_printf_percent$$0000000C)
    _printf_percent_end                      0x080001b1   Thumb Code     0  _printf_percent_end.o(.ARM.Collect$$_printf_percent$$00000017)
    __rt_lib_init                            0x080001b5   Thumb Code     0  libinit.o(.ARM.Collect$$libinit$$00000000)
    __rt_lib_init_fp_1                       0x080001b7   Thumb Code     0  libinit2.o(.ARM.Collect$$libinit$$00000002)
    __rt_lib_init_heap_1                     0x080001b7   Thumb Code     0  libinit2.o(.ARM.Collect$$libinit$$0000000A)
    __rt_lib_init_lc_common                  0x080001b7   Thumb Code     0  libinit2.o(.ARM.Collect$$libinit$$0000000F)
    __rt_lib_init_preinit_1                  0x080001b7   Thumb Code     0  libinit2.o(.ARM.Collect$$libinit$$00000004)
    __rt_lib_init_rand_1                     0x080001b7   Thumb Code     0  libinit2.o(.ARM.Collect$$libinit$$0000000E)
    __rt_lib_init_user_alloc_1               0x080001b7   Thumb Code     0  libinit2.o(.ARM.Collect$$libinit$$0000000C)
    __rt_lib_init_lc_collate_1               0x080001bd   Thumb Code     0  libinit2.o(.ARM.Collect$$libinit$$00000011)
    __rt_lib_init_lc_ctype_2                 0x080001bd   Thumb Code     0  libinit2.o(.ARM.Collect$$libinit$$00000012)
    __rt_lib_init_alloca_1                   0x080001c9   Thumb Code     0  libinit2.o(.ARM.Collect$$libinit$$0000002E)
    __rt_lib_init_argv_1                     0x080001c9   Thumb Code     0  libinit2.o(.ARM.Collect$$libinit$$0000002C)
    __rt_lib_init_atexit_1                   0x080001c9   Thumb Code     0  libinit2.o(.ARM.Collect$$libinit$$0000001B)
    __rt_lib_init_clock_1                    0x080001c9   Thumb Code     0  libinit2.o(.ARM.Collect$$libinit$$00000021)
    __rt_lib_init_cpp_1                      0x080001c9   Thumb Code     0  libinit2.o(.ARM.Collect$$libinit$$00000032)
    __rt_lib_init_exceptions_1               0x080001c9   Thumb Code     0  libinit2.o(.ARM.Collect$$libinit$$00000030)
    __rt_lib_init_fp_trap_1                  0x080001c9   Thumb Code     0  libinit2.o(.ARM.Collect$$libinit$$0000001F)
    __rt_lib_init_getenv_1                   0x080001c9   Thumb Code     0  libinit2.o(.ARM.Collect$$libinit$$00000023)
    __rt_lib_init_lc_ctype_1                 0x080001c9   Thumb Code     0  libinit2.o(.ARM.Collect$$libinit$$00000013)
    __rt_lib_init_lc_monetary_1              0x080001c9   Thumb Code     0  libinit2.o(.ARM.Collect$$libinit$$00000015)
    __rt_lib_init_lc_numeric_1               0x080001c9   Thumb Code     0  libinit2.o(.ARM.Collect$$libinit$$00000017)
    __rt_lib_init_lc_time_1                  0x080001c9   Thumb Code     0  libinit2.o(.ARM.Collect$$libinit$$00000019)
    __rt_lib_init_return                     0x080001c9   Thumb Code     0  libinit2.o(.ARM.Collect$$libinit$$00000033)
    __rt_lib_init_signal_1                   0x080001c9   Thumb Code     0  libinit2.o(.ARM.Collect$$libinit$$0000001D)
    __rt_lib_init_stdio_1                    0x080001c9   Thumb Code     0  libinit2.o(.ARM.Collect$$libinit$$00000025)
    __rt_lib_shutdown                        0x080001cb   Thumb Code     0  libshutdown.o(.ARM.Collect$$libshutdown$$00000000)
    __rt_lib_shutdown_cpp_1                  0x080001cd   Thumb Code     0  libshutdown2.o(.ARM.Collect$$libshutdown$$00000002)
    __rt_lib_shutdown_fp_trap_1              0x080001cd   Thumb Code     0  libshutdown2.o(.ARM.Collect$$libshutdown$$00000007)
    __rt_lib_shutdown_heap_1                 0x080001cd   Thumb Code     0  libshutdown2.o(.ARM.Collect$$libshutdown$$0000000F)
    __rt_lib_shutdown_return                 0x080001cd   Thumb Code     0  libshutdown2.o(.ARM.Collect$$libshutdown$$00000010)
    __rt_lib_shutdown_signal_1               0x080001cd   Thumb Code     0  libshutdown2.o(.ARM.Collect$$libshutdown$$0000000A)
    __rt_lib_shutdown_stdio_1                0x080001cd   Thumb Code     0  libshutdown2.o(.ARM.Collect$$libshutdown$$00000004)
    __rt_lib_shutdown_user_alloc_1           0x080001cd   Thumb Code     0  libshutdown2.o(.ARM.Collect$$libshutdown$$0000000C)
    __rt_entry                               0x080001cf   Thumb Code     0  __rtentry.o(.ARM.Collect$$rtentry$$00000000)
    __rt_entry_presh_1                       0x080001cf   Thumb Code     0  __rtentry2.o(.ARM.Collect$$rtentry$$00000002)
    __rt_entry_sh                            0x080001cf   Thumb Code     0  __rtentry4.o(.ARM.Collect$$rtentry$$00000004)
    __rt_entry_li                            0x080001d5   Thumb Code     0  __rtentry2.o(.ARM.Collect$$rtentry$$0000000A)
    __rt_entry_postsh_1                      0x080001d5   Thumb Code     0  __rtentry2.o(.ARM.Collect$$rtentry$$00000009)
    __rt_entry_main                          0x080001d9   Thumb Code     0  __rtentry2.o(.ARM.Collect$$rtentry$$0000000D)
    __rt_entry_postli_1                      0x080001d9   Thumb Code     0  __rtentry2.o(.ARM.Collect$$rtentry$$0000000C)
    __rt_exit                                0x080001e1   Thumb Code     0  rtexit.o(.ARM.Collect$$rtexit$$00000000)
    __rt_exit_ls                             0x080001e3   Thumb Code     0  rtexit2.o(.ARM.Collect$$rtexit$$00000003)
    __rt_exit_prels_1                        0x080001e3   Thumb Code     0  rtexit2.o(.ARM.Collect$$rtexit$$00000002)
    __rt_exit_exit                           0x080001e7   Thumb Code     0  rtexit2.o(.ARM.Collect$$rtexit$$00000004)
    Gizwits_Init                             0x080001ed   Thumb Code    34  main.o(.text)
    userHandle                               0x0800020f   Thumb Code   260  main.o(.text)
    main                                     0x08000313   Thumb Code   218  main.o(.text)
    NMI_Handler                              0x08000521   Thumb Code     2  stm32f10x_it.o(.text)
    HardFault_Handler                        0x08000523   Thumb Code     4  stm32f10x_it.o(.text)
    MemManage_Handler                        0x08000527   Thumb Code     4  stm32f10x_it.o(.text)
    BusFault_Handler                         0x0800052b   Thumb Code     4  stm32f10x_it.o(.text)
    UsageFault_Handler                       0x0800052f   Thumb Code     4  stm32f10x_it.o(.text)
    SVC_Handler                              0x08000533   Thumb Code     2  stm32f10x_it.o(.text)
    DebugMon_Handler                         0x08000535   Thumb Code     2  stm32f10x_it.o(.text)
    PendSV_Handler                           0x08000537   Thumb Code     2  stm32f10x_it.o(.text)
    SysTick_Handler                          0x08000539   Thumb Code     2  stm32f10x_it.o(.text)
    SystemInit                               0x0800061b   Thumb Code    78  system_stm32f10x.o(.text)
    SystemCoreClockUpdate                    0x08000669   Thumb Code   142  system_stm32f10x.o(.text)
    LED_Init                                 0x0800071d   Thumb Code    68  led.o(.text)
    KEY_Init                                 0x08000769   Thumb Code    52  key.o(.text)
    KEY_Scan                                 0x0800079d   Thumb Code   188  key.o(.text)
    TIM3_Int_Init                            0x08000865   Thumb Code    90  timer.o(.text)
    TIM3_IRQHandler                          0x080008bf   Thumb Code    26  timer.o(.text)
    USART2_IRQHandler                        0x080008dd   Thumb Code    34  usart3.o(.text)
    usart3_init                              0x080008ff   Thumb Code   166  usart3.o(.text)
    uart_init2                               0x080009a5   Thumb Code   154  usart3.o(.text)
    DHT11_Rst                                0x08000a51   Thumb Code    52  dht11.o(.text)
    DHT11_Check                              0x08000a85   Thumb Code    96  dht11.o(.text)
    DHT11_Read_Bit                           0x08000ae5   Thumb Code    76  dht11.o(.text)
    DHT11_Read_Byte                          0x08000b31   Thumb Code    30  dht11.o(.text)
    DHT11_Read_Data                          0x08000b4f   Thumb Code    88  dht11.o(.text)
    DHT11_Init                               0x08000ba7   Thumb Code    54  dht11.o(.text)
    delay_init                               0x08000be9   Thumb Code    50  delay.o(.text)
    delay_us                                 0x08000c1b   Thumb Code    72  delay.o(.text)
    delay_ms                                 0x08000c63   Thumb Code    72  delay.o(.text)
    _sys_exit                                0x08000cbd   Thumb Code     4  usart.o(.text)
    fputc                                    0x08000cc1   Thumb Code    24  usart.o(.text)
    uart_init                                0x08000cd9   Thumb Code   152  usart.o(.text)
    USART1_IRQHandler                        0x08000d71   Thumb Code   122  usart.o(.text)
    Reset_Handler                            0x08000dfd   Thumb Code     8  startup_stm32f10x_hd.o(.text)
    ADC1_2_IRQHandler                        0x08000e17   Thumb Code     0  startup_stm32f10x_hd.o(.text)
    ADC3_IRQHandler                          0x08000e17   Thumb Code     0  startup_stm32f10x_hd.o(.text)
    CAN1_RX1_IRQHandler                      0x08000e17   Thumb Code     0  startup_stm32f10x_hd.o(.text)
    CAN1_SCE_IRQHandler                      0x08000e17   Thumb Code     0  startup_stm32f10x_hd.o(.text)
    DMA1_Channel1_IRQHandler                 0x08000e17   Thumb Code     0  startup_stm32f10x_hd.o(.text)
    DMA1_Channel2_IRQHandler                 0x08000e17   Thumb Code     0  startup_stm32f10x_hd.o(.text)
    DMA1_Channel3_IRQHandler                 0x08000e17   Thumb Code     0  startup_stm32f10x_hd.o(.text)
    DMA1_Channel4_IRQHandler                 0x08000e17   Thumb Code     0  startup_stm32f10x_hd.o(.text)
    DMA1_Channel5_IRQHandler                 0x08000e17   Thumb Code     0  startup_stm32f10x_hd.o(.text)
    DMA1_Channel6_IRQHandler                 0x08000e17   Thumb Code     0  startup_stm32f10x_hd.o(.text)
    DMA1_Channel7_IRQHandler                 0x08000e17   Thumb Code     0  startup_stm32f10x_hd.o(.text)
    DMA2_Channel1_IRQHandler                 0x08000e17   Thumb Code     0  startup_stm32f10x_hd.o(.text)
    DMA2_Channel2_IRQHandler                 0x08000e17   Thumb Code     0  startup_stm32f10x_hd.o(.text)
    DMA2_Channel3_IRQHandler                 0x08000e17   Thumb Code     0  startup_stm32f10x_hd.o(.text)
    DMA2_Channel4_5_IRQHandler               0x08000e17   Thumb Code     0  startup_stm32f10x_hd.o(.text)
    EXTI0_IRQHandler                         0x08000e17   Thumb Code     0  startup_stm32f10x_hd.o(.text)
    EXTI15_10_IRQHandler                     0x08000e17   Thumb Code     0  startup_stm32f10x_hd.o(.text)
    EXTI1_IRQHandler                         0x08000e17   Thumb Code     0  startup_stm32f10x_hd.o(.text)
    EXTI2_IRQHandler                         0x08000e17   Thumb Code     0  startup_stm32f10x_hd.o(.text)
    EXTI3_IRQHandler                         0x08000e17   Thumb Code     0  startup_stm32f10x_hd.o(.text)
    EXTI4_IRQHandler                         0x08000e17   Thumb Code     0  startup_stm32f10x_hd.o(.text)
    EXTI9_5_IRQHandler                       0x08000e17   Thumb Code     0  startup_stm32f10x_hd.o(.text)
    FLASH_IRQHandler                         0x08000e17   Thumb Code     0  startup_stm32f10x_hd.o(.text)
    FSMC_IRQHandler                          0x08000e17   Thumb Code     0  startup_stm32f10x_hd.o(.text)
    I2C1_ER_IRQHandler                       0x08000e17   Thumb Code     0  startup_stm32f10x_hd.o(.text)
    I2C1_EV_IRQHandler                       0x08000e17   Thumb Code     0  startup_stm32f10x_hd.o(.text)
    I2C2_ER_IRQHandler                       0x08000e17   Thumb Code     0  startup_stm32f10x_hd.o(.text)
    I2C2_EV_IRQHandler                       0x08000e17   Thumb Code     0  startup_stm32f10x_hd.o(.text)
    PVD_IRQHandler                           0x08000e17   Thumb Code     0  startup_stm32f10x_hd.o(.text)
    RCC_IRQHandler                           0x08000e17   Thumb Code     0  startup_stm32f10x_hd.o(.text)
    RTCAlarm_IRQHandler                      0x08000e17   Thumb Code     0  startup_stm32f10x_hd.o(.text)
    RTC_IRQHandler                           0x08000e17   Thumb Code     0  startup_stm32f10x_hd.o(.text)
    SDIO_IRQHandler                          0x08000e17   Thumb Code     0  startup_stm32f10x_hd.o(.text)
    SPI1_IRQHandler                          0x08000e17   Thumb Code     0  startup_stm32f10x_hd.o(.text)
    SPI2_IRQHandler                          0x08000e17   Thumb Code     0  startup_stm32f10x_hd.o(.text)
    SPI3_IRQHandler                          0x08000e17   Thumb Code     0  startup_stm32f10x_hd.o(.text)
    TAMPER_IRQHandler                        0x08000e17   Thumb Code     0  startup_stm32f10x_hd.o(.text)
    TIM1_BRK_IRQHandler                      0x08000e17   Thumb Code     0  startup_stm32f10x_hd.o(.text)
    TIM1_CC_IRQHandler                       0x08000e17   Thumb Code     0  startup_stm32f10x_hd.o(.text)
    TIM1_TRG_COM_IRQHandler                  0x08000e17   Thumb Code     0  startup_stm32f10x_hd.o(.text)
    TIM1_UP_IRQHandler                       0x08000e17   Thumb Code     0  startup_stm32f10x_hd.o(.text)
    TIM2_IRQHandler                          0x08000e17   Thumb Code     0  startup_stm32f10x_hd.o(.text)
    TIM4_IRQHandler                          0x08000e17   Thumb Code     0  startup_stm32f10x_hd.o(.text)
    TIM5_IRQHandler                          0x08000e17   Thumb Code     0  startup_stm32f10x_hd.o(.text)
    TIM6_IRQHandler                          0x08000e17   Thumb Code     0  startup_stm32f10x_hd.o(.text)
    TIM7_IRQHandler                          0x08000e17   Thumb Code     0  startup_stm32f10x_hd.o(.text)
    TIM8_BRK_IRQHandler                      0x08000e17   Thumb Code     0  startup_stm32f10x_hd.o(.text)
    TIM8_CC_IRQHandler                       0x08000e17   Thumb Code     0  startup_stm32f10x_hd.o(.text)
    TIM8_TRG_COM_IRQHandler                  0x08000e17   Thumb Code     0  startup_stm32f10x_hd.o(.text)
    TIM8_UP_IRQHandler                       0x08000e17   Thumb Code     0  startup_stm32f10x_hd.o(.text)
    UART4_IRQHandler                         0x08000e17   Thumb Code     0  startup_stm32f10x_hd.o(.text)
    UART5_IRQHandler                         0x08000e17   Thumb Code     0  startup_stm32f10x_hd.o(.text)
    USART3_IRQHandler                        0x08000e17   Thumb Code     0  startup_stm32f10x_hd.o(.text)
    USBWakeUp_IRQHandler                     0x08000e17   Thumb Code     0  startup_stm32f10x_hd.o(.text)
    USB_HP_CAN1_TX_IRQHandler                0x08000e17   Thumb Code     0  startup_stm32f10x_hd.o(.text)
    USB_LP_CAN1_RX0_IRQHandler               0x08000e17   Thumb Code     0  startup_stm32f10x_hd.o(.text)
    WWDG_IRQHandler                          0x08000e17   Thumb Code     0  startup_stm32f10x_hd.o(.text)
    __user_initial_stackheap                 0x08000e19   Thumb Code     0  startup_stm32f10x_hd.o(.text)
    NVIC_PriorityGroupConfig                 0x08000e3d   Thumb Code    10  misc.o(.text)
    NVIC_Init                                0x08000e47   Thumb Code   100  misc.o(.text)
    NVIC_SetVectorTable                      0x08000eab   Thumb Code    14  misc.o(.text)
    NVIC_SystemLPConfig                      0x08000eb9   Thumb Code    34  misc.o(.text)
    SysTick_CLKSourceConfig                  0x08000edb   Thumb Code    40  misc.o(.text)
    GPIO_DeInit                              0x08000f19   Thumb Code   172  stm32f10x_gpio.o(.text)
    GPIO_AFIODeInit                          0x08000fc5   Thumb Code    20  stm32f10x_gpio.o(.text)
    GPIO_Init                                0x08000fd9   Thumb Code   278  stm32f10x_gpio.o(.text)
    GPIO_StructInit                          0x080010ef   Thumb Code    16  stm32f10x_gpio.o(.text)
    GPIO_ReadInputDataBit                    0x080010ff   Thumb Code    18  stm32f10x_gpio.o(.text)
    GPIO_ReadInputData                       0x08001111   Thumb Code     8  stm32f10x_gpio.o(.text)
    GPIO_ReadOutputDataBit                   0x08001119   Thumb Code    18  stm32f10x_gpio.o(.text)
    GPIO_ReadOutputData                      0x0800112b   Thumb Code     8  stm32f10x_gpio.o(.text)
    GPIO_SetBits                             0x08001133   Thumb Code     4  stm32f10x_gpio.o(.text)
    GPIO_ResetBits                           0x08001137   Thumb Code     4  stm32f10x_gpio.o(.text)
    GPIO_WriteBit                            0x0800113b   Thumb Code    10  stm32f10x_gpio.o(.text)
    GPIO_Write                               0x08001145   Thumb Code     4  stm32f10x_gpio.o(.text)
    GPIO_PinLockConfig                       0x08001149   Thumb Code    18  stm32f10x_gpio.o(.text)
    GPIO_EventOutputConfig                   0x0800115b   Thumb Code    26  stm32f10x_gpio.o(.text)
    GPIO_EventOutputCmd                      0x08001175   Thumb Code     6  stm32f10x_gpio.o(.text)
    GPIO_PinRemapConfig                      0x0800117b   Thumb Code   138  stm32f10x_gpio.o(.text)
    GPIO_EXTILineConfig                      0x08001205   Thumb Code    66  stm32f10x_gpio.o(.text)
    GPIO_ETH_MediaInterfaceConfig            0x08001247   Thumb Code     8  stm32f10x_gpio.o(.text)
    RCC_DeInit                               0x08001275   Thumb Code    64  stm32f10x_rcc.o(.text)
    RCC_HSEConfig                            0x080012b5   Thumb Code    70  stm32f10x_rcc.o(.text)
    RCC_GetFlagStatus                        0x080012fb   Thumb Code    56  stm32f10x_rcc.o(.text)
    RCC_WaitForHSEStartUp                    0x08001333   Thumb Code    56  stm32f10x_rcc.o(.text)
    RCC_AdjustHSICalibrationValue            0x0800136b   Thumb Code    20  stm32f10x_rcc.o(.text)
    RCC_HSICmd                               0x0800137f   Thumb Code     6  stm32f10x_rcc.o(.text)
    RCC_PLLConfig                            0x08001385   Thumb Code    24  stm32f10x_rcc.o(.text)
    RCC_PLLCmd                               0x0800139d   Thumb Code     6  stm32f10x_rcc.o(.text)
    RCC_SYSCLKConfig                         0x080013a3   Thumb Code    18  stm32f10x_rcc.o(.text)
    RCC_GetSYSCLKSource                      0x080013b5   Thumb Code    10  stm32f10x_rcc.o(.text)
    RCC_HCLKConfig                           0x080013bf   Thumb Code    18  stm32f10x_rcc.o(.text)
    RCC_PCLK1Config                          0x080013d1   Thumb Code    18  stm32f10x_rcc.o(.text)
    RCC_PCLK2Config                          0x080013e3   Thumb Code    20  stm32f10x_rcc.o(.text)
    RCC_ITConfig                             0x080013f7   Thumb Code    26  stm32f10x_rcc.o(.text)
    RCC_USBCLKConfig                         0x08001411   Thumb Code     8  stm32f10x_rcc.o(.text)
    RCC_ADCCLKConfig                         0x08001419   Thumb Code    18  stm32f10x_rcc.o(.text)
    RCC_LSEConfig                            0x0800142b   Thumb Code    50  stm32f10x_rcc.o(.text)
    RCC_LSICmd                               0x0800145d   Thumb Code     6  stm32f10x_rcc.o(.text)
    RCC_RTCCLKConfig                         0x08001463   Thumb Code    12  stm32f10x_rcc.o(.text)
    RCC_RTCCLKCmd                            0x0800146f   Thumb Code     8  stm32f10x_rcc.o(.text)
    RCC_GetClocksFreq                        0x08001477   Thumb Code   192  stm32f10x_rcc.o(.text)
    RCC_AHBPeriphClockCmd                    0x08001537   Thumb Code    26  stm32f10x_rcc.o(.text)
    RCC_APB2PeriphClockCmd                   0x08001551   Thumb Code    26  stm32f10x_rcc.o(.text)
    RCC_APB1PeriphClockCmd                   0x0800156b   Thumb Code    26  stm32f10x_rcc.o(.text)
    RCC_APB2PeriphResetCmd                   0x08001585   Thumb Code    26  stm32f10x_rcc.o(.text)
    RCC_APB1PeriphResetCmd                   0x0800159f   Thumb Code    26  stm32f10x_rcc.o(.text)
    RCC_BackupResetCmd                       0x080015b9   Thumb Code     8  stm32f10x_rcc.o(.text)
    RCC_ClockSecuritySystemCmd               0x080015c1   Thumb Code     6  stm32f10x_rcc.o(.text)
    RCC_MCOConfig                            0x080015c7   Thumb Code     6  stm32f10x_rcc.o(.text)
    RCC_ClearFlag                            0x080015cd   Thumb Code    14  stm32f10x_rcc.o(.text)
    RCC_GetITStatus                          0x080015db   Thumb Code    20  stm32f10x_rcc.o(.text)
    RCC_ClearITPendingBit                    0x080015ef   Thumb Code     6  stm32f10x_rcc.o(.text)
    TIM_DeInit                               0x08001619   Thumb Code   424  stm32f10x_tim.o(.text)
    TIM_TimeBaseInit                         0x080017c1   Thumb Code   122  stm32f10x_tim.o(.text)
    TIM_OC1Init                              0x0800183b   Thumb Code   132  stm32f10x_tim.o(.text)
    TIM_OC2Init                              0x080018bf   Thumb Code   154  stm32f10x_tim.o(.text)
    TIM_OC3Init                              0x08001959   Thumb Code   150  stm32f10x_tim.o(.text)
    TIM_OC4Init                              0x080019ef   Thumb Code   182  stm32f10x_tim.o(.text)
    TIM_SetIC4Prescaler                      0x08001aa5   Thumb Code    26  stm32f10x_tim.o(.text)
    TIM_SetIC3Prescaler                      0x08001b41   Thumb Code    18  stm32f10x_tim.o(.text)
    TIM_SetIC2Prescaler                      0x08001bcd   Thumb Code    26  stm32f10x_tim.o(.text)
    TIM_SetIC1Prescaler                      0x08001c69   Thumb Code    18  stm32f10x_tim.o(.text)
    TIM_ICInit                               0x08001ce7   Thumb Code   150  stm32f10x_tim.o(.text)
    TIM_PWMIConfig                           0x08001d7d   Thumb Code   124  stm32f10x_tim.o(.text)
    TIM_BDTRConfig                           0x08001df9   Thumb Code    32  stm32f10x_tim.o(.text)
    TIM_TimeBaseStructInit                   0x08001e19   Thumb Code    18  stm32f10x_tim.o(.text)
    TIM_OCStructInit                         0x08001e2b   Thumb Code    20  stm32f10x_tim.o(.text)
    TIM_ICStructInit                         0x08001e3f   Thumb Code    18  stm32f10x_tim.o(.text)
    TIM_BDTRStructInit                       0x08001e51   Thumb Code    40  stm32f10x_tim.o(.text)
    TIM_Cmd                                  0x08001e79   Thumb Code    24  stm32f10x_tim.o(.text)
    TIM_CtrlPWMOutputs                       0x08001e91   Thumb Code    30  stm32f10x_tim.o(.text)
    TIM_ITConfig                             0x08001eaf   Thumb Code    18  stm32f10x_tim.o(.text)
    TIM_GenerateEvent                        0x08001ec1   Thumb Code     4  stm32f10x_tim.o(.text)
    TIM_DMAConfig                            0x08001ec5   Thumb Code    10  stm32f10x_tim.o(.text)
    TIM_DMACmd                               0x08001ecf   Thumb Code    18  stm32f10x_tim.o(.text)
    TIM_InternalClockConfig                  0x08001ee1   Thumb Code    12  stm32f10x_tim.o(.text)
    TIM_SelectInputTrigger                   0x08001eed   Thumb Code    18  stm32f10x_tim.o(.text)
    TIM_ITRxExternalClockConfig              0x08001eff   Thumb Code    24  stm32f10x_tim.o(.text)
    TIM_TIxExternalClockConfig               0x08001f17   Thumb Code    62  stm32f10x_tim.o(.text)
    TIM_ETRConfig                            0x08001f55   Thumb Code    28  stm32f10x_tim.o(.text)
    TIM_ETRClockMode1Config                  0x08001f71   Thumb Code    54  stm32f10x_tim.o(.text)
    TIM_ETRClockMode2Config                  0x08001fa7   Thumb Code    32  stm32f10x_tim.o(.text)
    TIM_PrescalerConfig                      0x08001fc7   Thumb Code     6  stm32f10x_tim.o(.text)
    TIM_CounterModeConfig                    0x08001fcd   Thumb Code    18  stm32f10x_tim.o(.text)
    TIM_EncoderInterfaceConfig               0x08001fdf   Thumb Code    66  stm32f10x_tim.o(.text)
    TIM_ForcedOC1Config                      0x08002021   Thumb Code    18  stm32f10x_tim.o(.text)
    TIM_ForcedOC2Config                      0x08002033   Thumb Code    26  stm32f10x_tim.o(.text)
    TIM_ForcedOC3Config                      0x0800204d   Thumb Code    18  stm32f10x_tim.o(.text)
    TIM_ForcedOC4Config                      0x0800205f   Thumb Code    26  stm32f10x_tim.o(.text)
    TIM_ARRPreloadConfig                     0x08002079   Thumb Code    24  stm32f10x_tim.o(.text)
    TIM_SelectCOM                            0x08002091   Thumb Code    24  stm32f10x_tim.o(.text)
    TIM_SelectCCDMA                          0x080020a9   Thumb Code    24  stm32f10x_tim.o(.text)
    TIM_CCPreloadControl                     0x080020c1   Thumb Code    24  stm32f10x_tim.o(.text)
    TIM_OC1PreloadConfig                     0x080020d9   Thumb Code    18  stm32f10x_tim.o(.text)
    TIM_OC2PreloadConfig                     0x080020eb   Thumb Code    26  stm32f10x_tim.o(.text)
    TIM_OC3PreloadConfig                     0x08002105   Thumb Code    18  stm32f10x_tim.o(.text)
    TIM_OC4PreloadConfig                     0x08002117   Thumb Code    26  stm32f10x_tim.o(.text)
    TIM_OC1FastConfig                        0x08002131   Thumb Code    18  stm32f10x_tim.o(.text)
    TIM_OC2FastConfig                        0x08002143   Thumb Code    26  stm32f10x_tim.o(.text)
    TIM_OC3FastConfig                        0x0800215d   Thumb Code    18  stm32f10x_tim.o(.text)
    TIM_OC4FastConfig                        0x0800216f   Thumb Code    26  stm32f10x_tim.o(.text)
    TIM_ClearOC1Ref                          0x08002189   Thumb Code    18  stm32f10x_tim.o(.text)
    TIM_ClearOC2Ref                          0x0800219b   Thumb Code    24  stm32f10x_tim.o(.text)
    TIM_ClearOC3Ref                          0x080021b3   Thumb Code    18  stm32f10x_tim.o(.text)
    TIM_ClearOC4Ref                          0x080021c5   Thumb Code    24  stm32f10x_tim.o(.text)
    TIM_OC1PolarityConfig                    0x080021dd   Thumb Code    18  stm32f10x_tim.o(.text)
    TIM_OC1NPolarityConfig                   0x080021ef   Thumb Code    18  stm32f10x_tim.o(.text)
    TIM_OC2PolarityConfig                    0x08002201   Thumb Code    26  stm32f10x_tim.o(.text)
    TIM_OC2NPolarityConfig                   0x0800221b   Thumb Code    26  stm32f10x_tim.o(.text)
    TIM_OC3PolarityConfig                    0x08002235   Thumb Code    26  stm32f10x_tim.o(.text)
    TIM_OC3NPolarityConfig                   0x0800224f   Thumb Code    26  stm32f10x_tim.o(.text)
    TIM_OC4PolarityConfig                    0x08002269   Thumb Code    26  stm32f10x_tim.o(.text)
    TIM_CCxCmd                               0x08002283   Thumb Code    30  stm32f10x_tim.o(.text)
    TIM_CCxNCmd                              0x080022a1   Thumb Code    30  stm32f10x_tim.o(.text)
    TIM_SelectOCxM                           0x080022bf   Thumb Code    82  stm32f10x_tim.o(.text)
    TIM_UpdateDisableConfig                  0x08002311   Thumb Code    24  stm32f10x_tim.o(.text)
    TIM_UpdateRequestConfig                  0x08002329   Thumb Code    24  stm32f10x_tim.o(.text)
    TIM_SelectHallSensor                     0x08002341   Thumb Code    24  stm32f10x_tim.o(.text)
    TIM_SelectOnePulseMode                   0x08002359   Thumb Code    18  stm32f10x_tim.o(.text)
    TIM_SelectOutputTrigger                  0x0800236b   Thumb Code    18  stm32f10x_tim.o(.text)
    TIM_SelectSlaveMode                      0x0800237d   Thumb Code    18  stm32f10x_tim.o(.text)
    TIM_SelectMasterSlaveMode                0x0800238f   Thumb Code    18  stm32f10x_tim.o(.text)
    TIM_SetCounter                           0x080023a1   Thumb Code     4  stm32f10x_tim.o(.text)
    TIM_SetAutoreload                        0x080023a5   Thumb Code     4  stm32f10x_tim.o(.text)
    TIM_SetCompare1                          0x080023a9   Thumb Code     4  stm32f10x_tim.o(.text)
    TIM_SetCompare2                          0x080023ad   Thumb Code     4  stm32f10x_tim.o(.text)
    TIM_SetCompare3                          0x080023b1   Thumb Code     4  stm32f10x_tim.o(.text)
    TIM_SetCompare4                          0x080023b5   Thumb Code     6  stm32f10x_tim.o(.text)
    TIM_SetClockDivision                     0x080023bb   Thumb Code    18  stm32f10x_tim.o(.text)
    TIM_GetCapture1                          0x080023cd   Thumb Code     6  stm32f10x_tim.o(.text)
    TIM_GetCapture2                          0x080023d3   Thumb Code     6  stm32f10x_tim.o(.text)
    TIM_GetCapture3                          0x080023d9   Thumb Code     6  stm32f10x_tim.o(.text)
    TIM_GetCapture4                          0x080023df   Thumb Code     8  stm32f10x_tim.o(.text)
    TIM_GetCounter                           0x080023e7   Thumb Code     6  stm32f10x_tim.o(.text)
    TIM_GetPrescaler                         0x080023ed   Thumb Code     6  stm32f10x_tim.o(.text)
    TIM_GetFlagStatus                        0x080023f3   Thumb Code    18  stm32f10x_tim.o(.text)
    TIM_ClearFlag                            0x08002405   Thumb Code     6  stm32f10x_tim.o(.text)
    TIM_GetITStatus                          0x0800240b   Thumb Code    34  stm32f10x_tim.o(.text)
    TIM_ClearITPendingBit                    0x0800242d   Thumb Code     6  stm32f10x_tim.o(.text)
    USART_DeInit                             0x08002435   Thumb Code   134  stm32f10x_usart.o(.text)
    USART_Init                               0x080024bb   Thumb Code   210  stm32f10x_usart.o(.text)
    USART_StructInit                         0x0800258d   Thumb Code    24  stm32f10x_usart.o(.text)
    USART_ClockInit                          0x080025a5   Thumb Code    34  stm32f10x_usart.o(.text)
    USART_ClockStructInit                    0x080025c7   Thumb Code    12  stm32f10x_usart.o(.text)
    USART_Cmd                                0x080025d3   Thumb Code    24  stm32f10x_usart.o(.text)
    USART_ITConfig                           0x080025eb   Thumb Code    74  stm32f10x_usart.o(.text)
    USART_DMACmd                             0x08002635   Thumb Code    18  stm32f10x_usart.o(.text)
    USART_SetAddress                         0x08002647   Thumb Code    18  stm32f10x_usart.o(.text)
    USART_WakeUpConfig                       0x08002659   Thumb Code    18  stm32f10x_usart.o(.text)
    USART_ReceiverWakeUpCmd                  0x0800266b   Thumb Code    24  stm32f10x_usart.o(.text)
    USART_LINBreakDetectLengthConfig         0x08002683   Thumb Code    18  stm32f10x_usart.o(.text)
    USART_LINCmd                             0x08002695   Thumb Code    24  stm32f10x_usart.o(.text)
    USART_SendData                           0x080026ad   Thumb Code     8  stm32f10x_usart.o(.text)
    USART_ReceiveData                        0x080026b5   Thumb Code    10  stm32f10x_usart.o(.text)
    USART_SendBreak                          0x080026bf   Thumb Code    10  stm32f10x_usart.o(.text)
    USART_SetGuardTime                       0x080026c9   Thumb Code    16  stm32f10x_usart.o(.text)
    USART_SetPrescaler                       0x080026d9   Thumb Code    16  stm32f10x_usart.o(.text)
    USART_SmartCardCmd                       0x080026e9   Thumb Code    24  stm32f10x_usart.o(.text)
    USART_SmartCardNACKCmd                   0x08002701   Thumb Code    24  stm32f10x_usart.o(.text)
    USART_HalfDuplexCmd                      0x08002719   Thumb Code    24  stm32f10x_usart.o(.text)
    USART_OverSampling8Cmd                   0x08002731   Thumb Code    22  stm32f10x_usart.o(.text)
    USART_OneBitMethodCmd                    0x08002747   Thumb Code    24  stm32f10x_usart.o(.text)
    USART_IrDAConfig                         0x0800275f   Thumb Code    18  stm32f10x_usart.o(.text)
    USART_IrDACmd                            0x08002771   Thumb Code    24  stm32f10x_usart.o(.text)
    USART_GetFlagStatus                      0x08002789   Thumb Code    26  stm32f10x_usart.o(.text)
    USART_ClearFlag                          0x080027a3   Thumb Code    18  stm32f10x_usart.o(.text)
    USART_GetITStatus                        0x080027b5   Thumb Code    84  stm32f10x_usart.o(.text)
    USART_ClearITPendingBit                  0x08002809   Thumb Code    52  stm32f10x_usart.o(.text)
    gizwitsEventProcess                      0x0800283d   Thumb Code   220  gizwits_product.o(.text)
    userInit                                 0x08002919   Thumb Code    12  gizwits_product.o(.text)
    gizTimerMs                               0x08002925   Thumb Code    12  gizwits_product.o(.text)
    gizGetTimerCount                         0x08002931   Thumb Code     6  gizwits_product.o(.text)
    mcuRestart                               0x08002937   Thumb Code    38  gizwits_product.o(.text)
    TIMER_IRQ_FUN                            0x0800295d   Thumb Code     8  gizwits_product.o(.text)
    UART_IRQ_FUN                             0x08002965   Thumb Code    16  gizwits_product.o(.text)
    uartWrite                                0x08002975   Thumb Code    82  gizwits_product.o(.text)
    gizPutData                               0x08002a79   Thumb Code    52  gizwits_protocol.o(.text)
    gizwitsInit                              0x08003c9b   Thumb Code    46  gizwits_protocol.o(.text)
    gizwitsSetMode                           0x08003cc9   Thumb Code   604  gizwits_protocol.o(.text)
    gizwitsGetNTP                            0x08003f25   Thumb Code    94  gizwits_protocol.o(.text)
    gizwitsGetModuleInfo                     0x08003f83   Thumb Code   100  gizwits_protocol.o(.text)
    gizwitsHandle                            0x0800402b   Thumb Code   740  gizwits_protocol.o(.text)
    gizwitsPassthroughData                   0x0800430f   Thumb Code   172  gizwits_protocol.o(.text)
    gizProtocolSum                           0x080044b9   Thumb Code    38  common.o(.text)
    exchangeBytes                            0x080044df   Thumb Code    26  common.o(.text)
    exchangeWord                             0x080044f9   Thumb Code    26  common.o(.text)
    char2hex                                 0x08004513   Thumb Code   106  common.o(.text)
    checkStringIsNotZero                     0x0800457d   Thumb Code    46  common.o(.text)
    returnWeekDay                            0x080045ab   Thumb Code   156  common.o(.text)
    returnNtp2Wt                             0x08004693   Thumb Code   274  common.o(.text)
    str2Hex                                  0x080047a5   Thumb Code    80  common.o(.text)
    hex2Str                                  0x080047f5   Thumb Code    82  common.o(.text)
    gizByteOrderExchange                     0x08004851   Thumb Code    50  datapointtools.o(.text)
    gizY2X                                   0x08004883   Thumb Code    14  datapointtools.o(.text)
    gizX2Y                                   0x08004891   Thumb Code    12  datapointtools.o(.text)
    gizY2XFloat                              0x0800489d   Thumb Code    42  datapointtools.o(.text)
    gizX2YFloat                              0x080048c7   Thumb Code    42  datapointtools.o(.text)
    gizAcrossByteJudge                       0x080048f1   Thumb Code    42  datapointtools.o(.text)
    gizVarlenCompressValue                   0x0800491b   Thumb Code   124  datapointtools.o(.text)
    gizVarlenDecompressionValue              0x08004997   Thumb Code   196  datapointtools.o(.text)
    gizStandardDecompressionValue            0x08004a5b   Thumb Code   194  datapointtools.o(.text)
    gizStandardCompressValue                 0x08004b1d   Thumb Code   128  datapointtools.o(.text)
    rbCreate                                 0x08004b9d   Thumb Code    22  ringbuffer.o(.text)
    rbDelete                                 0x08004bb3   Thumb Code    24  ringbuffer.o(.text)
    rbCapacity                               0x08004bcb   Thumb Code    14  ringbuffer.o(.text)
    rbCanRead                                0x08004bd9   Thumb Code    56  ringbuffer.o(.text)
    rbCanWrite                               0x08004c11   Thumb Code    30  ringbuffer.o(.text)
    rbRead                                   0x08004c2f   Thumb Code   162  ringbuffer.o(.text)
    rbWrite                                  0x08004cd1   Thumb Code   154  ringbuffer.o(.text)
    __use_no_semihosting                     0x08004d6b   Thumb Code     2  use_no_semi_2.o(.text)
    toupper                                  0x08004d6d   Thumb Code    30  toupper.o(.text)
    __2printf                                0x08004d8d   Thumb Code    20  noretval__2printf.o(.text)
    _printf_pre_padding                      0x08004da5   Thumb Code    44  _printf_pad.o(.text)
    _printf_post_padding                     0x08004dd1   Thumb Code    34  _printf_pad.o(.text)
    _printf_int_dec                          0x08004df5   Thumb Code   104  _printf_dec.o(.text)
    _printf_int_hex                          0x08004e6d   Thumb Code    84  _printf_hex_int.o(.text)
    _printf_longlong_hex                     0x08004e6d   Thumb Code     0  _printf_hex_int.o(.text)
    __printf                                 0x08004ec5   Thumb Code   308  __printf_flags_wp.o(.text)
    memcmp                                   0x08004ffd   Thumb Code    88  memcmp.o(.text)
    strlen                                   0x08005055   Thumb Code    62  strlen.o(.text)
    __aeabi_memcpy                           0x08005093   Thumb Code     0  rt_memcpy_v6.o(.text)
    __rt_memcpy                              0x08005093   Thumb Code   138  rt_memcpy_v6.o(.text)
    _memcpy_lastbytes                        0x080050f9   Thumb Code     0  rt_memcpy_v6.o(.text)
    __aeabi_memcpy4                          0x0800511d   Thumb Code     0  rt_memcpy_w.o(.text)
    __aeabi_memcpy8                          0x0800511d   Thumb Code     0  rt_memcpy_w.o(.text)
    __rt_memcpy_w                            0x0800511d   Thumb Code   100  rt_memcpy_w.o(.text)
    _memcpy_lastbytes_aligned                0x08005165   Thumb Code     0  rt_memcpy_w.o(.text)
    __aeabi_memclr                           0x08005181   Thumb Code     0  rt_memclr.o(.text)
    __rt_memclr                              0x08005181   Thumb Code    68  rt_memclr.o(.text)
    _memset                                  0x08005185   Thumb Code     0  rt_memclr.o(.text)
    __use_two_region_memory                  0x080051c5   Thumb Code     2  heapauxi.o(.text)
    __rt_heap_escrow$2region                 0x080051c7   Thumb Code     2  heapauxi.o(.text)
    __rt_heap_expand$2region                 0x080051c9   Thumb Code     2  heapauxi.o(.text)
    __I$use$semihosting                      0x080051cb   Thumb Code     0  use_no_semi.o(.text)
    __use_no_semihosting_swi                 0x080051cb   Thumb Code     2  use_no_semi.o(.text)
    __rt_ctype_table                         0x080051cd   Thumb Code    16  rt_ctype_table.o(.text)
    _printf_int_common                       0x080051dd   Thumb Code   178  _printf_intcommon.o(.text)
    _printf_char_file                        0x08005291   Thumb Code    32  _printf_char_file.o(.text)
    __aeabi_memclr4                          0x080052b5   Thumb Code     0  rt_memclr_w.o(.text)
    __aeabi_memclr8                          0x080052b5   Thumb Code     0  rt_memclr_w.o(.text)
    __rt_memclr_w                            0x080052b5   Thumb Code    78  rt_memclr_w.o(.text)
    _memset_w                                0x080052b9   Thumb Code     0  rt_memclr_w.o(.text)
    __rt_locale                              0x08005305   Thumb Code     8  rt_locale_intlibspace.o(.text)
    _printf_char_common                      0x08005317   Thumb Code    32  _printf_char_common.o(.text)
    ferror                                   0x0800533d   Thumb Code     8  ferror.o(.text)
    __user_libspace                          0x08005345   Thumb Code     8  libspace.o(.text)
    __user_perproc_libspace                  0x08005345   Thumb Code     0  libspace.o(.text)
    __user_perthread_libspace                0x08005345   Thumb Code     0  libspace.o(.text)
    __user_setup_stackheap                   0x0800534d   Thumb Code    74  sys_stackheap_outer.o(.text)
    exit                                     0x08005397   Thumb Code    18  exit.o(.text)
    strcmp                                   0x080053a9   Thumb Code   128  strcmpv7m.o(.text)
    _is_digit                                0x08005429   Thumb Code    14  __printf_wp.o(i._is_digit)
    _get_lc_ctype                            0x08005439   Thumb Code    44  lc_ctype_c.o(locale$$code)
    __aeabi_fadd                             0x08005465   Thumb Code     0  faddsub_clz.o(x$fpl$fadd)
    _fadd                                    0x08005465   Thumb Code   196  faddsub_clz.o(x$fpl$fadd)
    __aeabi_fdiv                             0x08005529   Thumb Code     0  fdiv.o(x$fpl$fdiv)
    _fdiv                                    0x08005529   Thumb Code   384  fdiv.o(x$fpl$fdiv)
    __aeabi_f2uiz                            0x080056ad   Thumb Code     0  ffixu.o(x$fpl$ffixu)
    _ffixu                                   0x080056ad   Thumb Code    62  ffixu.o(x$fpl$ffixu)
    __aeabi_ui2f                             0x080056ed   Thumb Code     0  fflt_clz.o(x$fpl$ffltu)
    _ffltu                                   0x080056ed   Thumb Code    38  fflt_clz.o(x$fpl$ffltu)
    __aeabi_fmul                             0x08005715   Thumb Code     0  fmul.o(x$fpl$fmul)
    _fmul                                    0x08005715   Thumb Code   258  fmul.o(x$fpl$fmul)
    __fpl_fnaninf                            0x08005817   Thumb Code   140  fnaninf.o(x$fpl$fnaninf)
    __fpl_fretinf                            0x080058a3   Thumb Code    10  fretinf.o(x$fpl$fretinf)
    __aeabi_fsub                             0x080058ad   Thumb Code     0  faddsub_clz.o(x$fpl$fsub)
    _fsub                                    0x080058ad   Thumb Code   234  faddsub_clz.o(x$fpl$fsub)
    __I$use$fp                               0x08005996   Number         0  usenofp.o(x$fpl$usenofp)
    Region$$Table$$Base                      0x08005a04   Number         0  anon$$obj.o(Region$$Table)
    Region$$Table$$Limit                     0x08005a24   Number         0  anon$$obj.o(Region$$Table)
    __ctype                                  0x08005a31   Data           0  lc_ctype_c.o(locale$$data)
    wifi_sta                                 0x20000000   Data           1  main.o(.data)
    send_buff                                0x20000001   Data          50  main.o(.data)
    read_sta                                 0x20000033   Data           1  main.o(.data)
    SystemCoreClock                          0x2000003c   Data           4  system_stm32f10x.o(.data)
    AHBPrescTable                            0x20000040   Data          16  system_stm32f10x.o(.data)
    __stdout                                 0x20000058   Data           4  usart.o(.data)
    USART_RX_STA                             0x2000005c   Data           2  usart.o(.data)
    read_buff                                0x20000088   Data          50  main.o(.bss)
    USART_RX_BUF                             0x200000ba   Data         200  usart.o(.bss)
    currentDataPoint                         0x20000182   Data          60  gizwits_product.o(.bss)
    gizwitsProtocol                          0x200001be   Data         570  gizwits_protocol.o(.bss)
    pRb                                      0x200003f8   Data          16  gizwits_protocol.o(.bss)
    __libspace_start                         0x2000049c   Data          96  libspace.o(.bss)
    __temporary_stack_top$libspace           0x200004fc   Data           0  libspace.o(.bss)



==============================================================================

Memory Map of the image

  Image Entry point : 0x08000131

  Load Region LR_IROM1 (Base: 0x08000000, Size: 0x00005bbc, Max: 0x00080000, ABSOLUTE)

    Execution Region ER_IROM1 (Base: 0x08000000, Size: 0x00005b34, Max: 0x00080000, ABSOLUTE)

    Base Addr    Size         Type   Attr      Idx    E Section Name        Object

    0x08000000   0x00000130   Data   RO          342    RESET               startup_stm32f10x_hd.o
    0x08000130   0x00000008   Code   RO          564  * !!!main             c_w.l(__main.o)
    0x08000138   0x00000034   Code   RO          773    !!!scatter          c_w.l(__scatter.o)
    0x0800016c   0x0000001a   Code   RO          775    !!handler_copy      c_w.l(__scatter_copy.o)
    0x08000186   0x00000002   PAD
    0x08000188   0x0000001c   Code   RO          777    !!handler_zi        c_w.l(__scatter_zi.o)
    0x080001a4   0x00000000   Code   RO          551    .ARM.Collect$$_printf_percent$$00000000  c_w.l(_printf_percent.o)
    0x080001a4   0x00000006   Code   RO          550    .ARM.Collect$$_printf_percent$$00000009  c_w.l(_printf_d.o)
    0x080001aa   0x00000006   Code   RO          549    .ARM.Collect$$_printf_percent$$0000000C  c_w.l(_printf_x.o)
    0x080001b0   0x00000004   Code   RO          597    .ARM.Collect$$_printf_percent$$00000017  c_w.l(_printf_percent_end.o)
    0x080001b4   0x00000002   Code   RO          650    .ARM.Collect$$libinit$$00000000  c_w.l(libinit.o)
    0x080001b6   0x00000000   Code   RO          652    .ARM.Collect$$libinit$$00000002  c_w.l(libinit2.o)
    0x080001b6   0x00000000   Code   RO          654    .ARM.Collect$$libinit$$00000004  c_w.l(libinit2.o)
    0x080001b6   0x00000000   Code   RO          657    .ARM.Collect$$libinit$$0000000A  c_w.l(libinit2.o)
    0x080001b6   0x00000000   Code   RO          659    .ARM.Collect$$libinit$$0000000C  c_w.l(libinit2.o)
    0x080001b6   0x00000000   Code   RO          661    .ARM.Collect$$libinit$$0000000E  c_w.l(libinit2.o)
    0x080001b6   0x00000006   Code   RO          662    .ARM.Collect$$libinit$$0000000F  c_w.l(libinit2.o)
    0x080001bc   0x00000000   Code   RO          664    .ARM.Collect$$libinit$$00000011  c_w.l(libinit2.o)
    0x080001bc   0x0000000c   Code   RO          665    .ARM.Collect$$libinit$$00000012  c_w.l(libinit2.o)
    0x080001c8   0x00000000   Code   RO          666    .ARM.Collect$$libinit$$00000013  c_w.l(libinit2.o)
    0x080001c8   0x00000000   Code   RO          668    .ARM.Collect$$libinit$$00000015  c_w.l(libinit2.o)
    0x080001c8   0x00000000   Code   RO          670    .ARM.Collect$$libinit$$00000017  c_w.l(libinit2.o)
    0x080001c8   0x00000000   Code   RO          672    .ARM.Collect$$libinit$$00000019  c_w.l(libinit2.o)
    0x080001c8   0x00000000   Code   RO          674    .ARM.Collect$$libinit$$0000001B  c_w.l(libinit2.o)
    0x080001c8   0x00000000   Code   RO          676    .ARM.Collect$$libinit$$0000001D  c_w.l(libinit2.o)
    0x080001c8   0x00000000   Code   RO          678    .ARM.Collect$$libinit$$0000001F  c_w.l(libinit2.o)
    0x080001c8   0x00000000   Code   RO          680    .ARM.Collect$$libinit$$00000021  c_w.l(libinit2.o)
    0x080001c8   0x00000000   Code   RO          682    .ARM.Collect$$libinit$$00000023  c_w.l(libinit2.o)
    0x080001c8   0x00000000   Code   RO          684    .ARM.Collect$$libinit$$00000025  c_w.l(libinit2.o)
    0x080001c8   0x00000000   Code   RO          688    .ARM.Collect$$libinit$$0000002C  c_w.l(libinit2.o)
    0x080001c8   0x00000000   Code   RO          690    .ARM.Collect$$libinit$$0000002E  c_w.l(libinit2.o)
    0x080001c8   0x00000000   Code   RO          692    .ARM.Collect$$libinit$$00000030  c_w.l(libinit2.o)
    0x080001c8   0x00000000   Code   RO          694    .ARM.Collect$$libinit$$00000032  c_w.l(libinit2.o)
    0x080001c8   0x00000002   Code   RO          695    .ARM.Collect$$libinit$$00000033  c_w.l(libinit2.o)
    0x080001ca   0x00000002   Code   RO          723    .ARM.Collect$$libshutdown$$00000000  c_w.l(libshutdown.o)
    0x080001cc   0x00000000   Code   RO          732    .ARM.Collect$$libshutdown$$00000002  c_w.l(libshutdown2.o)
    0x080001cc   0x00000000   Code   RO          734    .ARM.Collect$$libshutdown$$00000004  c_w.l(libshutdown2.o)
    0x080001cc   0x00000000   Code   RO          737    .ARM.Collect$$libshutdown$$00000007  c_w.l(libshutdown2.o)
    0x080001cc   0x00000000   Code   RO          740    .ARM.Collect$$libshutdown$$0000000A  c_w.l(libshutdown2.o)
    0x080001cc   0x00000000   Code   RO          742    .ARM.Collect$$libshutdown$$0000000C  c_w.l(libshutdown2.o)
    0x080001cc   0x00000000   Code   RO          745    .ARM.Collect$$libshutdown$$0000000F  c_w.l(libshutdown2.o)
    0x080001cc   0x00000002   Code   RO          746    .ARM.Collect$$libshutdown$$00000010  c_w.l(libshutdown2.o)
    0x080001ce   0x00000000   Code   RO          590    .ARM.Collect$$rtentry$$00000000  c_w.l(__rtentry.o)
    0x080001ce   0x00000000   Code   RO          606    .ARM.Collect$$rtentry$$00000002  c_w.l(__rtentry2.o)
    0x080001ce   0x00000006   Code   RO          618    .ARM.Collect$$rtentry$$00000004  c_w.l(__rtentry4.o)
    0x080001d4   0x00000000   Code   RO          608    .ARM.Collect$$rtentry$$00000009  c_w.l(__rtentry2.o)
    0x080001d4   0x00000004   Code   RO          609    .ARM.Collect$$rtentry$$0000000A  c_w.l(__rtentry2.o)
    0x080001d8   0x00000000   Code   RO          611    .ARM.Collect$$rtentry$$0000000C  c_w.l(__rtentry2.o)
    0x080001d8   0x00000008   Code   RO          612    .ARM.Collect$$rtentry$$0000000D  c_w.l(__rtentry2.o)
    0x080001e0   0x00000002   Code   RO          696    .ARM.Collect$$rtexit$$00000000  c_w.l(rtexit.o)
    0x080001e2   0x00000000   Code   RO          703    .ARM.Collect$$rtexit$$00000002  c_w.l(rtexit2.o)
    0x080001e2   0x00000004   Code   RO          704    .ARM.Collect$$rtexit$$00000003  c_w.l(rtexit2.o)
    0x080001e6   0x00000006   Code   RO          705    .ARM.Collect$$rtexit$$00000004  c_w.l(rtexit2.o)
    0x080001ec   0x00000334   Code   RO            1    .text               main.o
    0x08000520   0x0000001a   Code   RO          156    .text               stm32f10x_it.o
    0x0800053a   0x00000002   PAD
    0x0800053c   0x000001e0   Code   RO          197    .text               system_stm32f10x.o
    0x0800071c   0x0000004c   Code   RO          215    .text               led.o
    0x08000768   0x000000fc   Code   RO          227    .text               key.o
    0x08000864   0x00000078   Code   RO          240    .text               timer.o
    0x080008dc   0x00000174   Code   RO          252    .text               usart3.o
    0x08000a50   0x00000198   Code   RO          264    .text               dht11.o
    0x08000be8   0x000000d4   Code   RO          276    .text               delay.o
    0x08000cbc   0x00000140   Code   RO          307    .text               usart.o
    0x08000dfc   0x00000040   Code   RO          343    .text               startup_stm32f10x_hd.o
    0x08000e3c   0x000000dc   Code   RO          347    .text               misc.o
    0x08000f18   0x0000035c   Code   RO          359    .text               stm32f10x_gpio.o
    0x08001274   0x000003a4   Code   RO          371    .text               stm32f10x_rcc.o
    0x08001618   0x00000e1a   Code   RO          385    .text               stm32f10x_tim.o
    0x08002432   0x00000002   PAD
    0x08002434   0x00000408   Code   RO          397    .text               stm32f10x_usart.o
    0x0800283c   0x0000023c   Code   RO          409    .text               gizwits_product.o
    0x08002a78   0x00001a40   Code   RO          433    .text               gizwits_protocol.o
    0x080044b8   0x00000398   Code   RO          455    .text               common.o
    0x08004850   0x0000034c   Code   RO          468    .text               datapointtools.o
    0x08004b9c   0x000001ce   Code   RO          480    .text               ringbuffer.o
    0x08004d6a   0x00000002   Code   RO          494    .text               c_w.l(use_no_semi_2.o)
    0x08004d6c   0x0000001e   Code   RO          496    .text               c_w.l(toupper.o)
    0x08004d8a   0x00000002   PAD
    0x08004d8c   0x00000018   Code   RO          500    .text               c_w.l(noretval__2printf.o)
    0x08004da4   0x0000004e   Code   RO          504    .text               c_w.l(_printf_pad.o)
    0x08004df2   0x00000002   PAD
    0x08004df4   0x00000078   Code   RO          506    .text               c_w.l(_printf_dec.o)
    0x08004e6c   0x00000058   Code   RO          511    .text               c_w.l(_printf_hex_int.o)
    0x08004ec4   0x00000138   Code   RO          541    .text               c_w.l(__printf_flags_wp.o)
    0x08004ffc   0x00000058   Code   RO          552    .text               c_w.l(memcmp.o)
    0x08005054   0x0000003e   Code   RO          554    .text               c_w.l(strlen.o)
    0x08005092   0x0000008a   Code   RO          556    .text               c_w.l(rt_memcpy_v6.o)
    0x0800511c   0x00000064   Code   RO          558    .text               c_w.l(rt_memcpy_w.o)
    0x08005180   0x00000044   Code   RO          560    .text               c_w.l(rt_memclr.o)
    0x080051c4   0x00000006   Code   RO          562    .text               c_w.l(heapauxi.o)
    0x080051ca   0x00000002   Code   RO          588    .text               c_w.l(use_no_semi.o)
    0x080051cc   0x00000010   Code   RO          591    .text               c_w.l(rt_ctype_table.o)
    0x080051dc   0x000000b2   Code   RO          593    .text               c_w.l(_printf_intcommon.o)
    0x0800528e   0x00000002   PAD
    0x08005290   0x00000024   Code   RO          595    .text               c_w.l(_printf_char_file.o)
    0x080052b4   0x0000004e   Code   RO          598    .text               c_w.l(rt_memclr_w.o)
    0x08005302   0x00000002   PAD
    0x08005304   0x00000008   Code   RO          623    .text               c_w.l(rt_locale_intlibspace.o)
    0x0800530c   0x00000030   Code   RO          625    .text               c_w.l(_printf_char_common.o)
    0x0800533c   0x00000008   Code   RO          627    .text               c_w.l(ferror.o)
    0x08005344   0x00000008   Code   RO          634    .text               c_w.l(libspace.o)
    0x0800534c   0x0000004a   Code   RO          637    .text               c_w.l(sys_stackheap_outer.o)
    0x08005396   0x00000012   Code   RO          641    .text               c_w.l(exit.o)
    0x080053a8   0x00000080   Code   RO          643    .text               c_w.l(strcmpv7m.o)
    0x08005428   0x0000000e   Code   RO          539    i._is_digit         c_w.l(__printf_wp.o)
    0x08005436   0x00000002   PAD
    0x08005438   0x0000002c   Code   RO          632    locale$$code        c_w.l(lc_ctype_c.o)
    0x08005464   0x000000c4   Code   RO          566    x$fpl$fadd          fz_ws.l(faddsub_clz.o)
    0x08005528   0x00000184   Code   RO          573    x$fpl$fdiv          fz_ws.l(fdiv.o)
    0x080056ac   0x0000003e   Code   RO          576    x$fpl$ffixu         fz_ws.l(ffixu.o)
    0x080056ea   0x00000002   PAD
    0x080056ec   0x00000026   Code   RO          580    x$fpl$ffltu         fz_ws.l(fflt_clz.o)
    0x08005712   0x00000002   PAD
    0x08005714   0x00000102   Code   RO          586    x$fpl$fmul          fz_ws.l(fmul.o)
    0x08005816   0x0000008c   Code   RO          600    x$fpl$fnaninf       fz_ws.l(fnaninf.o)
    0x080058a2   0x0000000a   Code   RO          602    x$fpl$fretinf       fz_ws.l(fretinf.o)
    0x080058ac   0x000000ea   Code   RO          568    x$fpl$fsub          fz_ws.l(faddsub_clz.o)
    0x08005996   0x00000000   Code   RO          604    x$fpl$usenofp       fz_ws.l(usenofp.o)
    0x08005996   0x00000002   PAD
    0x08005998   0x00000030   Data   RO          456    .constdata          common.o
    0x080059c8   0x00000028   Data   RO          512    .constdata          c_w.l(_printf_hex_int.o)
    0x080059f0   0x00000011   Data   RO          542    .constdata          c_w.l(__printf_flags_wp.o)
    0x08005a01   0x00000003   PAD
    0x08005a04   0x00000020   Data   RO          771    Region$$Table       anon$$obj.o
    0x08005a24   0x00000110   Data   RO          631    locale$$data        c_w.l(lc_ctype_c.o)


    Execution Region RW_IRAM1 (Base: 0x20000000, Size: 0x00001700, Max: 0x00010000, ABSOLUTE)

    Base Addr    Size         Type   Attr      Idx    E Section Name        Object

    0x20000000   0x00000039   Data   RW            3    .data               main.o
    0x20000039   0x00000003   PAD
    0x2000003c   0x00000014   Data   RW          198    .data               system_stm32f10x.o
    0x20000050   0x00000001   Data   RW          228    .data               key.o
    0x20000051   0x00000001   PAD
    0x20000052   0x00000004   Data   RW          277    .data               delay.o
    0x20000056   0x00000002   PAD
    0x20000058   0x00000006   Data   RW          309    .data               usart.o
    0x2000005e   0x00000014   Data   RW          372    .data               stm32f10x_rcc.o
    0x20000072   0x00000002   PAD
    0x20000074   0x00000004   Data   RW          411    .data               gizwits_product.o
    0x20000078   0x00000010   Data   RW          435    .data               gizwits_protocol.o
    0x20000088   0x00000032   Zero   RW            2    .bss                main.o
    0x200000ba   0x000000c8   Zero   RW          308    .bss                usart.o
    0x20000182   0x0000003c   Zero   RW          410    .bss                gizwits_product.o
    0x200001be   0x000002de   Zero   RW          434    .bss                gizwits_protocol.o
    0x2000049c   0x00000060   Zero   RW          635    .bss                c_w.l(libspace.o)
    0x200004fc   0x00000004   PAD
    0x20000500   0x00000200   Zero   RW          341    HEAP                startup_stm32f10x_hd.o
    0x20000700   0x00001000   Zero   RW          340    STACK               startup_stm32f10x_hd.o


==============================================================================

Image component sizes


      Code (inc. data)   RO Data    RW Data    ZI Data      Debug   Object Name

       920         10         48          0          0       4381   common.o
       844          0          0          0          0       5506   datapointtools.o
       212         18          0          4          0       1099   delay.o
       408         12          0          0          0       2198   dht11.o
       572        196          0          4         60      18471   gizwits_product.o
      6720       1974          0         16        734      12486   gizwits_protocol.o
       252         12          0          1          0        872   key.o
        76          8          0          0          0        527   led.o
       820        308          0         57         50     264503   main.o
       220         22          0          0          0       1857   misc.o
       462          0          0          0          0       2759   ringbuffer.o
        64         26        304          0       4608        812   startup_stm32f10x_hd.o
       860         38          0          0          0       5789   stm32f10x_gpio.o
        26          0          0          0          0       1210   stm32f10x_it.o
       932         36          0         20          0       8996   stm32f10x_rcc.o
      3610         88          0          0          0      22896   stm32f10x_tim.o
      1032         22          0          0          0       8516   stm32f10x_usart.o
         0          0          0          0          0         32   sys.o
       480         38          0         20          0       1827   system_stm32f10x.o
       120          4          0          0          0        820   timer.o
       320         18          0          6        200       3222   usart.o
       372         18          0          0          0       1275   usart3.o

    ----------------------------------------------------------------------
     19326       2848        384        136       5652     370054   Object Totals
         0          0         32          0          0          0   (incl. Generated)
         4          0          0          8          0          0   (incl. Padding)

    ----------------------------------------------------------------------

      Code (inc. data)   RO Data    RW Data    ZI Data      Debug   Library Member Name

         8          0          0          0          0         68   __main.o
       312          4         17          0          0         92   __printf_flags_wp.o
        14          0          0          0          0         68   __printf_wp.o
         0          0          0          0          0          0   __rtentry.o
        12          0          0          0          0          0   __rtentry2.o
         6          0          0          0          0          0   __rtentry4.o
        52          8          0          0          0          0   __scatter.o
        26          0          0          0          0          0   __scatter_copy.o
        28          0          0          0          0          0   __scatter_zi.o
        48          6          0          0          0         96   _printf_char_common.o
        36          4          0          0          0         80   _printf_char_file.o
         6          0          0          0          0          0   _printf_d.o
       120         16          0          0          0         92   _printf_dec.o
        88          4         40          0          0         88   _printf_hex_int.o
       178          0          0          0          0         88   _printf_intcommon.o
        78          0          0          0          0        108   _printf_pad.o
         0          0          0          0          0          0   _printf_percent.o
         4          0          0          0          0          0   _printf_percent_end.o
         6          0          0          0          0          0   _printf_x.o
        18          0          0          0          0         80   exit.o
         8          0          0          0          0         68   ferror.o
         6          0          0          0          0        152   heapauxi.o
        44         10        272          0          0         76   lc_ctype_c.o
         2          0          0          0          0          0   libinit.o
        20          0          0          0          0          0   libinit2.o
         2          0          0          0          0          0   libshutdown.o
         2          0          0          0          0          0   libshutdown2.o
         8          4          0          0         96         68   libspace.o
        88          0          0          0          0         76   memcmp.o
        24          4          0          0          0         84   noretval__2printf.o
        16          4          0          0          0         76   rt_ctype_table.o
         8          4          0          0          0         68   rt_locale_intlibspace.o
        68          0          0          0          0         68   rt_memclr.o
        78          0          0          0          0         80   rt_memclr_w.o
       138          0          0          0          0         68   rt_memcpy_v6.o
       100          0          0          0          0         80   rt_memcpy_w.o
         2          0          0          0          0          0   rtexit.o
        10          0          0          0          0          0   rtexit2.o
       128          0          0          0          0         68   strcmpv7m.o
        62          0          0          0          0         76   strlen.o
        74          0          0          0          0         80   sys_stackheap_outer.o
        30          0          0          0          0         76   toupper.o
         2          0          0          0          0         68   use_no_semi.o
         2          0          0          0          0         68   use_no_semi_2.o
       430          8          0          0          0        168   faddsub_clz.o
       388         76          0          0          0         96   fdiv.o
        62          4          0          0          0         84   ffixu.o
        38          0          0          0          0         68   fflt_clz.o
       258          4          0          0          0         84   fmul.o
       140          4          0          0          0         84   fnaninf.o
        10          0          0          0          0         68   fretinf.o
         0          0          0          0          0          0   usenofp.o

    ----------------------------------------------------------------------
      3306        164        332          0        100       2912   Library Totals
        18          0          3          0          4          0   (incl. Padding)

    ----------------------------------------------------------------------

      Code (inc. data)   RO Data    RW Data    ZI Data      Debug   Library Name

      1962         68        329          0         96       2260   c_w.l
      1326         96          0          0          0        652   fz_ws.l

    ----------------------------------------------------------------------
      3306        164        332          0        100       2912   Library Totals

    ----------------------------------------------------------------------

==============================================================================


      Code (inc. data)   RO Data    RW Data    ZI Data      Debug   

     22632       3012        716        136       5752     369686   Grand Totals
     22632       3012        716        136       5752     369686   ELF Image Totals
     22632       3012        716        136          0          0   ROM Totals

==============================================================================

    Total RO  Size (Code + RO Data)                23348 (  22.80kB)
    Total RW  Size (RW Data + ZI Data)              5888 (   5.75kB)
    Total ROM Size (Code + RO Data + RW Data)      23484 (  22.93kB)

==============================================================================

