Component: ARM Compiler 5.06 update 3 (build 300) Tool: armlink [4d35c9]

==============================================================================

Section Cross References

    main.o(.text) refers to timer.o(.text) for TIM7_Int_Init
    main.o(.text) refers to usart.o(.text) for uart_init2
    main.o(.text) refers to rt_memclr.o(.text) for __aeabi_memclr
    main.o(.text) refers to gizwits_protocol.o(.text) for gizwitsInit
    main.o(.text) refers to delay.o(.text) for delay_init
    main.o(.text) refers to misc.o(.text) for NVIC_PriorityGroupConfig
    main.o(.text) refers to usart3.o(.text) for usart3_init
    main.o(.text) refers to mq_2.o(.text) for MQ_2
    main.o(.text) refers to key.o(.text) for KEY_Scan
    main.o(.text) refers to __2printf.o(.text) for __2printf
    main.o(.text) refers to main.o(.bss) for currentDataPoint
    system_stm32f10x.o(.text) refers to system_stm32f10x.o(.data) for SystemCoreClock
    dht11.o(.text) refers to delay.o(.text) for delay_ms
    dht11.o(.text) refers to stm32f10x_rcc.o(.text) for RCC_APB2PeriphClockCmd
    dht11.o(.text) refers to stm32f10x_gpio.o(.text) for GPIO_Init
    dht11.o(.text) refers to dht11.o(.data) for humidity
    timer.o(.text) refers to _printf_percent.o(.ARM.Collect$$_printf_percent$$00000000) for _printf_percent
    timer.o(.text) refers to _printf_c.o(.ARM.Collect$$_printf_percent$$00000013) for _printf_c
    timer.o(.text) refers to _printf_str.o(.text) for _printf_str
    timer.o(.text) refers to stm32f10x_rcc.o(.text) for RCC_APB1PeriphClockCmd
    timer.o(.text) refers to stm32f10x_tim.o(.text) for TIM_TimeBaseInit
    timer.o(.text) refers to misc.o(.text) for NVIC_Init
    timer.o(.text) refers to dht11.o(.text) for showDht11Date
    timer.o(.text) refers to mq_2.o(.text) for checkMq_2
    timer.o(.text) refers to __2sprintf.o(.text) for __2sprintf
    timer.o(.text) refers to stm32f10x_gpio.o(.text) for GPIO_PinRemapConfig
    timer.o(.text) refers to gizwits_product.o(.text) for gizTimerMs
    timer.o(.text) refers to usart3.o(.data) for ReceiveState
    timer.o(.text) refers to timer.o(.data) for t
    mq_2.o(.text) refers to stm32f10x_rcc.o(.text) for RCC_APB2PeriphClockCmd
    mq_2.o(.text) refers to stm32f10x_gpio.o(.text) for GPIO_Init
    led.o(.text) refers to stm32f10x_rcc.o(.text) for RCC_APB2PeriphClockCmd
    led.o(.text) refers to stm32f10x_gpio.o(.text) for GPIO_Init
    key.o(.text) refers to stm32f10x_rcc.o(.text) for RCC_APB2PeriphClockCmd
    key.o(.text) refers to stm32f10x_gpio.o(.text) for GPIO_Init
    key.o(.text) refers to delay.o(.text) for delay_ms
    key.o(.text) refers to key.o(.data) for key_up
    delay.o(.text) refers to misc.o(.text) for SysTick_CLKSourceConfig
    delay.o(.text) refers to system_stm32f10x.o(.data) for SystemCoreClock
    delay.o(.text) refers to delay.o(.data) for fac_us
    usart.o(.text) refers (Special) to use_no_semi_2.o(.text) for __use_no_semihosting
    usart.o(.text) refers to stm32f10x_rcc.o(.text) for RCC_APB2PeriphClockCmd
    usart.o(.text) refers to stm32f10x_gpio.o(.text) for GPIO_Init
    usart.o(.text) refers to misc.o(.text) for NVIC_Init
    usart.o(.text) refers to stm32f10x_usart.o(.text) for USART_Init
    usart.o(.text) refers to gizwits_protocol.o(.text) for gizPutData
    usart.o(.text) refers to usart.o(.data) for USART_RX_STA
    usart.o(.text) refers to usart.o(.bss) for USART_RX_BUF
    usart.o(.bss) refers (Special) to use_no_semi_2.o(.text) for __use_no_semihosting
    usart.o(.data) refers (Special) to use_no_semi_2.o(.text) for __use_no_semihosting
    startup_stm32f10x_hd.o(STACK) refers (Special) to heapauxi.o(.text) for __use_two_region_memory
    startup_stm32f10x_hd.o(HEAP) refers (Special) to heapauxi.o(.text) for __use_two_region_memory
    startup_stm32f10x_hd.o(RESET) refers (Special) to heapauxi.o(.text) for __use_two_region_memory
    startup_stm32f10x_hd.o(RESET) refers to startup_stm32f10x_hd.o(STACK) for __initial_sp
    startup_stm32f10x_hd.o(RESET) refers to startup_stm32f10x_hd.o(.text) for Reset_Handler
    startup_stm32f10x_hd.o(RESET) refers to stm32f10x_it.o(.text) for NMI_Handler
    startup_stm32f10x_hd.o(RESET) refers to timer.o(.text) for TIM3_IRQHandler
    startup_stm32f10x_hd.o(RESET) refers to usart.o(.text) for USART1_IRQHandler
    startup_stm32f10x_hd.o(RESET) refers to usart3.o(.text) for USART3_IRQHandler
    startup_stm32f10x_hd.o(.text) refers (Special) to heapauxi.o(.text) for __use_two_region_memory
    startup_stm32f10x_hd.o(.text) refers to system_stm32f10x.o(.text) for SystemInit
    startup_stm32f10x_hd.o(.text) refers to __main.o(!!!main) for __main
    startup_stm32f10x_hd.o(.text) refers to startup_stm32f10x_hd.o(HEAP) for Heap_Mem
    startup_stm32f10x_hd.o(.text) refers to startup_stm32f10x_hd.o(STACK) for Stack_Mem
    stm32f10x_gpio.o(.text) refers to stm32f10x_rcc.o(.text) for RCC_APB2PeriphResetCmd
    stm32f10x_rcc.o(.text) refers to stm32f10x_rcc.o(.data) for APBAHBPrescTable
[...]
    i._is_digit                              0x08006a16   Section        0  __printf_wp.o(i._is_digit)
    locale$$code                             0x08006a24   Section       44  lc_ctype_c.o(locale$$code)
    locale$$code                             0x08006a50   Section       44  lc_numeric_c.o(locale$$code)
    x$fpl$fadd                               0x08006a7c   Section      196  faddsub_clz.o(x$fpl$fadd)
    _fadd1                                   0x08006a8b   Thumb Code     0  faddsub_clz.o(x$fpl$fadd)
    x$fpl$fdiv                               0x08006b40   Section      388  fdiv.o(x$fpl$fdiv)
    _fdiv1                                   0x08006b41   Thumb Code     0  fdiv.o(x$fpl$fdiv)
    x$fpl$ffixu                              0x08006cc4   Section       62  ffixu.o(x$fpl$ffixu)
    x$fpl$ffltu                              0x08006d04   Section       38  fflt_clz.o(x$fpl$ffltu)
    x$fpl$fmul                               0x08006d2c   Section      258  fmul.o(x$fpl$fmul)
    x$fpl$fnaninf                            0x08006e2e   Section      140  fnaninf.o(x$fpl$fnaninf)
    x$fpl$fretinf                            0x08006eba   Section       10  fretinf.o(x$fpl$fretinf)
    x$fpl$fsub                               0x08006ec4   Section      234  faddsub_clz.o(x$fpl$fsub)
    _fsub1                                   0x08006ed3   Thumb Code     0  faddsub_clz.o(x$fpl$fsub)
    x$fpl$printf1                            0x08006fae   Section        4  printf1.o(x$fpl$printf1)
    x$fpl$printf2                            0x08006fb2   Section        4  printf2.o(x$fpl$printf2)
    x$fpl$usenofp                            0x08006fb6   Section        0  usenofp.o(x$fpl$usenofp)
    .constdata                               0x08006fb8   Section       48  common.o(.constdata)
    .constdata                               0x08006fe8   Section       40  _printf_hex_int_ll_ptr.o(.constdata)
    uc_hextab                                0x08006fe8   Data          20  _printf_hex_int_ll_ptr.o(.constdata)
    lc_hextab                                0x08006ffc   Data          20  _printf_hex_int_ll_ptr.o(.constdata)
    .constdata                               0x08007010   Section       17  __printf_flags_ss_wp.o(.constdata)
    maptable                                 0x08007010   Data          17  __printf_flags_ss_wp.o(.constdata)
    .constdata                               0x08007024   Section        8  _printf_wctomb.o(.constdata)
    initial_mbstate                          0x08007024   Data           8  _printf_wctomb.o(.constdata)
    .constdata                               0x0800702c   Section       38  _printf_fp_hex.o(.constdata)
    lc_hextab                                0x0800702c   Data          19  _printf_fp_hex.o(.constdata)
    uc_hextab                                0x0800703f   Data          19  _printf_fp_hex.o(.constdata)
    .constdata                               0x08007054   Section      148  bigflt0.o(.constdata)
    tenpwrs_x                                0x08007054   Data          60  bigflt0.o(.constdata)
    tenpwrs_i                                0x08007090   Data          64  bigflt0.o(.constdata)
    locale$$data                             0x08007108   Section      272  lc_ctype_c.o(locale$$data)
    __lcctype_c_name                         0x0800710c   Data           2  lc_ctype_c.o(locale$$data)
    __lcctype_c_start                        0x08007114   Data           0  lc_ctype_c.o(locale$$data)
    locale$$data                             0x08007218   Section       28  lc_numeric_c.o(locale$$data)
    __lcctype_c_end                          0x08007218   Data           0  lc_ctype_c.o(locale$$data)
    __lcnum_c_name                           0x0800721c   Data           2  lc_numeric_c.o(locale$$data)
    __lcnum_c_start                          0x08007224   Data           0  lc_numeric_c.o(locale$$data)
    __lcnum_c_point                          0x08007230   Data           0  lc_numeric_c.o(locale$$data)
    __lcnum_c_thousands                      0x08007232   Data           0  lc_numeric_c.o(locale$$data)
    __lcnum_c_grouping                       0x08007233   Data           0  lc_numeric_c.o(locale$$data)
    __lcnum_c_end                            0x08007234   Data           0  lc_numeric_c.o(locale$$data)
    .data                                    0x20000000   Section       20  system_stm32f10x.o(.data)
    .data                                    0x20000014   Section        2  dht11.o(.data)
    temperature                              0x20000014   Data           1  dht11.o(.data)
    humidity                                 0x20000015   Data           1  dht11.o(.data)
    .data                                    0x20000018   Section       12  timer.o(.data)
    .data                                    0x20000024   Section        1  key.o(.data)
    key_up                                   0x20000024   Data           1  key.o(.data)
    .data                                    0x20000026   Section        4  delay.o(.data)
    fac_us                                   0x20000026   Data           1  delay.o(.data)
    fac_ms                                   0x20000028   Data           2  delay.o(.data)
    .data                                    0x2000002c   Section        6  usart.o(.data)
    .data                                    0x20000032   Section       20  stm32f10x_rcc.o(.data)
    APBAHBPrescTable                         0x20000032   Data          16  stm32f10x_rcc.o(.data)
    ADCPrescTable                            0x20000042   Data           4  stm32f10x_rcc.o(.data)
    .data                                    0x20000046   Section       12  usart3.o(.data)
    .data                                    0x20000054   Section        5  gizwits_product.o(.data)
    timerMsCount                             0x20000054   Data           4  gizwits_product.o(.data)
    .data                                    0x2000005c   Section       16  gizwits_protocol.o(.data)
    lastReportTime                           0x2000005c   Data           4  gizwits_protocol.o(.data)
    lastRepTime                              0x20000060   Data           4  gizwits_protocol.o(.data)
    protocolFlag                             0x20000064   Data           1  gizwits_protocol.o(.data)
    protocolCount                            0x20000066   Data           2  gizwits_protocol.o(.data)
    lastData                                 0x20000068   Data           1  gizwits_protocol.o(.data)
    debugCount                               0x20000069   Data           1  gizwits_protocol.o(.data)
    lastStatus                               0x2000006a   Data           2  gizwits_protocol.o(.data)
    .bss                                     0x2000006c   Section       40  main.o(.bss)
    .bss                                     0x20000094   Section      200  usart.o(.bss)
    .bss                                     0x2000015c   Section     1200  usart3.o(.bss)
    .bss                                     0x2000060c   Section      574  gizwits_protocol.o(.bss)
    rbBuf                                    0x200007de   Data         108  gizwits_protocol.o(.bss)
    .bss                                     0x2000084c   Section       96  libspace.o(.bss)
    HEAP                                     0x200008b0   Section      512  startup_stm32f10x_hd.o(HEAP)
    Heap_Mem                                 0x200008b0   Data         512  startup_stm32f10x_hd.o(HEAP)
    STACK                                    0x20000ab0   Section     4096  startup_stm32f10x_hd.o(STACK)
    Stack_Mem                                0x20000ab0   Data        4096  startup_stm32f10x_hd.o(STACK)
    __initial_sp                             0x20001ab0   Data           0  startup_stm32f10x_hd.o(STACK)

    Global Symbols

    Symbol Name                              Value     Ov Type        Size  Object(Section)

    BuildAttributes$$THM_ISAv4$P$D$K$B$S$PE$A:L22UL41UL21$X:L11$S22US41US21$IEEE1$IW$USESV6$~STKCKD$USESV7$~SHL$OTIME$ROPI$IEEEJ$EBA8$UX$STANDARDLIB$REQ8$PRES8$EABIv2 0x00000000   Number         0  anon$$obj.o ABSOLUTE
    __ARM_use_no_argv                        0x00000000   Number         0  main.o ABSOLUTE
    _printf_flags                            0x00000000   Number         0  printf_stubs.o ABSOLUTE
    _printf_return_value                     0x00000000   Number         0  printf_stubs.o ABSOLUTE
    _printf_sizespec                         0x00000000   Number         0  printf_stubs.o ABSOLUTE
    _printf_widthprec                        0x00000000   Number         0  printf_stubs.o ABSOLUTE
    __ARM_exceptions_init                     - Undefined Weak Reference
    __alloca_initialize                       - Undefined Weak Reference
    __arm_preinit_                            - Undefined Weak Reference
    __cpp_initialize__aeabi_                  - Undefined Weak Reference
    __cxa_finalize                            - Undefined Weak Reference
    __sigvec_lookup                           - Undefined Weak Reference
    _atexit_init                              - Undefined Weak Reference
    _call_atexit_fns                          - Undefined Weak Reference
    _clock_init                               - Undefined Weak Reference
    _fp_trap_init                             - Undefined Weak Reference
    _fp_trap_shutdown                         - Undefined Weak Reference
    _get_lc_collate                           - Undefined Weak Reference
    _get_lc_monetary                          - Undefined Weak Reference
    _get_lc_time                              - Undefined Weak Reference
    _getenv_init                              - Undefined Weak Reference
    _handle_redirection                       - Undefined Weak Reference
    _init_alloc                               - Undefined Weak Reference
    _init_user_alloc                          - Undefined Weak Reference
    _initio                                   - Undefined Weak Reference
    _mutex_acquire                            - Undefined Weak Reference
    _mutex_release                            - Undefined Weak Reference
    _printf_mbtowc                            - Undefined Weak Reference
    _printf_wc                                - Undefined Weak Reference
    _rand_init                                - Undefined Weak Reference
    _signal_finish                            - Undefined Weak Reference
    _signal_init                              - Undefined Weak Reference
    _terminate_alloc                          - Undefined Weak Reference
    _terminate_user_alloc                     - Undefined Weak Reference
    _terminateio                              - Undefined Weak Reference
    __Vectors_Size                           0x00000130   Number         0  startup_stm32f10x_hd.o ABSOLUTE
    __Vectors                                0x08000000   Data           4  startup_stm32f10x_hd.o(RESET)
    __Vectors_End                            0x08000130   Data           0  startup_stm32f10x_hd.o(RESET)
    __main                                   0x08000131   Thumb Code     8  __main.o(!!!main)
    __scatterload                            0x08000139   Thumb Code     0  __scatter.o(!!!scatter)
    __scatterload_rt2                        0x08000139   Thumb Code    44  __scatter.o(!!!scatter)
    __scatterload_rt2_thumb_only             0x08000139   Thumb Code     0  __scatter.o(!!!scatter)
    __scatterload_null                       0x08000147   Thumb Code     0  __scatter.o(!!!scatter)
    __scatterload_copy                       0x0800016d   Thumb Code    26  __scatter_copy.o(!!handler_copy)
    __scatterload_zeroinit                   0x08000189   Thumb Code    28  __scatter_zi.o(!!handler_zi)
    _printf_n                                0x080001a5   Thumb Code     0  _printf_n.o(.ARM.Collect$$_printf_percent$$00000001)
    _printf_percent                          0x080001a5   Thumb Code     0  _printf_percent.o(.ARM.Collect$$_printf_percent$$00000000)
    _printf_p                                0x080001ab   Thumb Code     0  _printf_p.o(.ARM.Collect$$_printf_percent$$00000002)
    _printf_f                                0x080001b1   Thumb Code     0  _printf_f.o(.ARM.Collect$$_printf_percent$$00000003)
    _printf_e                                0x080001b7   Thumb Code     0  _printf_e.o(.ARM.Collect$$_printf_percent$$00000004)
    _printf_g                                0x080001bd   Thumb Code     0  _printf_g.o(.ARM.Collect$$_printf_percent$$00000005)
    _printf_a                                0x080001c3   Thumb Code     0  _printf_a.o(.ARM.Collect$$_printf_percent$$00000006)
    _printf_ll                               0x080001c9   Thumb Code     0  _printf_ll.o(.ARM.Collect$$_printf_percent$$00000007)
    _printf_i                                0x080001d3   Thumb Code     0  _printf_i.o(.ARM.Collect$$_printf_percent$$00000008)
    _printf_d                                0x080001d9   Thumb Code     0  _printf_d.o(.ARM.Collect$$_printf_percent$$00000009)
    _printf_u                                0x080001df   Thumb Code     0  _printf_u.o(.ARM.Collect$$_printf_percent$$0000000A)
    _printf_o                                0x080001e5   Thumb Code     0  _printf_o.o(.ARM.Collect$$_printf_percent$$0000000B)
    _printf_x                                0x080001eb   Thumb Code     0  _printf_x.o(.ARM.Collect$$_printf_percent$$0000000C)
    _printf_lli                              0x080001f1   Thumb Code     0  _printf_lli.o(.ARM.Collect$$_printf_percent$$0000000D)
    _printf_lld                              0x080001f7   Thumb Code     0  _printf_lld.o(.ARM.Collect$$_printf_percent$$0000000E)
    _printf_llu                              0x080001fd   Thumb Code     0  _printf_llu.o(.ARM.Collect$$_printf_percent$$0000000F)
    _printf_llo                              0x08000203   Thumb Code     0  _printf_llo.o(.ARM.Collect$$_printf_percent$$00000010)
    _printf_llx                              0x08000209   Thumb Code     0  _printf_llx.o(.ARM.Collect$$_printf_percent$$00000011)
    _printf_l                                0x0800020f   Thumb Code     0  _printf_l.o(.ARM.Collect$$_printf_percent$$00000012)
    _printf_c                                0x08000219   Thumb Code     0  _printf_c.o(.ARM.Collect$$_printf_percent$$00000013)
    _printf_s                                0x0800021f   Thumb Code     0  _printf_s.o(.ARM.Collect$$_printf_percent$$00000014)
    _printf_lc                               0x08000225   Thumb Code     0  _printf_lc.o(.ARM.Collect$$_printf_percent$$00000015)
    _printf_ls                               0x0800022b   Thumb Code     0  _printf_ls.o(.ARM.Collect$$_printf_percent$$00000016)
    _printf_percent_end                      0x08000231   Thumb Code     0  _printf_percent_end.o(.ARM.Collect$$_printf_percent$$00000017)
    __rt_lib_init                            0x08000235   Thumb Code     0  libinit.o(.ARM.Collect$$libinit$$00000000)
    __rt_lib_init_fp_1                       0x08000237   Thumb Code     0  libinit2.o(.ARM.Collect$$libinit$$00000002)
    __rt_lib_init_heap_1                     0x08000237   Thumb Code     0  libinit2.o(.ARM.Collect$$libinit$$0000000A)
    __rt_lib_init_lc_common                  0x08000237   Thumb Code     0  libinit2.o(.ARM.Collect$$libinit$$0000000F)
    __rt_lib_init_preinit_1                  0x08000237   Thumb Code     0  libinit2.o(.ARM.Collect$$libinit$$00000004)
    __rt_lib_init_rand_1                     0x08000237   Thumb Code     0  libinit2.o(.ARM.Collect$$libinit$$0000000E)
    __rt_lib_init_user_alloc_1               0x08000237   Thumb Code     0  libinit2.o(.ARM.Collect$$libinit$$0000000C)
    __rt_lib_init_lc_collate_1               0x0800023d   Thumb Code     0  libinit2.o(.ARM.Collect$$libinit$$00000011)
    __rt_lib_init_lc_ctype_2                 0x0800023d   Thumb Code     0  libinit2.o(.ARM.Collect$$libinit$$00000012)
    __rt_lib_init_lc_ctype_1                 0x08000249   Thumb Code     0  libinit2.o(.ARM.Collect$$libinit$$00000013)
    __rt_lib_init_lc_monetary_1              0x08000249   Thumb Code     0  libinit2.o(.ARM.Collect$$libinit$$00000015)
    __rt_lib_init_lc_numeric_2               0x08000249   Thumb Code     0  libinit2.o(.ARM.Collect$$libinit$$00000016)
    __rt_lib_init_alloca_1                   0x08000253   Thumb Code     0  libinit2.o(.ARM.Collect$$libinit$$0000002E)
    __rt_lib_init_argv_1                     0x08000253   Thumb Code     0  libinit2.o(.ARM.Collect$$libinit$$0000002C)
    __rt_lib_init_atexit_1                   0x08000253   Thumb Code     0  libinit2.o(.ARM.Collect$$libinit$$0000001B)
    __rt_lib_init_clock_1                    0x08000253   Thumb Code     0  libinit2.o(.ARM.Collect$$libinit$$00000021)
    __rt_lib_init_cpp_1                      0x08000253   Thumb Code     0  libinit2.o(.ARM.Collect$$libinit$$00000032)
    __rt_lib_init_exceptions_1               0x08000253   Thumb Code     0  libinit2.o(.ARM.Collect$$libinit$$00000030)
    __rt_lib_init_fp_trap_1                  0x08000253   Thumb Code     0  libinit2.o(.ARM.Collect$$libinit$$0000001F)
    __rt_lib_init_getenv_1                   0x08000253   Thumb Code     0  libinit2.o(.ARM.Collect$$libinit$$00000023)
    __rt_lib_init_lc_numeric_1               0x08000253   Thumb Code     0  libinit2.o(.ARM.Collect$$libinit$$00000017)
    __rt_lib_init_lc_time_1                  0x08000253   Thumb Code     0  libinit2.o(.ARM.Collect$$libinit$$00000019)
    __rt_lib_init_return                     0x08000253   Thumb Code     0  libinit2.o(.ARM.Collect$$libinit$$00000033)
    __rt_lib_init_signal_1                   0x08000253   Thumb Code     0  libinit2.o(.ARM.Collect$$libinit$$0000001D)
    __rt_lib_init_stdio_1                    0x08000253   Thumb Code     0  libinit2.o(.ARM.Collect$$libinit$$00000025)
    __rt_lib_shutdown                        0x08000255   Thumb Code     0  libshutdown.o(.ARM.Collect$$libshutdown$$00000000)
    __rt_lib_shutdown_cpp_1                  0x08000257   Thumb Code     0  libshutdown2.o(.ARM.Collect$$libshutdown$$00000002)
    __rt_lib_shutdown_fp_trap_1              0x08000257   Thumb Code     0  libshutdown2.o(.ARM.Collect$$libshutdown$$00000007)
    __rt_lib_shutdown_heap_1                 0x08000257   Thumb Code     0  libshutdown2.o(.ARM.Collect$$libshutdown$$0000000F)
    __rt_lib_shutdown_return                 0x08000257   Thumb Code     0  libshutdown2.o(.ARM.Collect$$libshutdown$$00000010)
    __rt_lib_shutdown_signal_1               0x08000257   Thumb Code     0  libshutdown2.o(.ARM.Collect$$libshutdown$$0000000A)
    __rt_lib_shutdown_stdio_1                0x08000257   Thumb Code     0  libshutdown2.o(.ARM.Collect$$libshutdown$$00000004)
    __rt_lib_shutdown_user_alloc_1           0x08000257   Thumb Code     0  libshutdown2.o(.ARM.Collect$$libshutdown$$0000000C)
    __rt_entry                               0x08000259   Thumb Code     0  __rtentry.o(.ARM.Collect$$rtentry$$00000000)
    __rt_entry_presh_1                       0x08000259   Thumb Code     0  __rtentry2.o(.ARM.Collect$$rtentry$$00000002)
    __rt_entry_sh                            0x08000259   Thumb Code     0  __rtentry4.o(.ARM.Collect$$rtentry$$00000004)
    __rt_entry_li                            0x0800025f   Thumb Code     0  __rtentry2.o(.ARM.Collect$$rtentry$$0000000A)
    __rt_entry_postsh_1                      0x0800025f   Thumb Code     0  __rtentry2.o(.ARM.Collect$$rtentry$$00000009)
    __rt_entry_main                          0x08000263   Thumb Code     0  __rtentry2.o(.ARM.Collect$$rtentry$$0000000D)
    __rt_entry_postli_1                      0x08000263   Thumb Code     0  __rtentry2.o(.ARM.Collect$$rtentry$$0000000C)
    __rt_exit                                0x0800026b   Thumb Code     0  rtexit.o(.ARM.Collect$$rtexit$$00000000)
    __rt_exit_ls                             0x0800026d   Thumb Code     0  rtexit2.o(.ARM.Collect$$rtexit$$00000003)
    __rt_exit_prels_1                        0x0800026d   Thumb Code     0  rtexit2.o(.ARM.Collect$$rtexit$$00000002)
    __rt_exit_exit                           0x08000271   Thumb Code     0  rtexit2.o(.ARM.Collect$$rtexit$$00000004)
    Gizwits_Init                             0x08000279   Thumb Code    34  main.o(.text)
    userHandle                               0x0800029b   Thumb Code     2  main.o(.text)
    main                                     0x0800029d   Thumb Code   116  main.o(.text)
    NMI_Handler                              0x08000355   Thumb Code     2  stm32f10x_it.o(.text)
    HardFault_Handler                        0x08000357   Thumb Code     4  stm32f10x_it.o(.text)
    MemManage_Handler                        0x0800035b   Thumb Code     4  stm32f10x_it.o(.text)
    BusFault_Handler                         0x0800035f   Thumb Code     4  stm32f10x_it.o(.text)
    UsageFault_Handler                       0x08000363   Thumb Code     4  stm32f10x_it.o(.text)
    SVC_Handler                              0x08000367   Thumb Code     2  stm32f10x_it.o(.text)
    DebugMon_Handler                         0x08000369   Thumb Code     2  stm32f10x_it.o(.text)
    PendSV_Handler                           0x0800036b   Thumb Code     2  stm32f10x_it.o(.text)
    SysTick_Handler                          0x0800036d   Thumb Code     2  stm32f10x_it.o(.text)
    SystemInit                               0x0800044f   Thumb Code    78  system_stm32f10x.o(.text)
    SystemCoreClockUpdate                    0x0800049d   Thumb Code   142  system_stm32f10x.o(.text)
    DHT11_Rst                                0x08000551   Thumb Code    52  dht11.o(.text)
    DHT11_Check                              0x08000585   Thumb Code    96  dht11.o(.text)
    DHT11_Read_Bit                           0x080005e5   Thumb Code    76  dht11.o(.text)
    DHT11_Read_Byte                          0x08000631   Thumb Code    30  dht11.o(.text)
    DHT11_Read_Data                          0x0800064f   Thumb Code    88  dht11.o(.text)
    DHT11_Init                               0x080006a7   Thumb Code    54  dht11.o(.text)
    showDht11Date                            0x080006dd   Thumb Code    12  dht11.o(.text)
    TIM3_Int_Init                            0x080006fd   Thumb Code    88  timer.o(.text)
    TIM3_IRQHandler                          0x08000755   Thumb Code   100  timer.o(.text)
    TIM3_PWM_Init                            0x080007b9   Thumb Code   154  timer.o(.text)
    TIM7_Int_Init                            0x08000853   Thumb Code   102  timer.o(.text)
    TIM7_IRQHandler                          0x080008b9   Thumb Code    26  timer.o(.text)
    MQ_2                                     0x08000901   Thumb Code    32  mq_2.o(.text)
    checkMq_2                                0x08000921   Thumb Code    14  mq_2.o(.text)
    KEY_Init                                 0x08000939   Thumb Code    52  key.o(.text)
    KEY_Scan                                 0x0800096d   Thumb Code   188  key.o(.text)
    delay_init                               0x08000a35   Thumb Code    50  delay.o(.text)
    delay_us                                 0x08000a67   Thumb Code    72  delay.o(.text)
    delay_ms                                 0x08000aaf   Thumb Code    72  delay.o(.text)
    _sys_exit                                0x08000b09   Thumb Code     4  usart.o(.text)
    fputc                                    0x08000b0d   Thumb Code    24  usart.o(.text)
    uart_init                                0x08000b25   Thumb Code   152  usart.o(.text)
    uart_init2                               0x08000bbd   Thumb Code   162  usart.o(.text)
    uart_init4                               0x08000c5f   Thumb Code   160  usart.o(.text)
    uart_init5                               0x08000cff   Thumb Code   156  usart.o(.text)
    USART1_IRQHandler                        0x08000d9b   Thumb Code   122  usart.o(.text)
    USART2_IRQHandler                        0x08000e15   Thumb Code    34  usart.o(.text)
    Reset_Handler                            0x08000e5d   Thumb Code     8  startup_stm32f10x_hd.o(.text)
    ADC1_2_IRQHandler                        0x08000e77   Thumb Code     0  startup_stm32f10x_hd.o(.text)
    ADC3_IRQHandler                          0x08000e77   Thumb Code     0  startup_stm32f10x_hd.o(.text)
    CAN1_RX1_IRQHandler                      0x08000e77   Thumb Code     0  startup_stm32f10x_hd.o(.text)
    CAN1_SCE_IRQHandler                      0x08000e77   Thumb Code     0  startup_stm32f10x_hd.o(.text)
    DMA1_Channel1_IRQHandler                 0x08000e77   Thumb Code     0  startup_stm32f10x_hd.o(.text)
    DMA1_Channel2_IRQHandler                 0x08000e77   Thumb Code     0  startup_stm32f10x_hd.o(.text)
    DMA1_Channel3_IRQHandler                 0x08000e77   Thumb Code     0  startup_stm32f10x_hd.o(.text)
    DMA1_Channel4_IRQHandler                 0x08000e77   Thumb Code     0  startup_stm32f10x_hd.o(.text)
    DMA1_Channel5_IRQHandler                 0x08000e77   Thumb Code     0  startup_stm32f10x_hd.o(.text)
    DMA1_Channel6_IRQHandler                 0x08000e77   Thumb Code     0  startup_stm32f10x_hd.o(.text)
    DMA1_Channel7_IRQHandler                 0x08000e77   Thumb Code     0  startup_stm32f10x_hd.o(.text)
    DMA2_Channel1_IRQHandler                 0x08000e77   Thumb Code     0  startup_stm32f10x_hd.o(.text)
    DMA2_Channel2_IRQHandler                 0x08000e77   Thumb Code     0  startup_stm32f10x_hd.o(.text)
    DMA2_Channel3_IRQHandler                 0x08000e77   Thumb Code     0  startup_stm32f10x_hd.o(.text)
    DMA2_Channel4_5_IRQHandler               0x08000e77   Thumb Code     0  startup_stm32f10x_hd.o(.text)
    EXTI0_IRQHandler                         0x08000e77   Thumb Code     0  startup_stm32f10x_hd.o(.text)
    EXTI15_10_IRQHandler                     0x08000e77   Thumb Code     0  startup_stm32f10x_hd.o(.text)
    EXTI1_IRQHandler                         0x08000e77   Thumb Code     0  startup_stm32f10x_hd.o(.text)
    EXTI2_IRQHandler                         0x08000e77   Thumb Code     0  startup_stm32f10x_hd.o(.text)
    EXTI3_IRQHandler                         0x08000e77   Thumb Code     0  startup_stm32f10x_hd.o(.text)
    EXTI4_IRQHandler                         0x08000e77   Thumb Code     0  startup_stm32f10x_hd.o(.text)
    EXTI9_5_IRQHandler                       0x08000e77   Thumb Code     0  startup_stm32f10x_hd.o(.text)
    FLASH_IRQHandler                         0x08000e77   Thumb Code     0  startup_stm32f10x_hd.o(.text)
    FSMC_IRQHandler                          0x08000e77   Thumb Code     0  startup_stm32f10x_hd.o(.text)
    I2C1_ER_IRQHandler                       0x08000e77   Thumb Code     0  startup_stm32f10x_hd.o(.text)
    I2C1_EV_IRQHandler                       0x08000e77   Thumb Code     0  startup_stm32f10x_hd.o(.text)
    I2C2_ER_IRQHandler                       0x08000e77   Thumb Code     0  startup_stm32f10x_hd.o(.text)
    I2C2_EV_IRQHandler                       0x08000e77   Thumb Code     0  startup_stm32f10x_hd.o(.text)
    PVD_IRQHandler                           0x08000e77   Thumb Code     0  startup_stm32f10x_hd.o(.text)
    RCC_IRQHandler                           0x08000e77   Thumb Code     0  startup_stm32f10x_hd.o(.text)
    RTCAlarm_IRQHandler                      0x08000e77   Thumb Code     0  startup_stm32f10x_hd.o(.text)
    RTC_IRQHandler                           0x08000e77   Thumb Code     0  startup_stm32f10x_hd.o(.text)
    SDIO_IRQHandler                          0x08000e77   Thumb Code     0  startup_stm32f10x_hd.o(.text)
    SPI1_IRQHandler                          0x08000e77   Thumb Code     0  startup_stm32f10x_hd.o(.text)
    SPI2_IRQHandler                          0x08000e77   Thumb Code     0  startup_stm32f10x_hd.o(.text)
    SPI3_IRQHandler                          0x08000e77   Thumb Code     0  startup_stm32f10x_hd.o(.text)
    TAMPER_IRQHandler                        0x08000e77   Thumb Code     0  startup_stm32f10x_hd.o(.text)
    TIM1_BRK_IRQHandler                      0x08000e77   Thumb Code     0  startup_stm32f10x_hd.o(.text)
    TIM1_CC_IRQHandler                       0x08000e77   Thumb Code     0  startup_stm32f10x_hd.o(.text)
    TIM1_TRG_COM_IRQHandler                  0x08000e77   Thumb Code     0  startup_stm32f10x_hd.o(.text)
    TIM1_UP_IRQHandler                       0x08000e77   Thumb Code     0  startup_stm32f10x_hd.o(.text)
    TIM2_IRQHandler                          0x08000e77   Thumb Code     0  startup_stm32f10x_hd.o(.text)
    TIM4_IRQHandler                          0x08000e77   Thumb Code     0  startup_stm32f10x_hd.o(.text)
    TIM5_IRQHandler                          0x08000e77   Thumb Code     0  startup_stm32f10x_hd.o(.text)
    TIM6_IRQHandler                          0x08000e77   Thumb Code     0  startup_stm32f10x_hd.o(.text)
    TIM8_BRK_IRQHandler                      0x08000e77   Thumb Code     0  startup_stm32f10x_hd.o(.text)
    TIM8_CC_IRQHandler                       0x08000e77   Thumb Code     0  startup_stm32f10x_hd.o(.text)
    TIM8_TRG_COM_IRQHandler                  0x08000e77   Thumb Code     0  startup_stm32f10x_hd.o(.text)
    TIM8_UP_IRQHandler                       0x08000e77   Thumb Code     0  startup_stm32f10x_hd.o(.text)
    UART4_IRQHandler                         0x08000e77   Thumb Code     0  startup_stm32f10x_hd.o(.text)
    UART5_IRQHandler                         0x08000e77   Thumb Code     0  startup_stm32f10x_hd.o(.text)
    USBWakeUp_IRQHandler                     0x08000e77   Thumb Code     0  startup_stm32f10x_hd.o(.text)
    USB_HP_CAN1_TX_IRQHandler                0x08000e77   Thumb Code     0  startup_stm32f10x_hd.o(.text)
    USB_LP_CAN1_RX0_IRQHandler               0x08000e77   Thumb Code     0  startup_stm32f10x_hd.o(.text)
    WWDG_IRQHandler                          0x08000e77   Thumb Code     0  startup_stm32f10x_hd.o(.text)
    __user_initial_stackheap                 0x08000e79   Thumb Code     0  startup_stm32f10x_hd.o(.text)
    NVIC_PriorityGroupConfig                 0x08000e9d   Thumb Code    10  misc.o(.text)
    NVIC_Init                                0x08000ea7   Thumb Code   100  misc.o(.text)
    NVIC_SetVectorTable                      0x08000f0b   Thumb Code    14  misc.o(.text)
    NVIC_SystemLPConfig                      0x08000f19   Thumb Code    34  misc.o(.text)
    SysTick_CLKSourceConfig                  0x08000f3b   Thumb Code    40  misc.o(.text)
    GPIO_DeInit                              0x08000f79   Thumb Code   172  stm32f10x_gpio.o(.text)
    GPIO_AFIODeInit                          0x08001025   Thumb Code    20  stm32f10x_gpio.o(.text)
    GPIO_Init                                0x08001039   Thumb Code   278  stm32f10x_gpio.o(.text)
    GPIO_StructInit                          0x0800114f   Thumb Code    16  stm32f10x_gpio.o(.text)
    GPIO_ReadInputDataBit                    0x0800115f   Thumb Code    18  stm32f10x_gpio.o(.text)
    GPIO_ReadInputData                       0x08001171   Thumb Code     8  stm32f10x_gpio.o(.text)
    GPIO_ReadOutputDataBit                   0x08001179   Thumb Code    18  stm32f10x_gpio.o(.text)
    GPIO_ReadOutputData                      0x0800118b   Thumb Code     8  stm32f10x_gpio.o(.text)
    GPIO_SetBits                             0x08001193   Thumb Code     4  stm32f10x_gpio.o(.text)
    GPIO_ResetBits                           0x08001197   Thumb Code     4  stm32f10x_gpio.o(.text)
    GPIO_WriteBit                            0x0800119b   Thumb Code    10  stm32f10x_gpio.o(.text)
    GPIO_Write                               0x080011a5   Thumb Code     4  stm32f10x_gpio.o(.text)
    GPIO_PinLockConfig                       0x080011a9   Thumb Code    18  stm32f10x_gpio.o(.text)
    GPIO_EventOutputConfig                   0x080011bb   Thumb Code    26  stm32f10x_gpio.o(.text)
    GPIO_EventOutputCmd                      0x080011d5   Thumb Code     6  stm32f10x_gpio.o(.text)
    GPIO_PinRemapConfig                      0x080011db   Thumb Code   138  stm32f10x_gpio.o(.text)
    GPIO_EXTILineConfig                      0x08001265   Thumb Code    66  stm32f10x_gpio.o(.text)
    GPIO_ETH_MediaInterfaceConfig            0x080012a7   Thumb Code     8  stm32f10x_gpio.o(.text)
    RCC_DeInit                               0x080012d5   Thumb Code    64  stm32f10x_rcc.o(.text)
    RCC_HSEConfig                            0x08001315   Thumb Code    70  stm32f10x_rcc.o(.text)
    RCC_GetFlagStatus                        0x0800135b   Thumb Code    56  stm32f10x_rcc.o(.text)
    RCC_WaitForHSEStartUp                    0x08001393   Thumb Code    56  stm32f10x_rcc.o(.text)
    RCC_AdjustHSICalibrationValue            0x080013cb   Thumb Code    20  stm32f10x_rcc.o(.text)
    RCC_HSICmd                               0x080013df   Thumb Code     6  stm32f10x_rcc.o(.text)
    RCC_PLLConfig                            0x080013e5   Thumb Code    24  stm32f10x_rcc.o(.text)
    RCC_PLLCmd                               0x080013fd   Thumb Code     6  stm32f10x_rcc.o(.text)
    RCC_SYSCLKConfig                         0x08001403   Thumb Code    18  stm32f10x_rcc.o(.text)
    RCC_GetSYSCLKSource                      0x08001415   Thumb Code    10  stm32f10x_rcc.o(.text)
    RCC_HCLKConfig                           0x0800141f   Thumb Code    18  stm32f10x_rcc.o(.text)
    RCC_PCLK1Config                          0x08001431   Thumb Code    18  stm32f10x_rcc.o(.text)
    RCC_PCLK2Config                          0x08001443   Thumb Code    20  stm32f10x_rcc.o(.text)
    RCC_ITConfig                             0x08001457   Thumb Code    26  stm32f10x_rcc.o(.text)
    RCC_USBCLKConfig                         0x08001471   Thumb Code     8  stm32f10x_rcc.o(.text)
    RCC_ADCCLKConfig                         0x08001479   Thumb Code    18  stm32f10x_rcc.o(.text)
    RCC_LSEConfig                            0x0800148b   Thumb Code    50  stm32f10x_rcc.o(.text)
    RCC_LSICmd                               0x080014bd   Thumb Code     6  stm32f10x_rcc.o(.text)
    RCC_RTCCLKConfig                         0x080014c3   Thumb Code    12  stm32f10x_rcc.o(.text)
    RCC_RTCCLKCmd                            0x080014cf   Thumb Code     8  stm32f10x_rcc.o(.text)
    RCC_GetClocksFreq                        0x080014d7   Thumb Code   192  stm32f10x_rcc.o(.text)
    RCC_AHBPeriphClockCmd                    0x08001597   Thumb Code    26  stm32f10x_rcc.o(.text)
    RCC_APB2PeriphClockCmd                   0x080015b1   Thumb Code    26  stm32f10x_rcc.o(.text)
    RCC_APB1PeriphClockCmd                   0x080015cb   Thumb Code    26  stm32f10x_rcc.o(.text)
    RCC_APB2PeriphResetCmd                   0x080015e5   Thumb Code    26  stm32f10x_rcc.o(.text)
    RCC_APB1PeriphResetCmd                   0x080015ff   Thumb Code    26  stm32f10x_rcc.o(.text)
    RCC_BackupResetCmd                       0x08001619   Thumb Code     8  stm32f10x_rcc.o(.text)
    RCC_ClockSecuritySystemCmd               0x08001621   Thumb Code     6  stm32f10x_rcc.o(.text)
    RCC_MCOConfig                            0x08001627   Thumb Code     6  stm32f10x_rcc.o(.text)
    RCC_ClearFlag                            0x0800162d   Thumb Code    14  stm32f10x_rcc.o(.text)
    RCC_GetITStatus                          0x0800163b   Thumb Code    20  stm32f10x_rcc.o(.text)
    RCC_ClearITPendingBit                    0x0800164f   Thumb Code     6  stm32f10x_rcc.o(.text)
    USART_DeInit                             0x08001679   Thumb Code   134  stm32f10x_usart.o(.text)
    USART_Init                               0x080016ff   Thumb Code   210  stm32f10x_usart.o(.text)
    USART_StructInit                         0x080017d1   Thumb Code    24  stm32f10x_usart.o(.text)
    USART_ClockInit                          0x080017e9   Thumb Code    34  stm32f10x_usart.o(.text)
    USART_ClockStructInit                    0x0800180b   Thumb Code    12  stm32f10x_usart.o(.text)
    USART_Cmd                                0x08001817   Thumb Code    24  stm32f10x_usart.o(.text)
    USART_ITConfig                           0x0800182f   Thumb Code    74  stm32f10x_usart.o(.text)
    USART_DMACmd                             0x08001879   Thumb Code    18  stm32f10x_usart.o(.text)
    USART_SetAddress                         0x0800188b   Thumb Code    18  stm32f10x_usart.o(.text)
    USART_WakeUpConfig                       0x0800189d   Thumb Code    18  stm32f10x_usart.o(.text)
    USART_ReceiverWakeUpCmd                  0x080018af   Thumb Code    24  stm32f10x_usart.o(.text)
    USART_LINBreakDetectLengthConfig         0x080018c7   Thumb Code    18  stm32f10x_usart.o(.text)
    USART_LINCmd                             0x080018d9   Thumb Code    24  stm32f10x_usart.o(.text)
    USART_SendData                           0x080018f1   Thumb Code     8  stm32f10x_usart.o(.text)
    USART_ReceiveData                        0x080018f9   Thumb Code    10  stm32f10x_usart.o(.text)
    USART_SendBreak                          0x08001903   Thumb Code    10  stm32f10x_usart.o(.text)
    USART_SetGuardTime                       0x0800190d   Thumb Code    16  stm32f10x_usart.o(.text)
    USART_SetPrescaler                       0x0800191d   Thumb Code    16  stm32f10x_usart.o(.text)
    USART_SmartCardCmd                       0x0800192d   Thumb Code    24  stm32f10x_usart.o(.text)
    USART_SmartCardNACKCmd                   0x08001945   Thumb Code    24  stm32f10x_usart.o(.text)
    USART_HalfDuplexCmd                      0x0800195d   Thumb Code    24  stm32f10x_usart.o(.text)
    USART_OverSampling8Cmd                   0x08001975   Thumb Code    22  stm32f10x_usart.o(.text)
    USART_OneBitMethodCmd                    0x0800198b   Thumb Code    24  stm32f10x_usart.o(.text)
    USART_IrDAConfig                         0x080019a3   Thumb Code    18  stm32f10x_usart.o(.text)
    USART_IrDACmd                            0x080019b5   Thumb Code    24  stm32f10x_usart.o(.text)
    USART_GetFlagStatus                      0x080019cd   Thumb Code    26  stm32f10x_usart.o(.text)
    USART_ClearFlag                          0x080019e7   Thumb Code    18  stm32f10x_usart.o(.text)
    USART_GetITStatus                        0x080019f9   Thumb Code    84  stm32f10x_usart.o(.text)
    USART_ClearITPendingBit                  0x08001a4d   Thumb Code    52  stm32f10x_usart.o(.text)
    TIM_DeInit                               0x08001a81   Thumb Code   424  stm32f10x_tim.o(.text)
    TIM_TimeBaseInit                         0x08001c29   Thumb Code   122  stm32f10x_tim.o(.text)
    TIM_OC1Init                              0x08001ca3   Thumb Code   132  stm32f10x_tim.o(.text)
    TIM_OC2Init                              0x08001d27   Thumb Code   154  stm32f10x_tim.o(.text)
    TIM_OC3Init                              0x08001dc1   Thumb Code   150  stm32f10x_tim.o(.text)
    TIM_OC4Init                              0x08001e57   Thumb Code   182  stm32f10x_tim.o(.text)
    TIM_SetIC4Prescaler                      0x08001f0d   Thumb Code    26  stm32f10x_tim.o(.text)
    TIM_SetIC3Prescaler                      0x08001fa9   Thumb Code    18  stm32f10x_tim.o(.text)
    TIM_SetIC2Prescaler                      0x08002035   Thumb Code    26  stm32f10x_tim.o(.text)
    TIM_SetIC1Prescaler                      0x080020d1   Thumb Code    18  stm32f10x_tim.o(.text)
    TIM_ICInit                               0x0800214f   Thumb Code   150  stm32f10x_tim.o(.text)
    TIM_PWMIConfig                           0x080021e5   Thumb Code   124  stm32f10x_tim.o(.text)
    TIM_BDTRConfig                           0x08002261   Thumb Code    32  stm32f10x_tim.o(.text)
    TIM_TimeBaseStructInit                   0x08002281   Thumb Code    18  stm32f10x_tim.o(.text)
    TIM_OCStructInit                         0x08002293   Thumb Code    20  stm32f10x_tim.o(.text)
    TIM_ICStructInit                         0x080022a7   Thumb Code    18  stm32f10x_tim.o(.text)
    TIM_BDTRStructInit                       0x080022b9   Thumb Code    40  stm32f10x_tim.o(.text)
    TIM_Cmd                                  0x080022e1   Thumb Code    24  stm32f10x_tim.o(.text)
    TIM_CtrlPWMOutputs                       0x080022f9   Thumb Code    30  stm32f10x_tim.o(.text)
    TIM_ITConfig                             0x08002317   Thumb Code    18  stm32f10x_tim.o(.text)
    TIM_GenerateEvent                        0x08002329   Thumb Code     4  stm32f10x_tim.o(.text)
    TIM_DMAConfig                            0x0800232d   Thumb Code    10  stm32f10x_tim.o(.text)
    TIM_DMACmd                               0x08002337   Thumb Code    18  stm32f10x_tim.o(.text)
    TIM_InternalClockConfig                  0x08002349   Thumb Code    12  stm32f10x_tim.o(.text)
    TIM_SelectInputTrigger                   0x08002355   Thumb Code    18  stm32f10x_tim.o(.text)
    TIM_ITRxExternalClockConfig              0x08002367   Thumb Code    24  stm32f10x_tim.o(.text)
    TIM_TIxExternalClockConfig               0x0800237f   Thumb Code    62  stm32f10x_tim.o(.text)
    TIM_ETRConfig                            0x080023bd   Thumb Code    28  stm32f10x_tim.o(.text)
    TIM_ETRClockMode1Config                  0x080023d9   Thumb Code    54  stm32f10x_tim.o(.text)
    TIM_ETRClockMode2Config                  0x0800240f   Thumb Code    32  stm32f10x_tim.o(.text)
    TIM_PrescalerConfig                      0x0800242f   Thumb Code     6  stm32f10x_tim.o(.text)
    TIM_CounterModeConfig                    0x08002435   Thumb Code    18  stm32f10x_tim.o(.text)
    TIM_EncoderInterfaceConfig               0x08002447   Thumb Code    66  stm32f10x_tim.o(.text)
    TIM_ForcedOC1Config                      0x08002489   Thumb Code    18  stm32f10x_tim.o(.text)
    TIM_ForcedOC2Config                      0x0800249b   Thumb Code    26  stm32f10x_tim.o(.text)
    TIM_ForcedOC3Config                      0x080024b5   Thumb Code    18  stm32f10x_tim.o(.text)
    TIM_ForcedOC4Config                      0x080024c7   Thumb Code    26  stm32f10x_tim.o(.text)
    TIM_ARRPreloadConfig                     0x080024e1   Thumb Code    24  stm32f10x_tim.o(.text)
    TIM_SelectCOM                            0x080024f9   Thumb Code    24  stm32f10x_tim.o(.text)
    TIM_SelectCCDMA                          0x08002511   Thumb Code    24  stm32f10x_tim.o(.text)
    TIM_CCPreloadControl                     0x08002529   Thumb Code    24  stm32f10x_tim.o(.text)
    TIM_OC1PreloadConfig                     0x08002541   Thumb Code    18  stm32f10x_tim.o(.text)
    TIM_OC2PreloadConfig                     0x08002553   Thumb Code    26  stm32f10x_tim.o(.text)
    TIM_OC3PreloadConfig                     0x0800256d   Thumb Code    18  stm32f10x_tim.o(.text)
    TIM_OC4PreloadConfig                     0x0800257f   Thumb Code    26  stm32f10x_tim.o(.text)
    TIM_OC1FastConfig                        0x08002599   Thumb Code    18  stm32f10x_tim.o(.text)
    TIM_OC2FastConfig                        0x080025ab   Thumb Code    26  stm32f10x_tim.o(.text)
    TIM_OC3FastConfig                        0x080025c5   Thumb Code    18  stm32f10x_tim.o(.text)
    TIM_OC4FastConfig                        0x080025d7   Thumb Code    26  stm32f10x_tim.o(.text)
    TIM_ClearOC1Ref                          0x080025f1   Thumb Code    18  stm32f10x_tim.o(.text)
    TIM_ClearOC2Ref                          0x08002603   Thumb Code    24  stm32f10x_tim.o(.text)
    TIM_ClearOC3Ref                          0x0800261b   Thumb Code    18  stm32f10x_tim.o(.text)
    TIM_ClearOC4Ref                          0x0800262d   Thumb Code    24  stm32f10x_tim.o(.text)
    TIM_OC1PolarityConfig                    0x08002645   Thumb Code    18  stm32f10x_tim.o(.text)
    TIM_OC1NPolarityConfig                   0x08002657   Thumb Code    18  stm32f10x_tim.o(.text)
    TIM_OC2PolarityConfig                    0x08002669   Thumb Code    26  stm32f10x_tim.o(.text)
    TIM_OC2NPolarityConfig                   0x08002683   Thumb Code    26  stm32f10x_tim.o(.text)
    TIM_OC3PolarityConfig                    0x0800269d   Thumb Code    26  stm32f10x_tim.o(.text)
    TIM_OC3NPolarityConfig                   0x080026b7   Thumb Code    26  stm32f10x_tim.o(.text)
    TIM_OC4PolarityConfig                    0x080026d1   Thumb Code    26  stm32f10x_tim.o(.text)
    TIM_CCxCmd                               0x080026eb   Thumb Code    30  stm32f10x_tim.o(.text)
    TIM_CCxNCmd                              0x08002709   Thumb Code    30  stm32f10x_tim.o(.text)
    TIM_SelectOCxM                           0x08002727   Thumb Code    82  stm32f10x_tim.o(.text)
    TIM_UpdateDisableConfig                  0x08002779   Thumb Code    24  stm32f10x_tim.o(.text)
    TIM_UpdateRequestConfig                  0x08002791   Thumb Code    24  stm32f10x_tim.o(.text)
    TIM_SelectHallSensor                     0x080027a9   Thumb Code    24  stm32f10x_tim.o(.text)
    TIM_SelectOnePulseMode                   0x080027c1   Thumb Code    18  stm32f10x_tim.o(.text)
    TIM_SelectOutputTrigger                  0x080027d3   Thumb Code    18  stm32f10x_tim.o(.text)
    TIM_SelectSlaveMode                      0x080027e5   Thumb Code    18  stm32f10x_tim.o(.text)
    TIM_SelectMasterSlaveMode                0x080027f7   Thumb Code    18  stm32f10x_tim.o(.text)
    TIM_SetCounter                           0x08002809   Thumb Code     4  stm32f10x_tim.o(.text)
    TIM_SetAutoreload                        0x0800280d   Thumb Code     4  stm32f10x_tim.o(.text)
    TIM_SetCompare1                          0x08002811   Thumb Code     4  stm32f10x_tim.o(.text)
    TIM_SetCompare2                          0x08002815   Thumb Code     4  stm32f10x_tim.o(.text)
    TIM_SetCompare3                          0x08002819   Thumb Code     4  stm32f10x_tim.o(.text)
    TIM_SetCompare4                          0x0800281d   Thumb Code     6  stm32f10x_tim.o(.text)
    TIM_SetClockDivision                     0x08002823   Thumb Code    18  stm32f10x_tim.o(.text)
    TIM_GetCapture1                          0x08002835   Thumb Code     6  stm32f10x_tim.o(.text)
    TIM_GetCapture2                          0x0800283b   Thumb Code     6  stm32f10x_tim.o(.text)
    TIM_GetCapture3                          0x08002841   Thumb Code     6  stm32f10x_tim.o(.text)
    TIM_GetCapture4                          0x08002847   Thumb Code     8  stm32f10x_tim.o(.text)
    TIM_GetCounter                           0x0800284f   Thumb Code     6  stm32f10x_tim.o(.text)
    TIM_GetPrescaler                         0x08002855   Thumb Code     6  stm32f10x_tim.o(.text)
    TIM_GetFlagStatus                        0x0800285b   Thumb Code    18  stm32f10x_tim.o(.text)
    TIM_ClearFlag                            0x0800286d   Thumb Code     6  stm32f10x_tim.o(.text)
    TIM_GetITStatus                          0x08002873   Thumb Code    34  stm32f10x_tim.o(.text)
    TIM_ClearITPendingBit                    0x08002895   Thumb Code     6  stm32f10x_tim.o(.text)
    USART3_IRQHandler                        0x0800289d   Thumb Code    74  usart3.o(.text)
    usart3_init                              0x080028e7   Thumb Code   194  usart3.o(.text)
    u3_printf                                0x080029a9   Thumb Code    72  usart3.o(.text)
    gizwitsEventProcess                      0x08002a0d   Thumb Code   202  gizwits_product.o(.text)
    userInit                                 0x08002ad7   Thumb Code    12  gizwits_product.o(.text)
    gizTimerMs                               0x08002ae3   Thumb Code    12  gizwits_product.o(.text)
    gizGetTimerCount                         0x08002aef   Thumb Code     6  gizwits_product.o(.text)
    mcuRestart                               0x08002af5   Thumb Code    38  gizwits_product.o(.text)
    TIMER_IRQ_FUN                            0x08002b1b   Thumb Code     8  gizwits_product.o(.text)
    UART_IRQ_FUN                             0x08002b23   Thumb Code    16  gizwits_product.o(.text)
    uartWrite                                0x08002b33   Thumb Code    82  gizwits_product.o(.text)
    gizPutData                               0x08002c35   Thumb Code    52  gizwits_protocol.o(.text)
    gizwitsInit                              0x08003e79   Thumb Code    46  gizwits_protocol.o(.text)
    gizwitsSetMode                           0x08003ea7   Thumb Code   510  gizwits_protocol.o(.text)
    gizwitsGetNTP                            0x080040a5   Thumb Code    94  gizwits_protocol.o(.text)
    gizwitsGetModuleInfo                     0x08004103   Thumb Code   100  gizwits_protocol.o(.text)
    gizwitsHandle                            0x080041a9   Thumb Code   782  gizwits_protocol.o(.text)
    gizwitsPassthroughData                   0x080044b7   Thumb Code   172  gizwits_protocol.o(.text)
    gizProtocolSum                           0x08004645   Thumb Code    38  common.o(.text)
    exchangeBytes                            0x0800466b   Thumb Code    26  common.o(.text)
    exchangeWord                             0x08004685   Thumb Code    26  common.o(.text)
    char2hex                                 0x0800469f   Thumb Code   106  common.o(.text)
    checkStringIsNotZero                     0x08004709   Thumb Code    46  common.o(.text)
    returnWeekDay                            0x08004737   Thumb Code   156  common.o(.text)
    returnNtp2Wt                             0x0800481f   Thumb Code   274  common.o(.text)
    str2Hex                                  0x08004931   Thumb Code    80  common.o(.text)
    hex2Str                                  0x08004981   Thumb Code    82  common.o(.text)
    gizByteOrderExchange                     0x080049dd   Thumb Code    50  datapointtools.o(.text)
    gizY2X                                   0x08004a0f   Thumb Code    14  datapointtools.o(.text)
    gizX2Y                                   0x08004a1d   Thumb Code    12  datapointtools.o(.text)
    gizY2XFloat                              0x08004a29   Thumb Code    42  datapointtools.o(.text)
    gizX2YFloat                              0x08004a53   Thumb Code    42  datapointtools.o(.text)
    gizAcrossByteJudge                       0x08004a7d   Thumb Code    42  datapointtools.o(.text)
    gizVarlenCompressValue                   0x08004aa7   Thumb Code   124  datapointtools.o(.text)
    gizVarlenDecompressionValue              0x08004b23   Thumb Code   196  datapointtools.o(.text)
    gizStandardDecompressionValue            0x08004be7   Thumb Code   194  datapointtools.o(.text)
    gizStandardCompressValue                 0x08004ca9   Thumb Code   128  datapointtools.o(.text)
    rbCreate                                 0x08004d29   Thumb Code    22  ringbuffer.o(.text)
    rbDelete                                 0x08004d3f   Thumb Code    24  ringbuffer.o(.text)
    rbCapacity                               0x08004d57   Thumb Code    14  ringbuffer.o(.text)
    rbCanRead                                0x08004d65   Thumb Code    56  ringbuffer.o(.text)
    rbCanWrite                               0x08004d9d   Thumb Code    30  ringbuffer.o(.text)
    rbRead                                   0x08004dbb   Thumb Code   162  ringbuffer.o(.text)
    rbWrite                                  0x08004e5d   Thumb Code   154  ringbuffer.o(.text)
    __use_no_semihosting                     0x08004ef7   Thumb Code     2  use_no_semi_2.o(.text)
    toupper                                  0x08004ef9   Thumb Code    30  toupper.o(.text)
    vsprintf                                 0x08004f19   Thumb Code    32  vsprintf.o(.text)
    __2printf                                0x08004f3d   Thumb Code    20  __2printf.o(.text)
    __2sprintf                               0x08004f55   Thumb Code    38  __2sprintf.o(.text)
    _printf_pre_padding                      0x08004f81   Thumb Code    44  _printf_pad.o(.text)
    _printf_post_padding                     0x08004fad   Thumb Code    34  _printf_pad.o(.text)
    _printf_str                              0x08004fcf   Thumb Code    82  _printf_str.o(.text)
    _printf_int_dec                          0x08005021   Thumb Code   104  _printf_dec.o(.text)
    _printf_longlong_hex                     0x08005099   Thumb Code    86  _printf_hex_int_ll_ptr.o(.text)
    _printf_int_hex                          0x080050ef   Thumb Code    28  _printf_hex_int_ll_ptr.o(.text)
    _printf_ll_hex                           0x0800510b   Thumb Code    12  _printf_hex_int_ll_ptr.o(.text)
    _printf_hex_ptr                          0x08005117   Thumb Code    18  _printf_hex_int_ll_ptr.o(.text)
    __printf                                 0x0800512d   Thumb Code   388  __printf_flags_ss_wp.o(.text)
    memcmp                                   0x080052b5   Thumb Code    88  memcmp.o(.text)
    strlen                                   0x0800530d   Thumb Code    62  strlen.o(.text)
    __aeabi_memcpy                           0x0800534b   Thumb Code     0  rt_memcpy_v6.o(.text)
    __rt_memcpy                              0x0800534b   Thumb Code   138  rt_memcpy_v6.o(.text)
    _memcpy_lastbytes                        0x080053b1   Thumb Code     0  rt_memcpy_v6.o(.text)
    __aeabi_memcpy4                          0x080053d5   Thumb Code     0  rt_memcpy_w.o(.text)
    __aeabi_memcpy8                          0x080053d5   Thumb Code     0  rt_memcpy_w.o(.text)
    __rt_memcpy_w                            0x080053d5   Thumb Code   100  rt_memcpy_w.o(.text)
    _memcpy_lastbytes_aligned                0x0800541d   Thumb Code     0  rt_memcpy_w.o(.text)
    __aeabi_memclr                           0x08005439   Thumb Code     0  rt_memclr.o(.text)
    __rt_memclr                              0x08005439   Thumb Code    68  rt_memclr.o(.text)
    _memset                                  0x0800543d   Thumb Code     0  rt_memclr.o(.text)
    __use_two_region_memory                  0x0800547d   Thumb Code     2  heapauxi.o(.text)
    __rt_heap_escrow$2region                 0x0800547f   Thumb Code     2  heapauxi.o(.text)
    __rt_heap_expand$2region                 0x08005481   Thumb Code     2  heapauxi.o(.text)
    __I$use$semihosting                      0x08005483   Thumb Code     0  use_no_semi.o(.text)
    __use_no_semihosting_swi                 0x08005483   Thumb Code     2  use_no_semi.o(.text)
    __rt_ctype_table                         0x08005485   Thumb Code    16  rt_ctype_table.o(.text)
    _printf_truncate_signed                  0x08005495   Thumb Code    18  _printf_truncate.o(.text)
    _printf_truncate_unsigned                0x080054a7   Thumb Code    18  _printf_truncate.o(.text)
    _printf_int_common                       0x080054b9   Thumb Code   178  _printf_intcommon.o(.text)
    _printf_charcount                        0x0800556b   Thumb Code    40  _printf_charcount.o(.text)
    _printf_char_common                      0x0800559f   Thumb Code    32  _printf_char_common.o(.text)
    _sputc                                   0x080055c5   Thumb Code    10  _sputc.o(.text)
    _printf_cs_common                        0x080055cf   Thumb Code    20  _printf_char.o(.text)
    _printf_char                             0x080055e3   Thumb Code    16  _printf_char.o(.text)
    _printf_string                           0x080055f3   Thumb Code     8  _printf_char.o(.text)
    _printf_char_file                        0x080055fd   Thumb Code    32  _printf_char_file.o(.text)
    _printf_wctomb                           0x08005621   Thumb Code   182  _printf_wctomb.o(.text)
    _printf_longlong_dec                     0x080056dd   Thumb Code   108  _printf_longlong_dec.o(.text)
    _printf_longlong_oct                     0x08005759   Thumb Code    68  _printf_oct_int_ll.o(.text)
    _printf_int_oct                          0x0800579d   Thumb Code    24  _printf_oct_int_ll.o(.text)
    _printf_ll_oct                           0x080057b5   Thumb Code    12  _printf_oct_int_ll.o(.text)
    __aeabi_memclr4                          0x080057c9   Thumb Code     0  rt_memclr_w.o(.text)
    __aeabi_memclr8                          0x080057c9   Thumb Code     0  rt_memclr_w.o(.text)
    __rt_memclr_w                            0x080057c9   Thumb Code    78  rt_memclr_w.o(.text)
    _memset_w                                0x080057cd   Thumb Code     0  rt_memclr_w.o(.text)
    __rt_locale                              0x08005819   Thumb Code     8  rt_locale_intlibspace.o(.text)
    _ll_udiv10                               0x08005821   Thumb Code   138  lludiv10.o(.text)
    __lib_sel_fp_printf                      0x080058ab   Thumb Code     2  _printf_fp_dec.o(.text)
    _printf_fp_dec_real                      0x08005a59   Thumb Code   620  _printf_fp_dec.o(.text)
    _printf_fp_hex_real                      0x08005cc5   Thumb Code   756  _printf_fp_hex.o(.text)
    _printf_lcs_common                       0x08005fc1   Thumb Code    20  _printf_wchar.o(.text)
    _printf_wchar                            0x08005fd5   Thumb Code    16  _printf_wchar.o(.text)
    _printf_wstring                          0x08005fe5   Thumb Code     8  _printf_wchar.o(.text)
    ferror                                   0x08005fed   Thumb Code     8  ferror.o(.text)
    _wcrtomb                                 0x08005ff5   Thumb Code    64  _wcrtomb.o(.text)
    __user_libspace                          0x08006035   Thumb Code     8  libspace.o(.text)
    __user_perproc_libspace                  0x08006035   Thumb Code     0  libspace.o(.text)
    __user_perthread_libspace                0x08006035   Thumb Code     0  libspace.o(.text)
    __user_setup_stackheap                   0x0800603d   Thumb Code    74  sys_stackheap_outer.o(.text)
    _printf_fp_infnan                        0x08006089   Thumb Code   112  _printf_fp_infnan.o(.text)
    _btod_etento                             0x08006109   Thumb Code   216  bigflt0.o(.text)
    exit                                     0x080061e5   Thumb Code    18  exit.o(.text)
    strcmp                                   0x080061f9   Thumb Code   128  strcmpv7m.o(.text)
    _btod_d2e                                0x08006279   Thumb Code    62  btod.o(CL$$btod_d2e)
    _d2e_denorm_low                          0x080062b7   Thumb Code    70  btod.o(CL$$btod_d2e_denorm_low)
    _d2e_norm_op1                            0x080062fd   Thumb Code    96  btod.o(CL$$btod_d2e_norm_op1)
    __btod_div_common                        0x0800635d   Thumb Code   696  btod.o(CL$$btod_div_common)
    _e2e                                     0x08006695   Thumb Code   198  btod.o(CL$$btod_e2e)
    _btod_ediv                               0x0800675b   Thumb Code    40  btod.o(CL$$btod_ediv)
    _btod_emul                               0x08006783   Thumb Code    40  btod.o(CL$$btod_emul)
    __btod_mult_common                       0x080067ab   Thumb Code   580  btod.o(CL$$btod_mult_common)
    __ARM_fpclassify                         0x080069ef   Thumb Code    40  fpclassify.o(i.__ARM_fpclassify)
    _is_digit                                0x08006a17   Thumb Code    14  __printf_wp.o(i._is_digit)
    _get_lc_ctype                            0x08006a25   Thumb Code    44  lc_ctype_c.o(locale$$code)
    _get_lc_numeric                          0x08006a51   Thumb Code    44  lc_numeric_c.o(locale$$code)
    __aeabi_fadd                             0x08006a7d   Thumb Code     0  faddsub_clz.o(x$fpl$fadd)
    _fadd                                    0x08006a7d   Thumb Code   196  faddsub_clz.o(x$fpl$fadd)
    __aeabi_fdiv                             0x08006b41   Thumb Code     0  fdiv.o(x$fpl$fdiv)
    _fdiv                                    0x08006b41   Thumb Code   384  fdiv.o(x$fpl$fdiv)
    __aeabi_f2uiz                            0x08006cc5   Thumb Code     0  ffixu.o(x$fpl$ffixu)
    _ffixu                                   0x08006cc5   Thumb Code    62  ffixu.o(x$fpl$ffixu)
    __aeabi_ui2f                             0x08006d05   Thumb Code     0  fflt_clz.o(x$fpl$ffltu)
    _ffltu                                   0x08006d05   Thumb Code    38  fflt_clz.o(x$fpl$ffltu)
    __aeabi_fmul                             0x08006d2d   Thumb Code     0  fmul.o(x$fpl$fmul)
    _fmul                                    0x08006d2d   Thumb Code   258  fmul.o(x$fpl$fmul)
    __fpl_fnaninf                            0x08006e2f   Thumb Code   140  fnaninf.o(x$fpl$fnaninf)
    __fpl_fretinf                            0x08006ebb   Thumb Code    10  fretinf.o(x$fpl$fretinf)
    __aeabi_fsub                             0x08006ec5   Thumb Code     0  faddsub_clz.o(x$fpl$fsub)
    _fsub                                    0x08006ec5   Thumb Code   234  faddsub_clz.o(x$fpl$fsub)
    _printf_fp_dec                           0x08006faf   Thumb Code     4  printf1.o(x$fpl$printf1)
    _printf_fp_hex                           0x08006fb3   Thumb Code     4  printf2.o(x$fpl$printf2)
    __I$use$fp                               0x08006fb6   Number         0  usenofp.o(x$fpl$usenofp)
    Region$$Table$$Base                      0x080070e8   Number         0  anon$$obj.o(Region$$Table)
    Region$$Table$$Limit                     0x08007108   Number         0  anon$$obj.o(Region$$Table)
    __ctype                                  0x08007115   Data           0  lc_ctype_c.o(locale$$data)
    SystemCoreClock                          0x20000000   Data           4  system_stm32f10x.o(.data)
    AHBPrescTable                            0x20000004   Data          16  system_stm32f10x.o(.data)
    str1                                     0x20000018   Data           8  timer.o(.data)
    t                                        0x20000020   Data           4  timer.o(.data)
    __stdout                                 0x2000002c   Data           4  usart.o(.data)
    USART_RX_STA                             0x20000030   Data           2  usart.o(.data)
    USART3_RX_STA                            0x20000046   Data           2  usart3.o(.data)
    aRxBuffer                                0x20000048   Data           8  usart3.o(.data)
    rxCounter                                0x20000050   Data           1  usart3.o(.data)
    ReceiveState                             0x20000051   Data           1  usart3.o(.data)
    wifi_sta                                 0x20000058   Data           1  gizwits_product.o(.data)
    currentDataPoint                         0x2000006c   Data          40  main.o(.bss)
    USART_RX_BUF                             0x20000094   Data         200  usart.o(.bss)
    USART3_RX_BUF                            0x2000015c   Data         600  usart3.o(.bss)
    USART3_TX_BUF                            0x200003b4   Data         600  usart3.o(.bss)
    gizwitsProtocol                          0x2000060c   Data         450  gizwits_protocol.o(.bss)
    pRb                                      0x200007ce   Data          16  gizwits_protocol.o(.bss)
    __libspace_start                         0x2000084c   Data          96  libspace.o(.bss)
    __temporary_stack_top$libspace           0x200008ac   Data           0  libspace.o(.bss)



==============================================================================

Memory Map of the image

  Image Entry point : 0x08000131

  Load Region LR_IROM1 (Base: 0x08000000, Size: 0x000072a0, Max: 0x00040000, ABSOLUTE)

    Execution Region ER_IROM1 (Base: 0x08000000, Size: 0x00007234, Max: 0x00040000, ABSOLUTE)

    Base Addr    Size         Type   Attr      Idx    E Section Name        Object

    0x08000000   0x00000130   Data   RO          359    RESET               startup_stm32f10x_hd.o
    0x08000130   0x00000008   Code   RO          660  * !!!main             c_w.l(__main.o)
    0x08000138   0x00000034   Code   RO          960    !!!scatter          c_w.l(__scatter.o)
    0x0800016c   0x0000001a   Code   RO          962    !!handler_copy      c_w.l(__scatter_copy.o)
    0x08000186   0x00000002   PAD
    0x08000188   0x0000001c   Code   RO          964    !!handler_zi        c_w.l(__scatter_zi.o)
    0x080001a4   0x00000000   Code   RO          647    .ARM.Collect$$_printf_percent$$00000000  c_w.l(_printf_percent.o)
    0x080001a4   0x00000006   Code   RO          715    .ARM.Collect$$_printf_percent$$00000001  c_w.l(_printf_n.o)
    0x080001aa   0x00000006   Code   RO          716    .ARM.Collect$$_printf_percent$$00000002  c_w.l(_printf_p.o)
    0x080001b0   0x00000006   Code   RO          720    .ARM.Collect$$_printf_percent$$00000003  c_w.l(_printf_f.o)
    0x080001b6   0x00000006   Code   RO          721    .ARM.Collect$$_printf_percent$$00000004  c_w.l(_printf_e.o)
    0x080001bc   0x00000006   Code   RO          722    .ARM.Collect$$_printf_percent$$00000005  c_w.l(_printf_g.o)
    0x080001c2   0x00000006   Code   RO          723    .ARM.Collect$$_printf_percent$$00000006  c_w.l(_printf_a.o)
    0x080001c8   0x0000000a   Code   RO          728    .ARM.Collect$$_printf_percent$$00000007  c_w.l(_printf_ll.o)
    0x080001d2   0x00000006   Code   RO          718    .ARM.Collect$$_printf_percent$$00000008  c_w.l(_printf_i.o)
    0x080001d8   0x00000006   Code   RO          646    .ARM.Collect$$_printf_percent$$00000009  c_w.l(_printf_d.o)
    0x080001de   0x00000006   Code   RO          719    .ARM.Collect$$_printf_percent$$0000000A  c_w.l(_printf_u.o)
    0x080001e4   0x00000006   Code   RO          717    .ARM.Collect$$_printf_percent$$0000000B  c_w.l(_printf_o.o)
    0x080001ea   0x00000006   Code   RO          645    .ARM.Collect$$_printf_percent$$0000000C  c_w.l(_printf_x.o)
    0x080001f0   0x00000006   Code   RO          725    .ARM.Collect$$_printf_percent$$0000000D  c_w.l(_printf_lli.o)
    0x080001f6   0x00000006   Code   RO          726    .ARM.Collect$$_printf_percent$$0000000E  c_w.l(_printf_lld.o)
    0x080001fc   0x00000006   Code   RO          727    .ARM.Collect$$_printf_percent$$0000000F  c_w.l(_printf_llu.o)
    0x08000202   0x00000006   Code   RO          732    .ARM.Collect$$_printf_percent$$00000010  c_w.l(_printf_llo.o)
    0x08000208   0x00000006   Code   RO          733    .ARM.Collect$$_printf_percent$$00000011  c_w.l(_printf_llx.o)
    0x0800020e   0x0000000a   Code   RO          729    .ARM.Collect$$_printf_percent$$00000012  c_w.l(_printf_l.o)
    0x08000218   0x00000006   Code   RO          644    .ARM.Collect$$_printf_percent$$00000013  c_w.l(_printf_c.o)
    0x0800021e   0x00000006   Code   RO          714    .ARM.Collect$$_printf_percent$$00000014  c_w.l(_printf_s.o)
    0x08000224   0x00000006   Code   RO          730    .ARM.Collect$$_printf_percent$$00000015  c_w.l(_printf_lc.o)
    0x0800022a   0x00000006   Code   RO          731    .ARM.Collect$$_printf_percent$$00000016  c_w.l(_printf_ls.o)
    0x08000230   0x00000004   Code   RO          724    .ARM.Collect$$_printf_percent$$00000017  c_w.l(_printf_percent_end.o)
    0x08000234   0x00000002   Code   RO          833    .ARM.Collect$$libinit$$00000000  c_w.l(libinit.o)
    0x08000236   0x00000000   Code   RO          835    .ARM.Collect$$libinit$$00000002  c_w.l(libinit2.o)
    0x08000236   0x00000000   Code   RO          837    .ARM.Collect$$libinit$$00000004  c_w.l(libinit2.o)
    0x08000236   0x00000000   Code   RO          840    .ARM.Collect$$libinit$$0000000A  c_w.l(libinit2.o)
    0x08000236   0x00000000   Code   RO          842    .ARM.Collect$$libinit$$0000000C  c_w.l(libinit2.o)
    0x08000236   0x00000000   Code   RO          844    .ARM.Collect$$libinit$$0000000E  c_w.l(libinit2.o)
    0x08000236   0x00000006   Code   RO          845    .ARM.Collect$$libinit$$0000000F  c_w.l(libinit2.o)
    0x0800023c   0x00000000   Code   RO          847    .ARM.Collect$$libinit$$00000011  c_w.l(libinit2.o)
    0x0800023c   0x0000000c   Code   RO          848    .ARM.Collect$$libinit$$00000012  c_w.l(libinit2.o)
    0x08000248   0x00000000   Code   RO          849    .ARM.Collect$$libinit$$00000013  c_w.l(libinit2.o)
    0x08000248   0x00000000   Code   RO          851    .ARM.Collect$$libinit$$00000015  c_w.l(libinit2.o)
    0x08000248   0x0000000a   Code   RO          852    .ARM.Collect$$libinit$$00000016  c_w.l(libinit2.o)
    0x08000252   0x00000000   Code   RO          853    .ARM.Collect$$libinit$$00000017  c_w.l(libinit2.o)
    0x08000252   0x00000000   Code   RO          855    .ARM.Collect$$libinit$$00000019  c_w.l(libinit2.o)
    0x08000252   0x00000000   Code   RO          857    .ARM.Collect$$libinit$$0000001B  c_w.l(libinit2.o)
    0x08000252   0x00000000   Code   RO          859    .ARM.Collect$$libinit$$0000001D  c_w.l(libinit2.o)
    0x08000252   0x00000000   Code   RO          861    .ARM.Collect$$libinit$$0000001F  c_w.l(libinit2.o)
    0x08000252   0x00000000   Code   RO          863    .ARM.Collect$$libinit$$00000021  c_w.l(libinit2.o)
    0x08000252   0x00000000   Code   RO          865    .ARM.Collect$$libinit$$00000023  c_w.l(libinit2.o)
    0x08000252   0x00000000   Code   RO          867    .ARM.Collect$$libinit$$00000025  c_w.l(libinit2.o)
    0x08000252   0x00000000   Code   RO          871    .ARM.Collect$$libinit$$0000002C  c_w.l(libinit2.o)
    0x08000252   0x00000000   Code   RO          873    .ARM.Collect$$libinit$$0000002E  c_w.l(libinit2.o)
    0x08000252   0x00000000   Code   RO          875    .ARM.Collect$$libinit$$00000030  c_w.l(libinit2.o)
    0x08000252   0x00000000   Code   RO          877    .ARM.Collect$$libinit$$00000032  c_w.l(libinit2.o)
    0x08000252   0x00000002   Code   RO          878    .ARM.Collect$$libinit$$00000033  c_w.l(libinit2.o)
    0x08000254   0x00000002   Code   RO          910    .ARM.Collect$$libshutdown$$00000000  c_w.l(libshutdown.o)
    0x08000256   0x00000000   Code   RO          919    .ARM.Collect$$libshutdown$$00000002  c_w.l(libshutdown2.o)
    0x08000256   0x00000000   Code   RO          921    .ARM.Collect$$libshutdown$$00000004  c_w.l(libshutdown2.o)
    0x08000256   0x00000000   Code   RO          924    .ARM.Collect$$libshutdown$$00000007  c_w.l(libshutdown2.o)
    0x08000256   0x00000000   Code   RO          927    .ARM.Collect$$libshutdown$$0000000A  c_w.l(libshutdown2.o)
    0x08000256   0x00000000   Code   RO          929    .ARM.Collect$$libshutdown$$0000000C  c_w.l(libshutdown2.o)
    0x08000256   0x00000000   Code   RO          932    .ARM.Collect$$libshutdown$$0000000F  c_w.l(libshutdown2.o)
    0x08000256   0x00000002   Code   RO          933    .ARM.Collect$$libshutdown$$00000010  c_w.l(libshutdown2.o)
    0x08000258   0x00000000   Code   RO          686    .ARM.Collect$$rtentry$$00000000  c_w.l(__rtentry.o)
    0x08000258   0x00000000   Code   RO          750    .ARM.Collect$$rtentry$$00000002  c_w.l(__rtentry2.o)
    0x08000258   0x00000006   Code   RO          762    .ARM.Collect$$rtentry$$00000004  c_w.l(__rtentry4.o)
    0x0800025e   0x00000000   Code   RO          752    .ARM.Collect$$rtentry$$00000009  c_w.l(__rtentry2.o)
    0x0800025e   0x00000004   Code   RO          753    .ARM.Collect$$rtentry$$0000000A  c_w.l(__rtentry2.o)
    0x08000262   0x00000000   Code   RO          755    .ARM.Collect$$rtentry$$0000000C  c_w.l(__rtentry2.o)
    0x08000262   0x00000008   Code   RO          756    .ARM.Collect$$rtentry$$0000000D  c_w.l(__rtentry2.o)
    0x0800026a   0x00000002   Code   RO          883    .ARM.Collect$$rtexit$$00000000  c_w.l(rtexit.o)
    0x0800026c   0x00000000   Code   RO          890    .ARM.Collect$$rtexit$$00000002  c_w.l(rtexit2.o)
    0x0800026c   0x00000004   Code   RO          891    .ARM.Collect$$rtexit$$00000003  c_w.l(rtexit2.o)
    0x08000270   0x00000006   Code   RO          892    .ARM.Collect$$rtexit$$00000004  c_w.l(rtexit2.o)
    0x08000276   0x00000002   PAD
    0x08000278   0x000000dc   Code   RO            1    .text               main.o
    0x08000354   0x0000001a   Code   RO          162    .text               stm32f10x_it.o
    0x0800036e   0x00000002   PAD
    0x08000370   0x000001e0   Code   RO          203    .text               system_stm32f10x.o
    0x08000550   0x000001ac   Code   RO          221    .text               dht11.o
    0x080006fc   0x00000204   Code   RO          234    .text               timer.o
    0x08000900   0x00000038   Code   RO          253    .text               mq_2.o
    0x08000938   0x000000fc   Code   RO          277    .text               key.o
    0x08000a34   0x000000d4   Code   RO          290    .text               delay.o
    0x08000b08   0x00000354   Code   RO          321    .text               usart.o
    0x08000e5c   0x00000040   Code   RO          360    .text               startup_stm32f10x_hd.o
    0x08000e9c   0x000000dc   Code   RO          364    .text               misc.o
    0x08000f78   0x0000035c   Code   RO          388    .text               stm32f10x_gpio.o
    0x080012d4   0x000003a4   Code   RO          400    .text               stm32f10x_rcc.o
    0x08001678   0x00000408   Code   RO          414    .text               stm32f10x_usart.o
    0x08001a80   0x00000e1a   Code   RO          426    .text               stm32f10x_tim.o
    0x0800289a   0x00000002   PAD
    0x0800289c   0x00000170   Code   RO          462    .text               usart3.o
    0x08002a0c   0x00000228   Code   RO          488    .text               gizwits_product.o
    0x08002c34   0x00001a10   Code   RO          511    .text               gizwits_protocol.o
    0x08004644   0x00000398   Code   RO          533    .text               common.o
    0x080049dc   0x0000034c   Code   RO          549    .text               datapointtools.o
    0x08004d28   0x000001ce   Code   RO          564    .text               ringbuffer.o
    0x08004ef6   0x00000002   Code   RO          581    .text               c_w.l(use_no_semi_2.o)
    0x08004ef8   0x0000001e   Code   RO          583    .text               c_w.l(toupper.o)
    0x08004f16   0x00000002   PAD
    0x08004f18   0x00000024   Code   RO          585    .text               c_w.l(vsprintf.o)
    0x08004f3c   0x00000018   Code   RO          587    .text               c_w.l(__2printf.o)
    0x08004f54   0x0000002c   Code   RO          589    .text               c_w.l(__2sprintf.o)
    0x08004f80   0x0000004e   Code   RO          597    .text               c_w.l(_printf_pad.o)
    0x08004fce   0x00000052   Code   RO          599    .text               c_w.l(_printf_str.o)
    0x08005020   0x00000078   Code   RO          601    .text               c_w.l(_printf_dec.o)
    0x08005098   0x00000094   Code   RO          621    .text               c_w.l(_printf_hex_int_ll_ptr.o)
    0x0800512c   0x00000188   Code   RO          641    .text               c_w.l(__printf_flags_ss_wp.o)
    0x080052b4   0x00000058   Code   RO          648    .text               c_w.l(memcmp.o)
    0x0800530c   0x0000003e   Code   RO          650    .text               c_w.l(strlen.o)
    0x0800534a   0x0000008a   Code   RO          652    .text               c_w.l(rt_memcpy_v6.o)
    0x080053d4   0x00000064   Code   RO          654    .text               c_w.l(rt_memcpy_w.o)
    0x08005438   0x00000044   Code   RO          656    .text               c_w.l(rt_memclr.o)
    0x0800547c   0x00000006   Code   RO          658    .text               c_w.l(heapauxi.o)
    0x08005482   0x00000002   Code   RO          684    .text               c_w.l(use_no_semi.o)
    0x08005484   0x00000010   Code   RO          687    .text               c_w.l(rt_ctype_table.o)
    0x08005494   0x00000024   Code   RO          689    .text               c_w.l(_printf_truncate.o)
    0x080054b8   0x000000b2   Code   RO          691    .text               c_w.l(_printf_intcommon.o)
    0x0800556a   0x00000028   Code   RO          693    .text               c_w.l(_printf_charcount.o)
    0x08005592   0x00000002   PAD
    0x08005594   0x00000030   Code   RO          695    .text               c_w.l(_printf_char_common.o)
    0x080055c4   0x0000000a   Code   RO          697    .text               c_w.l(_sputc.o)
    0x080055ce   0x0000002c   Code   RO          699    .text               c_w.l(_printf_char.o)
    0x080055fa   0x00000002   PAD
    0x080055fc   0x00000024   Code   RO          701    .text               c_w.l(_printf_char_file.o)
    0x08005620   0x000000bc   Code   RO          703    .text               c_w.l(_printf_wctomb.o)
    0x080056dc   0x0000007c   Code   RO          706    .text               c_w.l(_printf_longlong_dec.o)
    0x08005758   0x00000070   Code   RO          712    .text               c_w.l(_printf_oct_int_ll.o)
    0x080057c8   0x0000004e   Code   RO          734    .text               c_w.l(rt_memclr_w.o)
    0x08005816   0x00000002   PAD
    0x08005818   0x00000008   Code   RO          767    .text               c_w.l(rt_locale_intlibspace.o)
    0x08005820   0x0000008a   Code   RO          769    .text               c_w.l(lludiv10.o)
    0x080058aa   0x0000041a   Code   RO          771    .text               c_w.l(_printf_fp_dec.o)
    0x08005cc4   0x000002fc   Code   RO          773    .text               c_w.l(_printf_fp_hex.o)
    0x08005fc0   0x0000002c   Code   RO          778    .text               c_w.l(_printf_wchar.o)
    0x08005fec   0x00000008   Code   RO          780    .text               c_w.l(ferror.o)
    0x08005ff4   0x00000040   Code   RO          784    .text               c_w.l(_wcrtomb.o)
    0x08006034   0x00000008   Code   RO          789    .text               c_w.l(libspace.o)
    0x0800603c   0x0000004a   Code   RO          792    .text               c_w.l(sys_stackheap_outer.o)
    0x08006086   0x00000002   PAD
    0x08006088   0x00000080   Code   RO          794    .text               c_w.l(_printf_fp_infnan.o)
    0x08006108   0x000000dc   Code   RO          796    .text               c_w.l(bigflt0.o)
    0x080061e4   0x00000012   Code   RO          824    .text               c_w.l(exit.o)
    0x080061f6   0x00000002   PAD
    0x080061f8   0x00000080   Code   RO          826    .text               c_w.l(strcmpv7m.o)
    0x08006278   0x0000003e   Code   RO          799    CL$$btod_d2e        c_w.l(btod.o)
    0x080062b6   0x00000046   Code   RO          801    CL$$btod_d2e_denorm_low  c_w.l(btod.o)
    0x080062fc   0x00000060   Code   RO          800    CL$$btod_d2e_norm_op1  c_w.l(btod.o)
    0x0800635c   0x00000338   Code   RO          809    CL$$btod_div_common  c_w.l(btod.o)
    0x08006694   0x000000c6   Code   RO          806    CL$$btod_e2e        c_w.l(btod.o)
    0x0800675a   0x00000028   Code   RO          803    CL$$btod_ediv       c_w.l(btod.o)
    0x08006782   0x00000028   Code   RO          802    CL$$btod_emul       c_w.l(btod.o)
    0x080067aa   0x00000244   Code   RO          808    CL$$btod_mult_common  c_w.l(btod.o)
    0x080069ee   0x00000028   Code   RO          881    i.__ARM_fpclassify  m_ws.l(fpclassify.o)
    0x08006a16   0x0000000e   Code   RO          634    i._is_digit         c_w.l(__printf_wp.o)
    0x08006a24   0x0000002c   Code   RO          787    locale$$code        c_w.l(lc_ctype_c.o)
    0x08006a50   0x0000002c   Code   RO          822    locale$$code        c_w.l(lc_numeric_c.o)
    0x08006a7c   0x000000c4   Code   RO          662    x$fpl$fadd          fz_ws.l(faddsub_clz.o)
    0x08006b40   0x00000184   Code   RO          669    x$fpl$fdiv          fz_ws.l(fdiv.o)
    0x08006cc4   0x0000003e   Code   RO          672    x$fpl$ffixu         fz_ws.l(ffixu.o)
    0x08006d02   0x00000002   PAD
    0x08006d04   0x00000026   Code   RO          676    x$fpl$ffltu         fz_ws.l(fflt_clz.o)
    0x08006d2a   0x00000002   PAD
    0x08006d2c   0x00000102   Code   RO          682    x$fpl$fmul          fz_ws.l(fmul.o)
    0x08006e2e   0x0000008c   Code   RO          736    x$fpl$fnaninf       fz_ws.l(fnaninf.o)
    0x08006eba   0x0000000a   Code   RO          738    x$fpl$fretinf       fz_ws.l(fretinf.o)
    0x08006ec4   0x000000ea   Code   RO          664    x$fpl$fsub          fz_ws.l(faddsub_clz.o)
    0x08006fae   0x00000004   Code   RO          740    x$fpl$printf1       fz_ws.l(printf1.o)
    0x08006fb2   0x00000004   Code   RO          742    x$fpl$printf2       fz_ws.l(printf2.o)
    0x08006fb6   0x00000000   Code   RO          748    x$fpl$usenofp       fz_ws.l(usenofp.o)
    0x08006fb6   0x00000002   PAD
    0x08006fb8   0x00000030   Data   RO          534    .constdata          common.o
    0x08006fe8   0x00000028   Data   RO          622    .constdata          c_w.l(_printf_hex_int_ll_ptr.o)
    0x08007010   0x00000011   Data   RO          642    .constdata          c_w.l(__printf_flags_ss_wp.o)
    0x08007021   0x00000003   PAD
    0x08007024   0x00000008   Data   RO          704    .constdata          c_w.l(_printf_wctomb.o)
    0x0800702c   0x00000026   Data   RO          774    .constdata          c_w.l(_printf_fp_hex.o)
    0x08007052   0x00000002   PAD
    0x08007054   0x00000094   Data   RO          797    .constdata          c_w.l(bigflt0.o)
    0x080070e8   0x00000020   Data   RO          958    Region$$Table       anon$$obj.o
    0x08007108   0x00000110   Data   RO          786    locale$$data        c_w.l(lc_ctype_c.o)
    0x08007218   0x0000001c   Data   RO          821    locale$$data        c_w.l(lc_numeric_c.o)


    Execution Region RW_IRAM1 (Base: 0x20000000, Size: 0x00001ab0, Max: 0x0000c000, ABSOLUTE)

    Base Addr    Size         Type   Attr      Idx    E Section Name        Object

    0x20000000   0x00000014   Data   RW          204    .data               system_stm32f10x.o
    0x20000014   0x00000002   Data   RW          222    .data               dht11.o
    0x20000016   0x00000002   PAD
    0x20000018   0x0000000c   Data   RW          235    .data               timer.o
    0x20000024   0x00000001   Data   RW          278    .data               key.o
    0x20000025   0x00000001   PAD
    0x20000026   0x00000004   Data   RW          291    .data               delay.o
    0x2000002a   0x00000002   PAD
    0x2000002c   0x00000006   Data   RW          323    .data               usart.o
    0x20000032   0x00000014   Data   RW          401    .data               stm32f10x_rcc.o
    0x20000046   0x0000000c   Data   RW          464    .data               usart3.o
    0x20000052   0x00000002   PAD
    0x20000054   0x00000005   Data   RW          489    .data               gizwits_product.o
    0x20000059   0x00000003   PAD
    0x2000005c   0x00000010   Data   RW          513    .data               gizwits_protocol.o
    0x2000006c   0x00000028   Zero   RW            2    .bss                main.o
    0x20000094   0x000000c8   Zero   RW          322    .bss                usart.o
    0x2000015c   0x000004b0   Zero   RW          463    .bss                usart3.o
    0x2000060c   0x0000023e   Zero   RW          512    .bss                gizwits_protocol.o
    0x2000084a   0x00000002   PAD
    0x2000084c   0x00000060   Zero   RW          790    .bss                c_w.l(libspace.o)
    0x200008ac   0x00000004   PAD
    0x200008b0   0x00000200   Zero   RW          358    HEAP                startup_stm32f10x_hd.o
    0x20000ab0   0x00001000   Zero   RW          357    STACK               startup_stm32f10x_hd.o


==============================================================================

Image component sizes


      Code (inc. data)   RO Data    RW Data    ZI Data      Debug   Object Name

       920         10         48          0          0       5597   common.o
       844          0          0          0          0       5378   datapointtools.o
       212         18          0          4          0       1007   delay.o
       428         20          0          2          0       2300   dht11.o
       552        194          0          5          0      18033   gizwits_product.o
      6672       2008          0         16        574      12066   gizwits_protocol.o
       252         12          0          1          0        824   key.o
       220         68          0          0         40     261506   main.o
       220         22          0          0          0       1761   misc.o
        56         10          0          0          0        645   mq_2.o
       462          0          0          0          0       3131   ringbuffer.o
        64         26        304          0       4608        780   startup_stm32f10x_hd.o
       860         38          0          0          0       5697   stm32f10x_gpio.o
        26          0          0          0          0       1162   stm32f10x_it.o
       932         36          0         20          0       8860   stm32f10x_rcc.o
      3610         88          0          0          0      22804   stm32f10x_tim.o
      1032         22          0          0          0       8420   stm32f10x_usart.o
         0          0          0          0          0         32   sys.o
       480         38          0         20          0       1683   system_stm32f10x.o
       516         46          0         12          0       2417   timer.o
       852         38          0          6        200       5049   usart.o
       368         28          0         12       1200       2643   usart3.o

    ----------------------------------------------------------------------
     19582       2722        384        108       6624     371795   Object Totals
         0          0         32          0          0          0   (incl. Generated)
         4          0          0         10          2          0   (incl. Padding)

    ----------------------------------------------------------------------

      Code (inc. data)   RO Data    RW Data    ZI Data      Debug   Library Member Name

        24          4          0          0          0         84   __2printf.o
        44          6          0          0          0         84   __2sprintf.o
         8          0          0          0          0         68   __main.o
       392          4         17          0          0         92   __printf_flags_ss_wp.o
        14          0          0          0          0         68   __printf_wp.o
         0          0          0          0          0          0   __rtentry.o
        12          0          0          0          0          0   __rtentry2.o
         6          0          0          0          0          0   __rtentry4.o
        52          8          0          0          0          0   __scatter.o
        26          0          0          0          0          0   __scatter_copy.o
        28          0          0          0          0          0   __scatter_zi.o
         6          0          0          0          0          0   _printf_a.o
         6          0          0          0          0          0   _printf_c.o
        44          0          0          0          0        108   _printf_char.o
        48          6          0          0          0         96   _printf_char_common.o
        36          4          0          0          0         80   _printf_char_file.o
        40          0          0          0          0         68   _printf_charcount.o
         6          0          0          0          0          0   _printf_d.o
       120         16          0          0          0         92   _printf_dec.o
         6          0          0          0          0          0   _printf_e.o
         6          0          0          0          0          0   _printf_f.o
      1050          0          0          0          0        216   _printf_fp_dec.o
       764          8         38          0          0        100   _printf_fp_hex.o
       128         16          0          0          0         84   _printf_fp_infnan.o
         6          0          0          0          0          0   _printf_g.o
       148          4         40          0          0        160   _printf_hex_int_ll_ptr.o
         6          0          0          0          0          0   _printf_i.o
       178          0          0          0          0         88   _printf_intcommon.o
        10          0          0          0          0          0   _printf_l.o
         6          0          0          0          0          0   _printf_lc.o
        10          0          0          0          0          0   _printf_ll.o
         6          0          0          0          0          0   _printf_lld.o
         6          0          0          0          0          0   _printf_lli.o
         6          0          0          0          0          0   _printf_llo.o
         6          0          0          0          0          0   _printf_llu.o
         6          0          0          0          0          0   _printf_llx.o
       124         16          0          0          0         92   _printf_longlong_dec.o
         6          0          0          0          0          0   _printf_ls.o
         6          0          0          0          0          0   _printf_n.o
         6          0          0          0          0          0   _printf_o.o
       112          8          0          0          0        124   _printf_oct_int_ll.o
         6          0          0          0          0          0   _printf_p.o
        78          0          0          0          0        108   _printf_pad.o
         0          0          0          0          0          0   _printf_percent.o
         4          0          0          0          0          0   _printf_percent_end.o
         6          0          0          0          0          0   _printf_s.o
        82          0          0          0          0         80   _printf_str.o
        36          0          0          0          0         84   _printf_truncate.o
         6          0          0          0          0          0   _printf_u.o
        44          0          0          0          0        108   _printf_wchar.o
       188          6          8          0          0         92   _printf_wctomb.o
         6          0          0          0          0          0   _printf_x.o
        10          0          0          0          0         68   _sputc.o
        64          0          0          0          0         92   _wcrtomb.o
       220          4        148          0          0         96   bigflt0.o
      1910        128          0          0          0        672   btod.o
        18          0          0          0          0         80   exit.o
         8          0          0          0          0         68   ferror.o
         6          0          0          0          0        152   heapauxi.o
        44         10        272          0          0         76   lc_ctype_c.o
        44         10         28          0          0         76   lc_numeric_c.o
         2          0          0          0          0          0   libinit.o
        30          0          0          0          0          0   libinit2.o
         2          0          0          0          0          0   libshutdown.o
         2          0          0          0          0          0   libshutdown2.o
         8          4          0          0         96         68   libspace.o
       138          0          0          0          0         80   lludiv10.o
        88          0          0          0          0         76   memcmp.o
        16          4          0          0          0         76   rt_ctype_table.o
         8          4          0          0          0         68   rt_locale_intlibspace.o
        68          0          0          0          0         68   rt_memclr.o
        78          0          0          0          0         80   rt_memclr_w.o
       138          0          0          0          0         68   rt_memcpy_v6.o
       100          0          0          0          0         80   rt_memcpy_w.o
         2          0          0          0          0          0   rtexit.o
        10          0          0          0          0          0   rtexit2.o
       128          0          0          0          0         68   strcmpv7m.o
        62          0          0          0          0         76   strlen.o
        74          0          0          0          0         80   sys_stackheap_outer.o
        30          0          0          0          0         76   toupper.o
         2          0          0          0          0         68   use_no_semi.o
         2          0          0          0          0         68   use_no_semi_2.o
        36          4          0          0          0         76   vsprintf.o
       430          8          0          0          0        168   faddsub_clz.o
       388         76          0          0          0         96   fdiv.o
        62          4          0          0          0         84   ffixu.o
        38          0          0          0          0         68   fflt_clz.o
       258          4          0          0          0         84   fmul.o
       140          4          0          0          0         84   fnaninf.o
        10          0          0          0          0         68   fretinf.o
         4          0          0          0          0         68   printf1.o
         4          0          0          0          0         68   printf2.o
         0          0          0          0          0          0   usenofp.o
        40          0          0          0          0         68   fpclassify.o

    ----------------------------------------------------------------------
      8714        370        556          0        100       5588   Library Totals
        22          0          5          0          4          0   (incl. Padding)

    ----------------------------------------------------------------------

      Code (inc. data)   RO Data    RW Data    ZI Data      Debug   Library Name

      7318        274        551          0         96       4732   c_w.l
      1334         96          0          0          0        788   fz_ws.l
        40          0          0          0          0         68   m_ws.l

    ----------------------------------------------------------------------
      8714        370        556          0        100       5588   Library Totals

    ----------------------------------------------------------------------

==============================================================================


      Code (inc. data)   RO Data    RW Data    ZI Data      Debug   

     28296       3092        940        108       6724     372439   Grand Totals
     28296       3092        940        108       6724     372439   ELF Image Totals
     28296       3092        940        108          0          0   ROM Totals

==============================================================================

    Total RO  Size (Code + RO Data)                29236 (  28.55kB)
    Total RW  Size (RW Data + ZI Data)              6832 (   6.67kB)
    Total ROM Size (Code + RO Data + RW Data)      29344 (  28.66kB)

==============================================================================

